<html>
<body>
<pre>
<h1>礦ision Build Log</h1>
<h2>Tool Versions:</h2>
IDE-Version: μVision V5.15
Copyright (C) 2015 ARM Ltd and ARM Germany GmbH. All rights reserved.
License Information: rei 微软用户, 微软中国, LIC=6XJJJ-U3K6J-66BQS-LSH1A-FL82U-DAC4F
 
Tool Versions:
Toolchain:       MDK-ARM Professional  Version: 5.15.0
Toolchain Path:  C:\Keil_v5\ARM\ARMCC\Bin
C Compiler:      Armcc.exe V5.05 update 2 (build 169)
Assembler:       Armasm.exe V5.05 update 2 (build 169)
Linker/Locator:  ArmLink.exe V5.05 update 2 (build 169)
Library Manager: ArmAr.exe V5.05 update 2 (build 169)
Hex Converter:   FromElf.exe V5.05 update 2 (build 169)
CPU DLL:         SARMCM3.DLL V5.15.0
Dialog DLL:      DARMSTM.DLL V1.65.0.0
Target DLL:      Segger\JL2CM3.dll V2.99.15.0
Dialog DLL:      TARMSTM.DLL V1.64.0.0
 
<h2>Project:</h2>
E:\STM32F103+M35（TCP发送定位）\STM32F103+M35（TCP发送定位）\Proj\HTTP.uvproj
Project File Date:  07/29/2017

<h2>Output:</h2>
*** Using Compiler 'V5.05 update 2 (build 169)', folder: 'C:\Keil_v5\ARM\ARMCC\Bin'
Build target 'HTTP'
compiling M35.c...
linking...
Program Size: Code=21994 RO-data=782 RW-data=72 ZI-data=1984  
FromELF: creating hex file...
".\Output\http.axf" - 0 Error(s), 0 Warning(s).
</pre>
</body>
</html>
<SCRIPT Language=VBScript><!--

//--></SCRIPT>