Component: ARM Compiler 5.05 update 2 (build 169) Tool: armlink [4d0f33]

==============================================================================

Section Cross References

    stm32f10x_it.o(.text) refers to stm32f10x_usart.o(.text) for USART_GetFlagStatus
    stm32f10x_it.o(.text) refers to stm32f10x_tim.o(.text) for TIM_GetITStatus
    stm32f10x_it.o(.text) refers to stm32f10x_gpio.o(.text) for GPIO_ReadOutputDataBit
    stm32f10x_it.o(.text) refers to dflt_clz.o(x$fpl$dflt) for __aeabi_i2d
    stm32f10x_it.o(.text) refers to dmul.o(x$fpl$dmul) for __aeabi_dmul
    stm32f10x_it.o(.text) refers to ddiv.o(x$fpl$ddiv) for __aeabi_ddiv
    stm32f10x_it.o(.text) refers to daddsub_clz.o(x$fpl$drsb) for __aeabi_drsub
    stm32f10x_it.o(.text) refers to daddsub_clz.o(x$fpl$dadd) for __aeabi_dadd
    stm32f10x_it.o(.text) refers to d2f.o(x$fpl$d2f) for __aeabi_d2f
    stm32f10x_it.o(.text) refers to stm32f10x_it.o(.bss) for M35REBUFStructure
    stm32f10x_it.o(.text) refers to stm32f10x_it.o(.data) for Filter
    stm32f10x_it.o(.text) refers to bsp.o(.data) for ADCConvertedValue
    stm32f10x_it.o(.text) refers to main.o(.data) for httpdata
    main.o(.text) refers to delay.o(.text) for delay_init
    main.o(.text) refers to bsp.o(.text) for NVIC_Configuration
    main.o(.text) refers to bsp_dht11.o(.text) for DHT11_Init
    main.o(.text) refers to m35.o(.text) for M35_Start
    main.o(.text) refers to __2printf.o(.text) for __2printf
    main.o(.text) refers to stm32f10x_it.o(.text) for Usart_SendString
    main.o(.text) refers to strcpy.o(.text) for strcpy
    main.o(.text) refers to strlen.o(.text) for strlen
    main.o(.text) refers to strncpy.o(.text) for strncpy
    main.o(.text) refers to main.o(.bss) for HTTPPostData
    main.o(.text) refers to stm32f10x_it.o(.bss) for M35REBUFStructure
    stm32f10x_rcc.o(.text) refers to stm32f10x_rcc.o(.data) for APBAHBPrescTable
    stm32f10x_usart.o(.text) refers to stm32f10x_rcc.o(.text) for RCC_APB2PeriphResetCmd
    stm32f10x_gpio.o(.text) refers to stm32f10x_rcc.o(.text) for RCC_APB2PeriphResetCmd
    stm32f10x_tim.o(.text) refers to stm32f10x_rcc.o(.text) for RCC_APB2PeriphResetCmd
    stm32f10x_adc.o(.text) refers to stm32f10x_rcc.o(.text) for RCC_APB2PeriphResetCmd
    m35.o(.text) refers to _printf_percent.o(.ARM.Collect$$_printf_percent$$00000000) for _printf_percent
    m35.o(.text) refers to delay.o(.text) for delay_s
    m35.o(.text) refers to bsp.o(.text) for M35_USARTx_Config
    m35.o(.text) refers to strcmpv7m.o(.text) for strcmp
    m35.o(.text) refers to stm32f10x_it.o(.text) for Usart_SendString
    m35.o(.text) refers to __2printf.o(.text) for __2printf
    m35.o(.text) refers to strlen.o(.text) for strlen
    m35.o(.text) refers to strncmp.o(.text) for strncmp
    m35.o(.text) refers to stm32f10x_gpio.o(.text) for GPIO_WriteBit
    m35.o(.text) refers to stm32f10x_it.o(.bss) for M35REBUFStructure
    delay.o(.text) refers to delay.o(.data) for fac_us
    bsp.o(.text) refers (Special) to use_no_semi_2.o(.text) for __use_no_semihosting
    bsp.o(.text) refers to stm32f10x_rcc.o(.text) for RCC_APB1PeriphClockCmd
    bsp.o(.text) refers to stm32f10x_gpio.o(.text) for GPIO_Init
    bsp.o(.text) refers to stm32f10x_usart.o(.text) for USART_Init
    bsp.o(.text) refers to delay.o(.text) for delay_ms
    bsp.o(.text) refers to stm32f10x_tim.o(.text) for TIM_TimeBaseInit
    bsp.o(.text) refers to misc.o(.text) for NVIC_PriorityGroupConfig
    bsp.o(.text) refers to stm32f10x_dma.o(.text) for DMA_DeInit
    bsp.o(.text) refers to stm32f10x_adc.o(.text) for ADC_Init
    bsp.o(.text) refers to bsp.o(.data) for ADCConvertedValue
    bsp.o(.text) refers to c89printf.o(.text) for __c89printf
    bsp.o(.text) refers to stm32f10x_it.o(.bss) for M35REBUFStructure
    bsp.o(.data) refers (Special) to use_no_semi_2.o(.text) for __use_no_semihosting
    bsp_dht11.o(.text) refers to stm32f10x_gpio.o(.text) for GPIO_Init
    bsp_dht11.o(.text) refers to delay.o(.text) for delay_us
    system_stm32f10x.o(.text) refers to system_stm32f10x.o(.data) for SystemCoreClock
    startup_stm32f10x_md.o(STACK) refers (Special) to heapauxi.o(.text) for __use_two_region_memory
    startup_stm32f10x_md.o(HEAP) refers (Special) to heapauxi.o(.text) for __use_two_region_memory
    startup_stm32f10x_md.o(RESET) refers (Special) to heapauxi.o(.text) for __use_two_region_memory
    startup_stm32f10x_md.o(RESET) refers to startup_stm32f10x_md.o(STACK) for __initial_sp
    startup_stm32f10x_md.o(RESET) refers to startup_stm32f10x_md.o(.text) for Reset_Handler
    startup_stm32f10x_md.o(RESET) refers to stm32f10x_it.o(.text) for NMI_Handler
    startup_stm32f10x_md.o(.text) refers (Special) to heapauxi.o(.text) for __use_two_region_memory
    startup_stm32f10x_md.o(.text) refers to system_stm32f10x.o(.text) for SystemInit
    startup_stm32f10x_md.o(.text) refers to __main.o(!!!main) for __main
    startup_stm32f10x_md.o(.text) refers to startup_stm32f10x_md.o(HEAP) for Heap_Mem
[...]
    .text                                    0x08000748   Section        0  stm32f10x_rcc.o(.text)
    .text                                    0x08000aec   Section        0  stm32f10x_usart.o(.text)
    .text                                    0x08000ef4   Section        0  misc.o(.text)
    .text                                    0x08000fd0   Section        0  stm32f10x_gpio.o(.text)
    .text                                    0x0800132c   Section        0  stm32f10x_tim.o(.text)
    TI4_Config                               0x080017d3   Thumb Code   130  stm32f10x_tim.o(.text)
    TI3_Config                               0x08001867   Thumb Code   122  stm32f10x_tim.o(.text)
    TI2_Config                               0x080018fb   Thumb Code   130  stm32f10x_tim.o(.text)
    TI1_Config                               0x0800198f   Thumb Code   108  stm32f10x_tim.o(.text)
    .text                                    0x08002148   Section        0  stm32f10x_adc.o(.text)
    .text                                    0x08002598   Section        0  stm32f10x_dma.o(.text)
    .text                                    0x080027ec   Section        0  m35.o(.text)
    .text                                    0x08002d6c   Section        0  delay.o(.text)
    .text                                    0x08002e38   Section        0  bsp.o(.text)
    .text                                    0x080032c4   Section        0  bsp_dht11.o(.text)
    DHT11_GPIO_Config                        0x080032c5   Thumb Code    30  bsp_dht11.o(.text)
    DHT11_Mode_IPU                           0x080032f3   Thumb Code    24  bsp_dht11.o(.text)
    DHT11_Mode_Out_PP                        0x0800330b   Thumb Code    30  bsp_dht11.o(.text)
    DHT11_ReadByte                           0x08003329   Thumb Code    90  bsp_dht11.o(.text)
    .text                                    0x08003420   Section        0  system_stm32f10x.o(.text)
    SetSysClockTo72                          0x08003421   Thumb Code   214  system_stm32f10x.o(.text)
    SetSysClock                              0x080034f7   Thumb Code     8  system_stm32f10x.o(.text)
    .text                                    0x08003600   Section       64  startup_stm32f10x_md.o(.text)
    .text                                    0x08003640   Section        2  use_no_semi_2.o(.text)
    .text                                    0x08003644   Section        0  c89printf.o(.text)
    .text                                    0x0800365c   Section        0  __2printf.o(.text)
    .text                                    0x08003674   Section        0  __printf_flags_ss_wp.o(.text)
    .text                                    0x080037fc   Section        0  strcpy.o(.text)
    .text                                    0x08003844   Section        0  strlen.o(.text)
    .text                                    0x08003882   Section        0  strncmp.o(.text)
    .text                                    0x08003918   Section       86  strncpy.o(.text)
    .text                                    0x08003970   Section      128  strcmpv7m.o(.text)
    .text                                    0x080039f0   Section        0  heapauxi.o(.text)
    .text                                    0x080039f6   Section        2  use_no_semi.o(.text)
    .text                                    0x080039f8   Section        0  _printf_pad.o(.text)
    .text                                    0x08003a46   Section        0  _printf_truncate.o(.text)
    .text                                    0x08003a6a   Section        0  _printf_str.o(.text)
    .text                                    0x08003abc   Section        0  _printf_dec.o(.text)
    .text                                    0x08003b34   Section        0  _printf_charcount.o(.text)
    .text                                    0x08003b5c   Section        0  _printf_char_file.o(.text)
    .text                                    0x08003b80   Section        0  _printf_wctomb.o(.text)
    .text                                    0x08003c3c   Section        0  _printf_longlong_dec.o(.text)
    .text                                    0x08003cb8   Section        0  _printf_oct_int_ll.o(.text)
    _printf_longlong_oct_internal            0x08003cb9   Thumb Code     0  _printf_oct_int_ll.o(.text)
    .text                                    0x08003d28   Section        0  _printf_hex_int_ll_ptr.o(.text)
    _printf_hex_common                       0x08003d29   Thumb Code     0  _printf_hex_int_ll_ptr.o(.text)
    .text                                    0x08003dbc   Section       68  rt_memclr.o(.text)
    .text                                    0x08003e00   Section      138  lludiv10.o(.text)
    .text                                    0x08003e8a   Section        0  _printf_intcommon.o(.text)
    .text                                    0x08003f3c   Section        0  _printf_fp_dec.o(.text)
    _fp_digits                               0x08003f3f   Thumb Code   428  _printf_fp_dec.o(.text)
    .text                                    0x08004358   Section        0  _printf_char_common.o(.text)
    _printf_input_char                       0x08004359   Thumb Code    10  _printf_char_common.o(.text)
    .text                                    0x08004388   Section        0  _printf_char.o(.text)
    .text                                    0x080043b4   Section        0  _printf_wchar.o(.text)
    .text                                    0x080043e0   Section        0  ferror.o(.text)
    .text                                    0x080043e8   Section        0  _wcrtomb.o(.text)
    .text                                    0x08004428   Section       78  rt_memclr_w.o(.text)
    .text                                    0x08004476   Section       74  sys_stackheap_outer.o(.text)
    .text                                    0x080044c0   Section       16  rt_ctype_table.o(.text)
    .text                                    0x080044d0   Section        8  rt_locale_intlibspace.o(.text)
    .text                                    0x080044d8   Section        0  _printf_fp_infnan.o(.text)
    .text                                    0x08004558   Section        0  bigflt0.o(.text)
    .text                                    0x08004634   Section        0  exit.o(.text)
    .text                                    0x08004640   Section        8  libspace.o(.text)
    CL$$btod_d2e                             0x08004648   Section       62  btod.o(CL$$btod_d2e)
    CL$$btod_d2e_denorm_low                  0x08004686   Section       70  btod.o(CL$$btod_d2e_denorm_low)
    CL$$btod_d2e_norm_op1                    0x080046cc   Section       96  btod.o(CL$$btod_d2e_norm_op1)
    CL$$btod_div_common                      0x0800472c   Section      824  btod.o(CL$$btod_div_common)
    CL$$btod_e2e                             0x08004a64   Section      198  btod.o(CL$$btod_e2e)
    CL$$btod_ediv                            0x08004b2a   Section       40  btod.o(CL$$btod_ediv)
    CL$$btod_emul                            0x08004b52   Section       40  btod.o(CL$$btod_emul)
    CL$$btod_mult_common                     0x08004b7a   Section      580  btod.o(CL$$btod_mult_common)
    i.__ARM_fpclassify                       0x08004dbe   Section        0  fpclassify.o(i.__ARM_fpclassify)
    i._is_digit                              0x08004de6   Section        0  __printf_wp.o(i._is_digit)
    locale$$code                             0x08004df4   Section       44  lc_numeric_c.o(locale$$code)
    locale$$code                             0x08004e20   Section       44  lc_ctype_c.o(locale$$code)
    x$fpl$d2f                                0x08004e4c   Section       98  d2f.o(x$fpl$d2f)
    x$fpl$dadd                               0x08004eb0   Section      336  daddsub_clz.o(x$fpl$dadd)
    _dadd1                                   0x08004ec1   Thumb Code     0  daddsub_clz.o(x$fpl$dadd)
    x$fpl$ddiv                               0x08005000   Section      688  ddiv.o(x$fpl$ddiv)
    ddiv_entry                               0x08005007   Thumb Code     0  ddiv.o(x$fpl$ddiv)
    x$fpl$dflt                               0x080052b0   Section       46  dflt_clz.o(x$fpl$dflt)
    x$fpl$dmul                               0x080052e0   Section      340  dmul.o(x$fpl$dmul)
    x$fpl$dnaninf                            0x08005434   Section      156  dnaninf.o(x$fpl$dnaninf)
    x$fpl$dretinf                            0x080054d0   Section       12  dretinf.o(x$fpl$dretinf)
    x$fpl$drsb                               0x080054dc   Section       22  daddsub_clz.o(x$fpl$drsb)
    x$fpl$dsub                               0x080054f4   Section      468  daddsub_clz.o(x$fpl$dsub)
    _dsub1                                   0x08005505   Thumb Code     0  daddsub_clz.o(x$fpl$dsub)
    x$fpl$fretinf                            0x080056c8   Section       10  fretinf.o(x$fpl$fretinf)
    x$fpl$printf1                            0x080056d2   Section        4  printf1.o(x$fpl$printf1)
    .constdata                               0x080056d6   Section       17  __printf_flags_ss_wp.o(.constdata)
    x$fpl$usenofp                            0x080056d6   Section        0  usenofp.o(x$fpl$usenofp)
    maptable                                 0x080056d6   Data          17  __printf_flags_ss_wp.o(.constdata)
    .constdata                               0x080056e8   Section        8  _printf_wctomb.o(.constdata)
    initial_mbstate                          0x080056e8   Data           8  _printf_wctomb.o(.constdata)
    .constdata                               0x080056f0   Section       40  _printf_hex_int_ll_ptr.o(.constdata)
    uc_hextab                                0x080056f0   Data          20  _printf_hex_int_ll_ptr.o(.constdata)
    lc_hextab                                0x08005704   Data          20  _printf_hex_int_ll_ptr.o(.constdata)
    .constdata                               0x08005718   Section      148  bigflt0.o(.constdata)
    tenpwrs_x                                0x08005718   Data          60  bigflt0.o(.constdata)
    tenpwrs_i                                0x08005754   Data          64  bigflt0.o(.constdata)
    locale$$data                             0x080057cc   Section       28  lc_numeric_c.o(locale$$data)
    __lcnum_c_name                           0x080057d0   Data           2  lc_numeric_c.o(locale$$data)
    __lcnum_c_start                          0x080057d8   Data           0  lc_numeric_c.o(locale$$data)
    __lcnum_c_point                          0x080057e4   Data           0  lc_numeric_c.o(locale$$data)
    __lcnum_c_thousands                      0x080057e6   Data           0  lc_numeric_c.o(locale$$data)
    __lcnum_c_grouping                       0x080057e7   Data           0  lc_numeric_c.o(locale$$data)
    locale$$data                             0x080057e8   Section      272  lc_ctype_c.o(locale$$data)
    __lcnum_c_end                            0x080057e8   Data           0  lc_numeric_c.o(locale$$data)
    __lcctype_c_name                         0x080057ec   Data           2  lc_ctype_c.o(locale$$data)
    __lcctype_c_start                        0x080057f4   Data           0  lc_ctype_c.o(locale$$data)
    __lcctype_c_end                          0x080058f8   Data           0  lc_ctype_c.o(locale$$data)
    .data                                    0x20000000   Section        6  stm32f10x_it.o(.data)
    .data                                    0x20000008   Section        9  main.o(.data)
    .data                                    0x20000011   Section       20  stm32f10x_rcc.o(.data)
    APBAHBPrescTable                         0x20000011   Data          16  stm32f10x_rcc.o(.data)
    ADCPrescTable                            0x20000021   Data           4  stm32f10x_rcc.o(.data)
    .data                                    0x20000026   Section        4  delay.o(.data)
    fac_us                                   0x20000026   Data           1  delay.o(.data)
    fac_ms                                   0x20000028   Data           2  delay.o(.data)
    .data                                    0x2000002c   Section        8  bsp.o(.data)
    .data                                    0x20000034   Section       20  system_stm32f10x.o(.data)
    .bss                                     0x20000048   Section      257  stm32f10x_it.o(.bss)
    .bss                                     0x20000149   Section       90  main.o(.bss)
    .bss                                     0x200001a4   Section       96  libspace.o(.bss)
    HEAP                                     0x20000208   Section      512  startup_stm32f10x_md.o(HEAP)
    Heap_Mem                                 0x20000208   Data         512  startup_stm32f10x_md.o(HEAP)
    STACK                                    0x20000408   Section     1024  startup_stm32f10x_md.o(STACK)
    Stack_Mem                                0x20000408   Data        1024  startup_stm32f10x_md.o(STACK)
    __initial_sp                             0x20000808   Data           0  startup_stm32f10x_md.o(STACK)

    Global Symbols

    Symbol Name                              Value     Ov Type        Size  Object(Section)

    BuildAttributes$$THM_ISAv4$P$D$K$B$S$PE$A:L22UL41UL21$X:L11$S22US41US21$IEEE1$IW$USESV6$~STKCKD$USESV7$~SHL$OTIME$ROPI$IEEEJ$EBA8$UX$STANDARDLIB$REQ8$PRES8$EABIv2 0x00000000   Number         0  anon$$obj.o ABSOLUTE
    __ARM_use_no_argv                        0x00000000   Number         0  main.o ABSOLUTE
    _printf_flags                            0x00000000   Number         0  printf_stubs.o ABSOLUTE
    _printf_return_value                     0x00000000   Number         0  printf_stubs.o ABSOLUTE
    _printf_sizespec                         0x00000000   Number         0  printf_stubs.o ABSOLUTE
    _printf_widthprec                        0x00000000   Number         0  printf_stubs.o ABSOLUTE
    __ARM_exceptions_init                     - Undefined Weak Reference
    __alloca_initialize                       - Undefined Weak Reference
    __arm_preinit_                            - Undefined Weak Reference
    __cpp_initialize__aeabi_                  - Undefined Weak Reference
    __cxa_finalize                            - Undefined Weak Reference
    __sigvec_lookup                           - Undefined Weak Reference
    _atexit_init                              - Undefined Weak Reference
    _call_atexit_fns                          - Undefined Weak Reference
    _clock_init                               - Undefined Weak Reference
    _fp_trap_init                             - Undefined Weak Reference
    _fp_trap_shutdown                         - Undefined Weak Reference
    _get_lc_collate                           - Undefined Weak Reference
    _get_lc_monetary                          - Undefined Weak Reference
    _get_lc_time                              - Undefined Weak Reference
    _getenv_init                              - Undefined Weak Reference
    _handle_redirection                       - Undefined Weak Reference
    _init_alloc                               - Undefined Weak Reference
    _init_user_alloc                          - Undefined Weak Reference
    _initio                                   - Undefined Weak Reference
    _mutex_acquire                            - Undefined Weak Reference
    _mutex_release                            - Undefined Weak Reference
    _printf_fp_hex                            - Undefined Weak Reference
    _printf_mbtowc                            - Undefined Weak Reference
    _printf_wc                                - Undefined Weak Reference
    _rand_init                                - Undefined Weak Reference
    _signal_finish                            - Undefined Weak Reference
    _signal_init                              - Undefined Weak Reference
    _terminate_alloc                          - Undefined Weak Reference
    _terminate_user_alloc                     - Undefined Weak Reference
    _terminateio                              - Undefined Weak Reference
    __Vectors_Size                           0x000000ec   Number         0  startup_stm32f10x_md.o ABSOLUTE
    __Vectors                                0x08000000   Data           4  startup_stm32f10x_md.o(RESET)
    __Vectors_End                            0x080000ec   Data           0  startup_stm32f10x_md.o(RESET)
    __main                                   0x080000ed   Thumb Code     8  __main.o(!!!main)
    __scatterload                            0x080000f5   Thumb Code     0  __scatter.o(!!!scatter)
    __scatterload_rt2                        0x080000f5   Thumb Code    44  __scatter.o(!!!scatter)
    __scatterload_rt2_thumb_only             0x080000f5   Thumb Code     0  __scatter.o(!!!scatter)
    __scatterload_null                       0x08000103   Thumb Code     0  __scatter.o(!!!scatter)
    __scatterload_copy                       0x08000129   Thumb Code    26  __scatter_copy.o(!!handler_copy)
    __scatterload_zeroinit                   0x08000145   Thumb Code    28  __scatter_zi.o(!!handler_zi)
    _printf_n                                0x08000161   Thumb Code     0  _printf_n.o(.ARM.Collect$$_printf_percent$$00000001)
    _printf_percent                          0x08000161   Thumb Code     0  _printf_percent.o(.ARM.Collect$$_printf_percent$$00000000)
    _printf_p                                0x08000167   Thumb Code     0  _printf_p.o(.ARM.Collect$$_printf_percent$$00000002)
    _printf_f                                0x0800016d   Thumb Code     0  _printf_f.o(.ARM.Collect$$_printf_percent$$00000003)
    _printf_e                                0x08000173   Thumb Code     0  _printf_e.o(.ARM.Collect$$_printf_percent$$00000004)
    _printf_g                                0x08000179   Thumb Code     0  _printf_g.o(.ARM.Collect$$_printf_percent$$00000005)
    _printf_a                                0x0800017f   Thumb Code     0  _printf_a.o(.ARM.Collect$$_printf_percent$$00000006)
    _printf_ll                               0x08000185   Thumb Code     0  _printf_ll.o(.ARM.Collect$$_printf_percent$$00000007)
    _printf_i                                0x0800018f   Thumb Code     0  _printf_i.o(.ARM.Collect$$_printf_percent$$00000008)
    _printf_d                                0x08000195   Thumb Code     0  _printf_d.o(.ARM.Collect$$_printf_percent$$00000009)
    _printf_u                                0x0800019b   Thumb Code     0  _printf_u.o(.ARM.Collect$$_printf_percent$$0000000A)
    _printf_o                                0x080001a1   Thumb Code     0  _printf_o.o(.ARM.Collect$$_printf_percent$$0000000B)
    _printf_x                                0x080001a7   Thumb Code     0  _printf_x.o(.ARM.Collect$$_printf_percent$$0000000C)
    _printf_lli                              0x080001ad   Thumb Code     0  _printf_lli.o(.ARM.Collect$$_printf_percent$$0000000D)
    _printf_lld                              0x080001b3   Thumb Code     0  _printf_lld.o(.ARM.Collect$$_printf_percent$$0000000E)
    _printf_llu                              0x080001b9   Thumb Code     0  _printf_llu.o(.ARM.Collect$$_printf_percent$$0000000F)
    _printf_llo                              0x080001bf   Thumb Code     0  _printf_llo.o(.ARM.Collect$$_printf_percent$$00000010)
    _printf_llx                              0x080001c5   Thumb Code     0  _printf_llx.o(.ARM.Collect$$_printf_percent$$00000011)
    _printf_l                                0x080001cb   Thumb Code     0  _printf_l.o(.ARM.Collect$$_printf_percent$$00000012)
    _printf_c                                0x080001d5   Thumb Code     0  _printf_c.o(.ARM.Collect$$_printf_percent$$00000013)
    _printf_s                                0x080001db   Thumb Code     0  _printf_s.o(.ARM.Collect$$_printf_percent$$00000014)
    _printf_lc                               0x080001e1   Thumb Code     0  _printf_lc.o(.ARM.Collect$$_printf_percent$$00000015)
    _printf_ls                               0x080001e7   Thumb Code     0  _printf_ls.o(.ARM.Collect$$_printf_percent$$00000016)
    _printf_percent_end                      0x080001ed   Thumb Code     0  _printf_percent_end.o(.ARM.Collect$$_printf_percent$$00000017)
    __rt_lib_init                            0x080001f1   Thumb Code     0  libinit.o(.ARM.Collect$$libinit$$00000000)
    __rt_lib_init_fp_1                       0x080001f3   Thumb Code     0  libinit2.o(.ARM.Collect$$libinit$$00000002)
    __rt_lib_init_heap_1                     0x080001f3   Thumb Code     0  libinit2.o(.ARM.Collect$$libinit$$0000000A)
    __rt_lib_init_lc_common                  0x080001f3   Thumb Code     0  libinit2.o(.ARM.Collect$$libinit$$0000000F)
    __rt_lib_init_preinit_1                  0x080001f3   Thumb Code     0  libinit2.o(.ARM.Collect$$libinit$$00000004)
    __rt_lib_init_rand_1                     0x080001f3   Thumb Code     0  libinit2.o(.ARM.Collect$$libinit$$0000000E)
    __rt_lib_init_user_alloc_1               0x080001f3   Thumb Code     0  libinit2.o(.ARM.Collect$$libinit$$0000000C)
    __rt_lib_init_lc_collate_1               0x080001f9   Thumb Code     0  libinit2.o(.ARM.Collect$$libinit$$00000011)
    __rt_lib_init_lc_ctype_2                 0x080001f9   Thumb Code     0  libinit2.o(.ARM.Collect$$libinit$$00000012)
    __rt_lib_init_lc_ctype_1                 0x08000205   Thumb Code     0  libinit2.o(.ARM.Collect$$libinit$$00000013)
    __rt_lib_init_lc_monetary_1              0x08000205   Thumb Code     0  libinit2.o(.ARM.Collect$$libinit$$00000015)
    __rt_lib_init_lc_numeric_2               0x08000205   Thumb Code     0  libinit2.o(.ARM.Collect$$libinit$$00000016)
    __rt_lib_init_alloca_1                   0x0800020f   Thumb Code     0  libinit2.o(.ARM.Collect$$libinit$$0000002E)
    __rt_lib_init_argv_1                     0x0800020f   Thumb Code     0  libinit2.o(.ARM.Collect$$libinit$$0000002C)
    __rt_lib_init_atexit_1                   0x0800020f   Thumb Code     0  libinit2.o(.ARM.Collect$$libinit$$0000001B)
    __rt_lib_init_clock_1                    0x0800020f   Thumb Code     0  libinit2.o(.ARM.Collect$$libinit$$00000021)
    __rt_lib_init_cpp_1                      0x0800020f   Thumb Code     0  libinit2.o(.ARM.Collect$$libinit$$00000032)
    __rt_lib_init_exceptions_1               0x0800020f   Thumb Code     0  libinit2.o(.ARM.Collect$$libinit$$00000030)
    __rt_lib_init_fp_trap_1                  0x0800020f   Thumb Code     0  libinit2.o(.ARM.Collect$$libinit$$0000001F)
    __rt_lib_init_getenv_1                   0x0800020f   Thumb Code     0  libinit2.o(.ARM.Collect$$libinit$$00000023)
    __rt_lib_init_lc_numeric_1               0x0800020f   Thumb Code     0  libinit2.o(.ARM.Collect$$libinit$$00000017)
    __rt_lib_init_lc_time_1                  0x0800020f   Thumb Code     0  libinit2.o(.ARM.Collect$$libinit$$00000019)
    __rt_lib_init_return                     0x0800020f   Thumb Code     0  libinit2.o(.ARM.Collect$$libinit$$00000033)
    __rt_lib_init_signal_1                   0x0800020f   Thumb Code     0  libinit2.o(.ARM.Collect$$libinit$$0000001D)
    __rt_lib_init_stdio_1                    0x0800020f   Thumb Code     0  libinit2.o(.ARM.Collect$$libinit$$00000025)
    __rt_lib_shutdown                        0x08000211   Thumb Code     0  libshutdown.o(.ARM.Collect$$libshutdown$$00000000)
    __rt_lib_shutdown_fp_trap_1              0x08000213   Thumb Code     0  libshutdown2.o(.ARM.Collect$$libshutdown$$00000006)
    __rt_lib_shutdown_heap_1                 0x08000213   Thumb Code     0  libshutdown2.o(.ARM.Collect$$libshutdown$$0000000E)
    __rt_lib_shutdown_return                 0x08000213   Thumb Code     0  libshutdown2.o(.ARM.Collect$$libshutdown$$0000000F)
    __rt_lib_shutdown_signal_1               0x08000213   Thumb Code     0  libshutdown2.o(.ARM.Collect$$libshutdown$$00000009)
    __rt_lib_shutdown_stdio_1                0x08000213   Thumb Code     0  libshutdown2.o(.ARM.Collect$$libshutdown$$00000003)
    __rt_lib_shutdown_user_alloc_1           0x08000213   Thumb Code     0  libshutdown2.o(.ARM.Collect$$libshutdown$$0000000B)
    __rt_entry                               0x08000215   Thumb Code     0  __rtentry.o(.ARM.Collect$$rtentry$$00000000)
    __rt_entry_presh_1                       0x08000215   Thumb Code     0  __rtentry2.o(.ARM.Collect$$rtentry$$00000002)
    __rt_entry_sh                            0x08000215   Thumb Code     0  __rtentry4.o(.ARM.Collect$$rtentry$$00000004)
    __rt_entry_li                            0x0800021b   Thumb Code     0  __rtentry2.o(.ARM.Collect$$rtentry$$0000000A)
    __rt_entry_postsh_1                      0x0800021b   Thumb Code     0  __rtentry2.o(.ARM.Collect$$rtentry$$00000009)
    __rt_entry_main                          0x0800021f   Thumb Code     0  __rtentry2.o(.ARM.Collect$$rtentry$$0000000D)
    __rt_entry_postli_1                      0x0800021f   Thumb Code     0  __rtentry2.o(.ARM.Collect$$rtentry$$0000000C)
    __rt_exit                                0x08000227   Thumb Code     0  rtexit.o(.ARM.Collect$$rtexit$$00000000)
    __rt_exit_ls                             0x08000229   Thumb Code     0  rtexit2.o(.ARM.Collect$$rtexit$$00000003)
    __rt_exit_prels_1                        0x08000229   Thumb Code     0  rtexit2.o(.ARM.Collect$$rtexit$$00000002)
    __rt_exit_exit                           0x0800022d   Thumb Code     0  rtexit2.o(.ARM.Collect$$rtexit$$00000004)
    NMI_Handler                              0x08000235   Thumb Code     2  stm32f10x_it.o(.text)
    HardFault_Handler                        0x08000237   Thumb Code     4  stm32f10x_it.o(.text)
    MemManage_Handler                        0x0800023b   Thumb Code     4  stm32f10x_it.o(.text)
    BusFault_Handler                         0x0800023f   Thumb Code     4  stm32f10x_it.o(.text)
    UsageFault_Handler                       0x08000243   Thumb Code     4  stm32f10x_it.o(.text)
    SVC_Handler                              0x08000247   Thumb Code     2  stm32f10x_it.o(.text)
    DebugMon_Handler                         0x08000249   Thumb Code     2  stm32f10x_it.o(.text)
    PendSV_Handler                           0x0800024b   Thumb Code     2  stm32f10x_it.o(.text)
    SysTick_Handler                          0x0800024d   Thumb Code     2  stm32f10x_it.o(.text)
    USART1_IRQHandler                        0x0800024f   Thumb Code   100  stm32f10x_it.o(.text)
    USART3_IRQHandler                        0x080002b3   Thumb Code   100  stm32f10x_it.o(.text)
    TIM2_IRQHandler                          0x08000317   Thumb Code    22  stm32f10x_it.o(.text)
    TIM3_IRQHandler                          0x0800032d   Thumb Code   198  stm32f10x_it.o(.text)
    Usart_SendStr_length                     0x08000411   Thumb Code    32  stm32f10x_it.o(.text)
    Usart_SendString                         0x08000431   Thumb Code    28  stm32f10x_it.o(.text)
    main                                     0x08000485   Thumb Code   394  main.o(.text)
    RCC_DeInit                               0x08000749   Thumb Code    64  stm32f10x_rcc.o(.text)
    RCC_HSEConfig                            0x08000789   Thumb Code    70  stm32f10x_rcc.o(.text)
    RCC_GetFlagStatus                        0x080007cf   Thumb Code    56  stm32f10x_rcc.o(.text)
    RCC_WaitForHSEStartUp                    0x08000807   Thumb Code    56  stm32f10x_rcc.o(.text)
    RCC_AdjustHSICalibrationValue            0x0800083f   Thumb Code    20  stm32f10x_rcc.o(.text)
    RCC_HSICmd                               0x08000853   Thumb Code     6  stm32f10x_rcc.o(.text)
    RCC_PLLConfig                            0x08000859   Thumb Code    24  stm32f10x_rcc.o(.text)
    RCC_PLLCmd                               0x08000871   Thumb Code     6  stm32f10x_rcc.o(.text)
    RCC_SYSCLKConfig                         0x08000877   Thumb Code    18  stm32f10x_rcc.o(.text)
    RCC_GetSYSCLKSource                      0x08000889   Thumb Code    10  stm32f10x_rcc.o(.text)
    RCC_HCLKConfig                           0x08000893   Thumb Code    18  stm32f10x_rcc.o(.text)
    RCC_PCLK1Config                          0x080008a5   Thumb Code    18  stm32f10x_rcc.o(.text)
    RCC_PCLK2Config                          0x080008b7   Thumb Code    20  stm32f10x_rcc.o(.text)
    RCC_ITConfig                             0x080008cb   Thumb Code    26  stm32f10x_rcc.o(.text)
    RCC_USBCLKConfig                         0x080008e5   Thumb Code     8  stm32f10x_rcc.o(.text)
    RCC_ADCCLKConfig                         0x080008ed   Thumb Code    18  stm32f10x_rcc.o(.text)
    RCC_LSEConfig                            0x080008ff   Thumb Code    50  stm32f10x_rcc.o(.text)
    RCC_LSICmd                               0x08000931   Thumb Code     6  stm32f10x_rcc.o(.text)
    RCC_RTCCLKConfig                         0x08000937   Thumb Code    12  stm32f10x_rcc.o(.text)
    RCC_RTCCLKCmd                            0x08000943   Thumb Code     8  stm32f10x_rcc.o(.text)
    RCC_GetClocksFreq                        0x0800094b   Thumb Code   192  stm32f10x_rcc.o(.text)
    RCC_AHBPeriphClockCmd                    0x08000a0b   Thumb Code    26  stm32f10x_rcc.o(.text)
    RCC_APB2PeriphClockCmd                   0x08000a25   Thumb Code    26  stm32f10x_rcc.o(.text)
    RCC_APB1PeriphClockCmd                   0x08000a3f   Thumb Code    26  stm32f10x_rcc.o(.text)
    RCC_APB2PeriphResetCmd                   0x08000a59   Thumb Code    26  stm32f10x_rcc.o(.text)
    RCC_APB1PeriphResetCmd                   0x08000a73   Thumb Code    26  stm32f10x_rcc.o(.text)
    RCC_BackupResetCmd                       0x08000a8d   Thumb Code     8  stm32f10x_rcc.o(.text)
    RCC_ClockSecuritySystemCmd               0x08000a95   Thumb Code     6  stm32f10x_rcc.o(.text)
    RCC_MCOConfig                            0x08000a9b   Thumb Code     6  stm32f10x_rcc.o(.text)
    RCC_ClearFlag                            0x08000aa1   Thumb Code    14  stm32f10x_rcc.o(.text)
    RCC_GetITStatus                          0x08000aaf   Thumb Code    20  stm32f10x_rcc.o(.text)
    RCC_ClearITPendingBit                    0x08000ac3   Thumb Code     6  stm32f10x_rcc.o(.text)
    USART_DeInit                             0x08000aed   Thumb Code   134  stm32f10x_usart.o(.text)
    USART_Init                               0x08000b73   Thumb Code   210  stm32f10x_usart.o(.text)
    USART_StructInit                         0x08000c45   Thumb Code    24  stm32f10x_usart.o(.text)
    USART_ClockInit                          0x08000c5d   Thumb Code    34  stm32f10x_usart.o(.text)
    USART_ClockStructInit                    0x08000c7f   Thumb Code    12  stm32f10x_usart.o(.text)
    USART_Cmd                                0x08000c8b   Thumb Code    24  stm32f10x_usart.o(.text)
    USART_ITConfig                           0x08000ca3   Thumb Code    74  stm32f10x_usart.o(.text)
    USART_DMACmd                             0x08000ced   Thumb Code    18  stm32f10x_usart.o(.text)
    USART_SetAddress                         0x08000cff   Thumb Code    18  stm32f10x_usart.o(.text)
    USART_WakeUpConfig                       0x08000d11   Thumb Code    18  stm32f10x_usart.o(.text)
    USART_ReceiverWakeUpCmd                  0x08000d23   Thumb Code    24  stm32f10x_usart.o(.text)
    USART_LINBreakDetectLengthConfig         0x08000d3b   Thumb Code    18  stm32f10x_usart.o(.text)
    USART_LINCmd                             0x08000d4d   Thumb Code    24  stm32f10x_usart.o(.text)
    USART_SendData                           0x08000d65   Thumb Code     8  stm32f10x_usart.o(.text)
    USART_ReceiveData                        0x08000d6d   Thumb Code    10  stm32f10x_usart.o(.text)
    USART_SendBreak                          0x08000d77   Thumb Code    10  stm32f10x_usart.o(.text)
    USART_SetGuardTime                       0x08000d81   Thumb Code    16  stm32f10x_usart.o(.text)
    USART_SetPrescaler                       0x08000d91   Thumb Code    16  stm32f10x_usart.o(.text)
    USART_SmartCardCmd                       0x08000da1   Thumb Code    24  stm32f10x_usart.o(.text)
    USART_SmartCardNACKCmd                   0x08000db9   Thumb Code    24  stm32f10x_usart.o(.text)
    USART_HalfDuplexCmd                      0x08000dd1   Thumb Code    24  stm32f10x_usart.o(.text)
    USART_OverSampling8Cmd                   0x08000de9   Thumb Code    22  stm32f10x_usart.o(.text)
    USART_OneBitMethodCmd                    0x08000dff   Thumb Code    24  stm32f10x_usart.o(.text)
    USART_IrDAConfig                         0x08000e17   Thumb Code    18  stm32f10x_usart.o(.text)
    USART_IrDACmd                            0x08000e29   Thumb Code    24  stm32f10x_usart.o(.text)
    USART_GetFlagStatus                      0x08000e41   Thumb Code    26  stm32f10x_usart.o(.text)
    USART_ClearFlag                          0x08000e5b   Thumb Code    18  stm32f10x_usart.o(.text)
    USART_GetITStatus                        0x08000e6d   Thumb Code    84  stm32f10x_usart.o(.text)
    USART_ClearITPendingBit                  0x08000ec1   Thumb Code    52  stm32f10x_usart.o(.text)
    NVIC_PriorityGroupConfig                 0x08000ef5   Thumb Code    10  misc.o(.text)
    NVIC_Init                                0x08000eff   Thumb Code   100  misc.o(.text)
    NVIC_SetVectorTable                      0x08000f63   Thumb Code    14  misc.o(.text)
    NVIC_SystemLPConfig                      0x08000f71   Thumb Code    34  misc.o(.text)
    SysTick_CLKSourceConfig                  0x08000f93   Thumb Code    40  misc.o(.text)
    GPIO_DeInit                              0x08000fd1   Thumb Code   172  stm32f10x_gpio.o(.text)
    GPIO_AFIODeInit                          0x0800107d   Thumb Code    20  stm32f10x_gpio.o(.text)
    GPIO_Init                                0x08001091   Thumb Code   278  stm32f10x_gpio.o(.text)
    GPIO_StructInit                          0x080011a7   Thumb Code    16  stm32f10x_gpio.o(.text)
    GPIO_ReadInputDataBit                    0x080011b7   Thumb Code    18  stm32f10x_gpio.o(.text)
    GPIO_ReadInputData                       0x080011c9   Thumb Code     8  stm32f10x_gpio.o(.text)
    GPIO_ReadOutputDataBit                   0x080011d1   Thumb Code    18  stm32f10x_gpio.o(.text)
    GPIO_ReadOutputData                      0x080011e3   Thumb Code     8  stm32f10x_gpio.o(.text)
    GPIO_SetBits                             0x080011eb   Thumb Code     4  stm32f10x_gpio.o(.text)
    GPIO_ResetBits                           0x080011ef   Thumb Code     4  stm32f10x_gpio.o(.text)
    GPIO_WriteBit                            0x080011f3   Thumb Code    10  stm32f10x_gpio.o(.text)
    GPIO_Write                               0x080011fd   Thumb Code     4  stm32f10x_gpio.o(.text)
    GPIO_PinLockConfig                       0x08001201   Thumb Code    18  stm32f10x_gpio.o(.text)
    GPIO_EventOutputConfig                   0x08001213   Thumb Code    26  stm32f10x_gpio.o(.text)
    GPIO_EventOutputCmd                      0x0800122d   Thumb Code     6  stm32f10x_gpio.o(.text)
    GPIO_PinRemapConfig                      0x08001233   Thumb Code   138  stm32f10x_gpio.o(.text)
    GPIO_EXTILineConfig                      0x080012bd   Thumb Code    66  stm32f10x_gpio.o(.text)
    GPIO_ETH_MediaInterfaceConfig            0x080012ff   Thumb Code     8  stm32f10x_gpio.o(.text)
    TIM_DeInit                               0x0800132d   Thumb Code   424  stm32f10x_tim.o(.text)
    TIM_TimeBaseInit                         0x080014d5   Thumb Code   122  stm32f10x_tim.o(.text)
    TIM_OC1Init                              0x0800154f   Thumb Code   132  stm32f10x_tim.o(.text)
    TIM_OC2Init                              0x080015d3   Thumb Code   154  stm32f10x_tim.o(.text)
    TIM_OC3Init                              0x0800166d   Thumb Code   150  stm32f10x_tim.o(.text)
    TIM_OC4Init                              0x08001703   Thumb Code   182  stm32f10x_tim.o(.text)
    TIM_SetIC4Prescaler                      0x080017b9   Thumb Code    26  stm32f10x_tim.o(.text)
    TIM_SetIC3Prescaler                      0x08001855   Thumb Code    18  stm32f10x_tim.o(.text)
    TIM_SetIC2Prescaler                      0x080018e1   Thumb Code    26  stm32f10x_tim.o(.text)
    TIM_SetIC1Prescaler                      0x0800197d   Thumb Code    18  stm32f10x_tim.o(.text)
    TIM_ICInit                               0x080019fb   Thumb Code   150  stm32f10x_tim.o(.text)
    TIM_PWMIConfig                           0x08001a91   Thumb Code   124  stm32f10x_tim.o(.text)
    TIM_BDTRConfig                           0x08001b0d   Thumb Code    32  stm32f10x_tim.o(.text)
    TIM_TimeBaseStructInit                   0x08001b2d   Thumb Code    18  stm32f10x_tim.o(.text)
    TIM_OCStructInit                         0x08001b3f   Thumb Code    20  stm32f10x_tim.o(.text)
    TIM_ICStructInit                         0x08001b53   Thumb Code    18  stm32f10x_tim.o(.text)
    TIM_BDTRStructInit                       0x08001b65   Thumb Code    40  stm32f10x_tim.o(.text)
    TIM_Cmd                                  0x08001b8d   Thumb Code    24  stm32f10x_tim.o(.text)
    TIM_CtrlPWMOutputs                       0x08001ba5   Thumb Code    30  stm32f10x_tim.o(.text)
    TIM_ITConfig                             0x08001bc3   Thumb Code    18  stm32f10x_tim.o(.text)
    TIM_GenerateEvent                        0x08001bd5   Thumb Code     4  stm32f10x_tim.o(.text)
    TIM_DMAConfig                            0x08001bd9   Thumb Code    10  stm32f10x_tim.o(.text)
    TIM_DMACmd                               0x08001be3   Thumb Code    18  stm32f10x_tim.o(.text)
    TIM_InternalClockConfig                  0x08001bf5   Thumb Code    12  stm32f10x_tim.o(.text)
    TIM_SelectInputTrigger                   0x08001c01   Thumb Code    18  stm32f10x_tim.o(.text)
    TIM_ITRxExternalClockConfig              0x08001c13   Thumb Code    24  stm32f10x_tim.o(.text)
    TIM_TIxExternalClockConfig               0x08001c2b   Thumb Code    62  stm32f10x_tim.o(.text)
    TIM_ETRConfig                            0x08001c69   Thumb Code    28  stm32f10x_tim.o(.text)
    TIM_ETRClockMode1Config                  0x08001c85   Thumb Code    54  stm32f10x_tim.o(.text)
    TIM_ETRClockMode2Config                  0x08001cbb   Thumb Code    32  stm32f10x_tim.o(.text)
    TIM_PrescalerConfig                      0x08001cdb   Thumb Code     6  stm32f10x_tim.o(.text)
    TIM_CounterModeConfig                    0x08001ce1   Thumb Code    18  stm32f10x_tim.o(.text)
    TIM_EncoderInterfaceConfig               0x08001cf3   Thumb Code    66  stm32f10x_tim.o(.text)
    TIM_ForcedOC1Config                      0x08001d35   Thumb Code    18  stm32f10x_tim.o(.text)
    TIM_ForcedOC2Config                      0x08001d47   Thumb Code    26  stm32f10x_tim.o(.text)
    TIM_ForcedOC3Config                      0x08001d61   Thumb Code    18  stm32f10x_tim.o(.text)
    TIM_ForcedOC4Config                      0x08001d73   Thumb Code    26  stm32f10x_tim.o(.text)
    TIM_ARRPreloadConfig                     0x08001d8d   Thumb Code    24  stm32f10x_tim.o(.text)
    TIM_SelectCOM                            0x08001da5   Thumb Code    24  stm32f10x_tim.o(.text)
    TIM_SelectCCDMA                          0x08001dbd   Thumb Code    24  stm32f10x_tim.o(.text)
    TIM_CCPreloadControl                     0x08001dd5   Thumb Code    24  stm32f10x_tim.o(.text)
    TIM_OC1PreloadConfig                     0x08001ded   Thumb Code    18  stm32f10x_tim.o(.text)
    TIM_OC2PreloadConfig                     0x08001dff   Thumb Code    26  stm32f10x_tim.o(.text)
    TIM_OC3PreloadConfig                     0x08001e19   Thumb Code    18  stm32f10x_tim.o(.text)
    TIM_OC4PreloadConfig                     0x08001e2b   Thumb Code    26  stm32f10x_tim.o(.text)
    TIM_OC1FastConfig                        0x08001e45   Thumb Code    18  stm32f10x_tim.o(.text)
    TIM_OC2FastConfig                        0x08001e57   Thumb Code    26  stm32f10x_tim.o(.text)
    TIM_OC3FastConfig                        0x08001e71   Thumb Code    18  stm32f10x_tim.o(.text)
    TIM_OC4FastConfig                        0x08001e83   Thumb Code    26  stm32f10x_tim.o(.text)
    TIM_ClearOC1Ref                          0x08001e9d   Thumb Code    18  stm32f10x_tim.o(.text)
    TIM_ClearOC2Ref                          0x08001eaf   Thumb Code    24  stm32f10x_tim.o(.text)
    TIM_ClearOC3Ref                          0x08001ec7   Thumb Code    18  stm32f10x_tim.o(.text)
    TIM_ClearOC4Ref                          0x08001ed9   Thumb Code    24  stm32f10x_tim.o(.text)
    TIM_OC1PolarityConfig                    0x08001ef1   Thumb Code    18  stm32f10x_tim.o(.text)
    TIM_OC1NPolarityConfig                   0x08001f03   Thumb Code    18  stm32f10x_tim.o(.text)
    TIM_OC2PolarityConfig                    0x08001f15   Thumb Code    26  stm32f10x_tim.o(.text)
    TIM_OC2NPolarityConfig                   0x08001f2f   Thumb Code    26  stm32f10x_tim.o(.text)
    TIM_OC3PolarityConfig                    0x08001f49   Thumb Code    26  stm32f10x_tim.o(.text)
    TIM_OC3NPolarityConfig                   0x08001f63   Thumb Code    26  stm32f10x_tim.o(.text)
    TIM_OC4PolarityConfig                    0x08001f7d   Thumb Code    26  stm32f10x_tim.o(.text)
    TIM_CCxCmd                               0x08001f97   Thumb Code    30  stm32f10x_tim.o(.text)
    TIM_CCxNCmd                              0x08001fb5   Thumb Code    30  stm32f10x_tim.o(.text)
    TIM_SelectOCxM                           0x08001fd3   Thumb Code    82  stm32f10x_tim.o(.text)
    TIM_UpdateDisableConfig                  0x08002025   Thumb Code    24  stm32f10x_tim.o(.text)
    TIM_UpdateRequestConfig                  0x0800203d   Thumb Code    24  stm32f10x_tim.o(.text)
    TIM_SelectHallSensor                     0x08002055   Thumb Code    24  stm32f10x_tim.o(.text)
    TIM_SelectOnePulseMode                   0x0800206d   Thumb Code    18  stm32f10x_tim.o(.text)
    TIM_SelectOutputTrigger                  0x0800207f   Thumb Code    18  stm32f10x_tim.o(.text)
    TIM_SelectSlaveMode                      0x08002091   Thumb Code    18  stm32f10x_tim.o(.text)
    TIM_SelectMasterSlaveMode                0x080020a3   Thumb Code    18  stm32f10x_tim.o(.text)
    TIM_SetCounter                           0x080020b5   Thumb Code     4  stm32f10x_tim.o(.text)
    TIM_SetAutoreload                        0x080020b9   Thumb Code     4  stm32f10x_tim.o(.text)
    TIM_SetCompare1                          0x080020bd   Thumb Code     4  stm32f10x_tim.o(.text)
    TIM_SetCompare2                          0x080020c1   Thumb Code     4  stm32f10x_tim.o(.text)
    TIM_SetCompare3                          0x080020c5   Thumb Code     4  stm32f10x_tim.o(.text)
    TIM_SetCompare4                          0x080020c9   Thumb Code     6  stm32f10x_tim.o(.text)
    TIM_SetClockDivision                     0x080020cf   Thumb Code    18  stm32f10x_tim.o(.text)
    TIM_GetCapture1                          0x080020e1   Thumb Code     6  stm32f10x_tim.o(.text)
    TIM_GetCapture2                          0x080020e7   Thumb Code     6  stm32f10x_tim.o(.text)
    TIM_GetCapture3                          0x080020ed   Thumb Code     6  stm32f10x_tim.o(.text)
    TIM_GetCapture4                          0x080020f3   Thumb Code     8  stm32f10x_tim.o(.text)
    TIM_GetCounter                           0x080020fb   Thumb Code     6  stm32f10x_tim.o(.text)
    TIM_GetPrescaler                         0x08002101   Thumb Code     6  stm32f10x_tim.o(.text)
    TIM_GetFlagStatus                        0x08002107   Thumb Code    18  stm32f10x_tim.o(.text)
    TIM_ClearFlag                            0x08002119   Thumb Code     6  stm32f10x_tim.o(.text)
    TIM_GetITStatus                          0x0800211f   Thumb Code    34  stm32f10x_tim.o(.text)
    TIM_ClearITPendingBit                    0x08002141   Thumb Code     6  stm32f10x_tim.o(.text)
    ADC_DeInit                               0x08002149   Thumb Code    78  stm32f10x_adc.o(.text)
    ADC_Init                                 0x08002197   Thumb Code    70  stm32f10x_adc.o(.text)
    ADC_StructInit                           0x080021dd   Thumb Code    18  stm32f10x_adc.o(.text)
    ADC_Cmd                                  0x080021ef   Thumb Code    22  stm32f10x_adc.o(.text)
    ADC_DMACmd                               0x08002205   Thumb Code    22  stm32f10x_adc.o(.text)
    ADC_ITConfig                             0x0800221b   Thumb Code    24  stm32f10x_adc.o(.text)
    ADC_ResetCalibration                     0x08002233   Thumb Code    10  stm32f10x_adc.o(.text)
    ADC_GetResetCalibrationStatus            0x0800223d   Thumb Code    20  stm32f10x_adc.o(.text)
    ADC_StartCalibration                     0x08002251   Thumb Code    10  stm32f10x_adc.o(.text)
    ADC_GetCalibrationStatus                 0x0800225b   Thumb Code    20  stm32f10x_adc.o(.text)
    ADC_SoftwareStartConvCmd                 0x0800226f   Thumb Code    22  stm32f10x_adc.o(.text)
    ADC_GetSoftwareStartConvStatus           0x08002285   Thumb Code    20  stm32f10x_adc.o(.text)
    ADC_DiscModeChannelCountConfig           0x08002299   Thumb Code    24  stm32f10x_adc.o(.text)
    ADC_DiscModeCmd                          0x080022b1   Thumb Code    22  stm32f10x_adc.o(.text)
    ADC_RegularChannelConfig                 0x080022c7   Thumb Code   184  stm32f10x_adc.o(.text)
    ADC_ExternalTrigConvCmd                  0x0800237f   Thumb Code    22  stm32f10x_adc.o(.text)
    ADC_GetConversionValue                   0x08002395   Thumb Code     8  stm32f10x_adc.o(.text)
    ADC_GetDualModeConversionValue           0x0800239d   Thumb Code     8  stm32f10x_adc.o(.text)
    ADC_AutoInjectedConvCmd                  0x080023a5   Thumb Code    22  stm32f10x_adc.o(.text)
    ADC_InjectedDiscModeCmd                  0x080023bb   Thumb Code    22  stm32f10x_adc.o(.text)
    ADC_ExternalTrigInjectedConvConfig       0x080023d1   Thumb Code    16  stm32f10x_adc.o(.text)
    ADC_ExternalTrigInjectedConvCmd          0x080023e1   Thumb Code    22  stm32f10x_adc.o(.text)
    ADC_SoftwareStartInjectedConvCmd         0x080023f7   Thumb Code    22  stm32f10x_adc.o(.text)
    ADC_GetSoftwareStartInjectedConvCmdStatus 0x0800240d   Thumb Code    20  stm32f10x_adc.o(.text)
    ADC_InjectedChannelConfig                0x08002421   Thumb Code   130  stm32f10x_adc.o(.text)
    ADC_InjectedSequencerLengthConfig        0x080024a3   Thumb Code    24  stm32f10x_adc.o(.text)
    ADC_SetInjectedOffset                    0x080024bb   Thumb Code    20  stm32f10x_adc.o(.text)
    ADC_GetInjectedConversionValue           0x080024cf   Thumb Code    28  stm32f10x_adc.o(.text)
    ADC_AnalogWatchdogCmd                    0x080024eb   Thumb Code    16  stm32f10x_adc.o(.text)
    ADC_AnalogWatchdogThresholdsConfig       0x080024fb   Thumb Code     6  stm32f10x_adc.o(.text)
    ADC_AnalogWatchdogSingleChannelConfig    0x08002501   Thumb Code    16  stm32f10x_adc.o(.text)
    ADC_TempSensorVrefintCmd                 0x08002511   Thumb Code    64  stm32f10x_adc.o(.text)
    ADC_GetFlagStatus                        0x08002551   Thumb Code    18  stm32f10x_adc.o(.text)
    ADC_ClearFlag                            0x08002563   Thumb Code     6  stm32f10x_adc.o(.text)
    ADC_GetITStatus                          0x08002569   Thumb Code    36  stm32f10x_adc.o(.text)
    ADC_ClearITPendingBit                    0x0800258d   Thumb Code    10  stm32f10x_adc.o(.text)
    DMA_DeInit                               0x08002599   Thumb Code   324  stm32f10x_dma.o(.text)
    DMA_Init                                 0x080026dd   Thumb Code    60  stm32f10x_dma.o(.text)
    DMA_StructInit                           0x08002719   Thumb Code    26  stm32f10x_dma.o(.text)
    DMA_Cmd                                  0x08002733   Thumb Code    24  stm32f10x_dma.o(.text)
    DMA_ITConfig                             0x0800274b   Thumb Code    18  stm32f10x_dma.o(.text)
    DMA_SetCurrDataCounter                   0x0800275d   Thumb Code     4  stm32f10x_dma.o(.text)
    DMA_GetCurrDataCounter                   0x08002761   Thumb Code     8  stm32f10x_dma.o(.text)
    DMA_GetFlagStatus                        0x08002769   Thumb Code    40  stm32f10x_dma.o(.text)
    DMA_ClearFlag                            0x08002791   Thumb Code    22  stm32f10x_dma.o(.text)
    DMA_GetITStatus                          0x080027a7   Thumb Code    40  stm32f10x_dma.o(.text)
    DMA_ClearITPendingBit                    0x080027cf   Thumb Code    22  stm32f10x_dma.o(.text)
    M35_Start                                0x080027ed   Thumb Code    32  m35.o(.text)
    SIM_SendCmd                              0x0800280d   Thumb Code   172  m35.o(.text)
    M35_HTTPConnect                          0x080028b9   Thumb Code   732  m35.o(.text)
    delay_init                               0x08002d6d   Thumb Code    56  delay.o(.text)
    delay_ms                                 0x08002da5   Thumb Code    56  delay.o(.text)
    delay_us                                 0x08002ddd   Thumb Code    56  delay.o(.text)
    delay_s                                  0x08002e15   Thumb Code    26  delay.o(.text)
    _sys_exit                                0x08002e39   Thumb Code     6  bsp.o(.text)
    fputc                                    0x08002e3f   Thumb Code    24  bsp.o(.text)
    M35_USARTx_Config                        0x08002e57   Thumb Code   144  bsp.o(.text)
    USART1_Config                            0x08002ee7   Thumb Code   146  bsp.o(.text)
    LED_init                                 0x08002f79   Thumb Code   108  bsp.o(.text)
    LED4_ONOFF                               0x08002fe5   Thumb Code    54  bsp.o(.text)
    ClearRAM                                 0x0800301b   Thumb Code    18  bsp.o(.text)
    TIM2_init                                0x0800302d   Thumb Code   116  bsp.o(.text)
    TIM3_init                                0x080030a1   Thumb Code    84  bsp.o(.text)
    NVIC_Configuration                       0x080030f5   Thumb Code   124  bsp.o(.text)
    DMA_init                                 0x08003171   Thumb Code    82  bsp.o(.text)
    ADC_init                                 0x080031c3   Thumb Code   190  bsp.o(.text)
    ADC_Filter                               0x08003281   Thumb Code    36  bsp.o(.text)
    PrintfClear                              0x080032a5   Thumb Code    18  bsp.o(.text)
    DHT11_Init                               0x080032e3   Thumb Code    16  bsp_dht11.o(.text)
    DHT11_Read_TempAndHumidity               0x08003383   Thumb Code   154  bsp_dht11.o(.text)
    SystemInit                               0x080034ff   Thumb Code    78  system_stm32f10x.o(.text)
    SystemCoreClockUpdate                    0x0800354d   Thumb Code   142  system_stm32f10x.o(.text)
    Reset_Handler                            0x08003601   Thumb Code     8  startup_stm32f10x_md.o(.text)
    ADC1_2_IRQHandler                        0x0800361b   Thumb Code     0  startup_stm32f10x_md.o(.text)
    CAN1_RX1_IRQHandler                      0x0800361b   Thumb Code     0  startup_stm32f10x_md.o(.text)
    CAN1_SCE_IRQHandler                      0x0800361b   Thumb Code     0  startup_stm32f10x_md.o(.text)
    DMA1_Channel1_IRQHandler                 0x0800361b   Thumb Code     0  startup_stm32f10x_md.o(.text)
    DMA1_Channel2_IRQHandler                 0x0800361b   Thumb Code     0  startup_stm32f10x_md.o(.text)
    DMA1_Channel3_IRQHandler                 0x0800361b   Thumb Code     0  startup_stm32f10x_md.o(.text)
    DMA1_Channel4_IRQHandler                 0x0800361b   Thumb Code     0  startup_stm32f10x_md.o(.text)
    DMA1_Channel5_IRQHandler                 0x0800361b   Thumb Code     0  startup_stm32f10x_md.o(.text)
    DMA1_Channel6_IRQHandler                 0x0800361b   Thumb Code     0  startup_stm32f10x_md.o(.text)
    DMA1_Channel7_IRQHandler                 0x0800361b   Thumb Code     0  startup_stm32f10x_md.o(.text)
    EXTI0_IRQHandler                         0x0800361b   Thumb Code     0  startup_stm32f10x_md.o(.text)
    EXTI15_10_IRQHandler                     0x0800361b   Thumb Code     0  startup_stm32f10x_md.o(.text)
    EXTI1_IRQHandler                         0x0800361b   Thumb Code     0  startup_stm32f10x_md.o(.text)
    EXTI2_IRQHandler                         0x0800361b   Thumb Code     0  startup_stm32f10x_md.o(.text)
    EXTI3_IRQHandler                         0x0800361b   Thumb Code     0  startup_stm32f10x_md.o(.text)
    EXTI4_IRQHandler                         0x0800361b   Thumb Code     0  startup_stm32f10x_md.o(.text)
    EXTI9_5_IRQHandler                       0x0800361b   Thumb Code     0  startup_stm32f10x_md.o(.text)
    FLASH_IRQHandler                         0x0800361b   Thumb Code     0  startup_stm32f10x_md.o(.text)
    I2C1_ER_IRQHandler                       0x0800361b   Thumb Code     0  startup_stm32f10x_md.o(.text)
    I2C1_EV_IRQHandler                       0x0800361b   Thumb Code     0  startup_stm32f10x_md.o(.text)
    I2C2_ER_IRQHandler                       0x0800361b   Thumb Code     0  startup_stm32f10x_md.o(.text)
    I2C2_EV_IRQHandler                       0x0800361b   Thumb Code     0  startup_stm32f10x_md.o(.text)
    PVD_IRQHandler                           0x0800361b   Thumb Code     0  startup_stm32f10x_md.o(.text)
    RCC_IRQHandler                           0x0800361b   Thumb Code     0  startup_stm32f10x_md.o(.text)
    RTCAlarm_IRQHandler                      0x0800361b   Thumb Code     0  startup_stm32f10x_md.o(.text)
    RTC_IRQHandler                           0x0800361b   Thumb Code     0  startup_stm32f10x_md.o(.text)
    SPI1_IRQHandler                          0x0800361b   Thumb Code     0  startup_stm32f10x_md.o(.text)
    SPI2_IRQHandler                          0x0800361b   Thumb Code     0  startup_stm32f10x_md.o(.text)
    TAMPER_IRQHandler                        0x0800361b   Thumb Code     0  startup_stm32f10x_md.o(.text)
    TIM1_BRK_IRQHandler                      0x0800361b   Thumb Code     0  startup_stm32f10x_md.o(.text)
    TIM1_CC_IRQHandler                       0x0800361b   Thumb Code     0  startup_stm32f10x_md.o(.text)
    TIM1_TRG_COM_IRQHandler                  0x0800361b   Thumb Code     0  startup_stm32f10x_md.o(.text)
    TIM1_UP_IRQHandler                       0x0800361b   Thumb Code     0  startup_stm32f10x_md.o(.text)
    TIM4_IRQHandler                          0x0800361b   Thumb Code     0  startup_stm32f10x_md.o(.text)
    USART2_IRQHandler                        0x0800361b   Thumb Code     0  startup_stm32f10x_md.o(.text)
    USBWakeUp_IRQHandler                     0x0800361b   Thumb Code     0  startup_stm32f10x_md.o(.text)
    USB_HP_CAN1_TX_IRQHandler                0x0800361b   Thumb Code     0  startup_stm32f10x_md.o(.text)
    USB_LP_CAN1_RX0_IRQHandler               0x0800361b   Thumb Code     0  startup_stm32f10x_md.o(.text)
    WWDG_IRQHandler                          0x0800361b   Thumb Code     0  startup_stm32f10x_md.o(.text)
    __user_initial_stackheap                 0x0800361d   Thumb Code     0  startup_stm32f10x_md.o(.text)
    __use_no_semihosting                     0x08003641   Thumb Code     2  use_no_semi_2.o(.text)
    __c89printf                              0x08003645   Thumb Code    20  c89printf.o(.text)
    __2printf                                0x0800365d   Thumb Code    20  __2printf.o(.text)
    __printf                                 0x08003675   Thumb Code   388  __printf_flags_ss_wp.o(.text)
    strcpy                                   0x080037fd   Thumb Code    72  strcpy.o(.text)
    strlen                                   0x08003845   Thumb Code    62  strlen.o(.text)
    strncmp                                  0x08003883   Thumb Code   150  strncmp.o(.text)
    strncpy                                  0x08003919   Thumb Code    86  strncpy.o(.text)
    strcmp                                   0x08003971   Thumb Code   128  strcmpv7m.o(.text)
    __use_two_region_memory                  0x080039f1   Thumb Code     2  heapauxi.o(.text)
    __rt_heap_escrow$2region                 0x080039f3   Thumb Code     2  heapauxi.o(.text)
    __rt_heap_expand$2region                 0x080039f5   Thumb Code     2  heapauxi.o(.text)
    __I$use$semihosting                      0x080039f7   Thumb Code     0  use_no_semi.o(.text)
    __use_no_semihosting_swi                 0x080039f7   Thumb Code     2  use_no_semi.o(.text)
    _printf_pre_padding                      0x080039f9   Thumb Code    44  _printf_pad.o(.text)
    _printf_post_padding                     0x08003a25   Thumb Code    34  _printf_pad.o(.text)
    _printf_truncate_signed                  0x08003a47   Thumb Code    18  _printf_truncate.o(.text)
    _printf_truncate_unsigned                0x08003a59   Thumb Code    18  _printf_truncate.o(.text)
    _printf_str                              0x08003a6b   Thumb Code    82  _printf_str.o(.text)
    _printf_int_dec                          0x08003abd   Thumb Code   104  _printf_dec.o(.text)
    _printf_charcount                        0x08003b35   Thumb Code    40  _printf_charcount.o(.text)
    _printf_char_file                        0x08003b5d   Thumb Code    32  _printf_char_file.o(.text)
    _printf_wctomb                           0x08003b81   Thumb Code   182  _printf_wctomb.o(.text)
    _printf_longlong_dec                     0x08003c3d   Thumb Code   108  _printf_longlong_dec.o(.text)
    _printf_longlong_oct                     0x08003cb9   Thumb Code    68  _printf_oct_int_ll.o(.text)
    _printf_int_oct                          0x08003cfd   Thumb Code    24  _printf_oct_int_ll.o(.text)
    _printf_ll_oct                           0x08003d15   Thumb Code    12  _printf_oct_int_ll.o(.text)
    _printf_longlong_hex                     0x08003d29   Thumb Code    86  _printf_hex_int_ll_ptr.o(.text)
    _printf_int_hex                          0x08003d7f   Thumb Code    28  _printf_hex_int_ll_ptr.o(.text)
    _printf_ll_hex                           0x08003d9b   Thumb Code    12  _printf_hex_int_ll_ptr.o(.text)
    _printf_hex_ptr                          0x08003da7   Thumb Code    18  _printf_hex_int_ll_ptr.o(.text)
    __aeabi_memclr                           0x08003dbd   Thumb Code     0  rt_memclr.o(.text)
    __rt_memclr                              0x08003dbd   Thumb Code    68  rt_memclr.o(.text)
    _memset                                  0x08003dc1   Thumb Code     0  rt_memclr.o(.text)
    _ll_udiv10                               0x08003e01   Thumb Code   138  lludiv10.o(.text)
    _printf_int_common                       0x08003e8b   Thumb Code   178  _printf_intcommon.o(.text)
    __lib_sel_fp_printf                      0x08003f3d   Thumb Code     2  _printf_fp_dec.o(.text)
    _printf_fp_dec_real                      0x080040eb   Thumb Code   620  _printf_fp_dec.o(.text)
    _printf_char_common                      0x08004363   Thumb Code    32  _printf_char_common.o(.text)
    _printf_cs_common                        0x08004389   Thumb Code    20  _printf_char.o(.text)
    _printf_char                             0x0800439d   Thumb Code    16  _printf_char.o(.text)
    _printf_string                           0x080043ad   Thumb Code     8  _printf_char.o(.text)
    _printf_lcs_common                       0x080043b5   Thumb Code    20  _printf_wchar.o(.text)
    _printf_wchar                            0x080043c9   Thumb Code    16  _printf_wchar.o(.text)
    _printf_wstring                          0x080043d9   Thumb Code     8  _printf_wchar.o(.text)
    ferror                                   0x080043e1   Thumb Code     8  ferror.o(.text)
    _wcrtomb                                 0x080043e9   Thumb Code    64  _wcrtomb.o(.text)
    __aeabi_memclr4                          0x08004429   Thumb Code     0  rt_memclr_w.o(.text)
    __aeabi_memclr8                          0x08004429   Thumb Code     0  rt_memclr_w.o(.text)
    __rt_memclr_w                            0x08004429   Thumb Code    78  rt_memclr_w.o(.text)
    _memset_w                                0x0800442d   Thumb Code     0  rt_memclr_w.o(.text)
    __user_setup_stackheap                   0x08004477   Thumb Code    74  sys_stackheap_outer.o(.text)
    __rt_ctype_table                         0x080044c1   Thumb Code    16  rt_ctype_table.o(.text)
    __rt_locale                              0x080044d1   Thumb Code     8  rt_locale_intlibspace.o(.text)
    _printf_fp_infnan                        0x080044d9   Thumb Code   112  _printf_fp_infnan.o(.text)
    _btod_etento                             0x08004559   Thumb Code   216  bigflt0.o(.text)
    exit                                     0x08004635   Thumb Code    12  exit.o(.text)
    __user_libspace                          0x08004641   Thumb Code     8  libspace.o(.text)
    __user_perproc_libspace                  0x08004641   Thumb Code     0  libspace.o(.text)
    __user_perthread_libspace                0x08004641   Thumb Code     0  libspace.o(.text)
    _btod_d2e                                0x08004649   Thumb Code    62  btod.o(CL$$btod_d2e)
    _d2e_denorm_low                          0x08004687   Thumb Code    70  btod.o(CL$$btod_d2e_denorm_low)
    _d2e_norm_op1                            0x080046cd   Thumb Code    96  btod.o(CL$$btod_d2e_norm_op1)
    __btod_div_common                        0x0800472d   Thumb Code   696  btod.o(CL$$btod_div_common)
    _e2e                                     0x08004a65   Thumb Code   198  btod.o(CL$$btod_e2e)
    _btod_ediv                               0x08004b2b   Thumb Code    40  btod.o(CL$$btod_ediv)
    _btod_emul                               0x08004b53   Thumb Code    40  btod.o(CL$$btod_emul)
    __btod_mult_common                       0x08004b7b   Thumb Code   580  btod.o(CL$$btod_mult_common)
    __ARM_fpclassify                         0x08004dbf   Thumb Code    40  fpclassify.o(i.__ARM_fpclassify)
    _is_digit                                0x08004de7   Thumb Code    14  __printf_wp.o(i._is_digit)
    _get_lc_numeric                          0x08004df5   Thumb Code    44  lc_numeric_c.o(locale$$code)
    _get_lc_ctype                            0x08004e21   Thumb Code    44  lc_ctype_c.o(locale$$code)
    __aeabi_d2f                              0x08004e4d   Thumb Code     0  d2f.o(x$fpl$d2f)
    _d2f                                     0x08004e4d   Thumb Code    98  d2f.o(x$fpl$d2f)
    __aeabi_dadd                             0x08004eb1   Thumb Code     0  daddsub_clz.o(x$fpl$dadd)
    _dadd                                    0x08004eb1   Thumb Code   332  daddsub_clz.o(x$fpl$dadd)
    __aeabi_ddiv                             0x08005001   Thumb Code     0  ddiv.o(x$fpl$ddiv)
    _ddiv                                    0x08005001   Thumb Code   552  ddiv.o(x$fpl$ddiv)
    __aeabi_i2d                              0x080052b1   Thumb Code     0  dflt_clz.o(x$fpl$dflt)
    _dflt                                    0x080052b1   Thumb Code    46  dflt_clz.o(x$fpl$dflt)
    __aeabi_dmul                             0x080052e1   Thumb Code     0  dmul.o(x$fpl$dmul)
    _dmul                                    0x080052e1   Thumb Code   332  dmul.o(x$fpl$dmul)
    __fpl_dnaninf                            0x08005435   Thumb Code   156  dnaninf.o(x$fpl$dnaninf)
    __fpl_dretinf                            0x080054d1   Thumb Code    12  dretinf.o(x$fpl$dretinf)
    __aeabi_drsub                            0x080054dd   Thumb Code     0  daddsub_clz.o(x$fpl$drsb)
    _drsb                                    0x080054dd   Thumb Code    22  daddsub_clz.o(x$fpl$drsb)
    __aeabi_dsub                             0x080054f5   Thumb Code     0  daddsub_clz.o(x$fpl$dsub)
    _dsub                                    0x080054f5   Thumb Code   464  daddsub_clz.o(x$fpl$dsub)
    __fpl_fretinf                            0x080056c9   Thumb Code    10  fretinf.o(x$fpl$fretinf)
    _printf_fp_dec                           0x080056d3   Thumb Code     4  printf1.o(x$fpl$printf1)
    __I$use$fp                               0x080056d6   Number         0  usenofp.o(x$fpl$usenofp)
    Region$$Table$$Base                      0x080057ac   Number         0  anon$$obj.o(Region$$Table)
    Region$$Table$$Limit                     0x080057cc   Number         0  anon$$obj.o(Region$$Table)
    __ctype                                  0x080057f5   Data           0  lc_ctype_c.o(locale$$data)
    capture                                  0x20000000   Data           2  stm32f10x_it.o(.data)
    Filter                                   0x20000002   Data           4  stm32f10x_it.o(.data)
    httpdata                                 0x20000008   Data           4  main.o(.data)
    DHT11_Data                               0x2000000c   Data           5  main.o(.data)
    __stdout                                 0x2000002c   Data           4  bsp.o(.data)
    ADCConvertedValue                        0x20000030   Data           4  bsp.o(.data)
    SystemCoreClock                          0x20000034   Data           4  system_stm32f10x.o(.data)
    AHBPrescTable                            0x20000038   Data          16  system_stm32f10x.o(.data)
    M35REBUFStructure                        0x20000048   Data         257  stm32f10x_it.o(.bss)
    HTTPPostData                             0x20000149   Data          30  main.o(.bss)
    Datajing                                 0x20000167   Data          30  main.o(.bss)
    Datawei                                  0x20000185   Data          30  main.o(.bss)
    __libspace_start                         0x200001a4   Data          96  libspace.o(.bss)
    __temporary_stack_top$libspace           0x20000204   Data           0  libspace.o(.bss)



==============================================================================

Memory Map of the image

  Image Entry point : 0x080000ed

  Load Region LR_IROM1 (Base: 0x08000000, Size: 0x00005940, Max: 0x00020000, ABSOLUTE)

    Execution Region ER_IROM1 (Base: 0x08000000, Size: 0x000058f8, Max: 0x00020000, ABSOLUTE)

    Base Addr    Size         Type   Attr      Idx    E Section Name        Object

    0x08000000   0x000000ec   Data   RO          346    RESET               startup_stm32f10x_md.o
    0x080000ec   0x00000008   Code   RO          396  * !!!main             c_w.l(__main.o)
    0x080000f4   0x00000034   Code   RO          714    !!!scatter          c_w.l(__scatter.o)
    0x08000128   0x0000001a   Code   RO          716    !!handler_copy      c_w.l(__scatter_copy.o)
    0x08000142   0x00000002   PAD
    0x08000144   0x0000001c   Code   RO          718    !!handler_zi        c_w.l(__scatter_zi.o)
    0x08000160   0x00000000   Code   RO          383    .ARM.Collect$$_printf_percent$$00000000  c_w.l(_printf_percent.o)
    0x08000160   0x00000006   Code   RO          467    .ARM.Collect$$_printf_percent$$00000001  c_w.l(_printf_n.o)
    0x08000166   0x00000006   Code   RO          469    .ARM.Collect$$_printf_percent$$00000002  c_w.l(_printf_p.o)
    0x0800016c   0x00000006   Code   RO          474    .ARM.Collect$$_printf_percent$$00000003  c_w.l(_printf_f.o)
    0x08000172   0x00000006   Code   RO          475    .ARM.Collect$$_printf_percent$$00000004  c_w.l(_printf_e.o)
    0x08000178   0x00000006   Code   RO          476    .ARM.Collect$$_printf_percent$$00000005  c_w.l(_printf_g.o)
    0x0800017e   0x00000006   Code   RO          477    .ARM.Collect$$_printf_percent$$00000006  c_w.l(_printf_a.o)
    0x08000184   0x0000000a   Code   RO          482    .ARM.Collect$$_printf_percent$$00000007  c_w.l(_printf_ll.o)
    0x0800018e   0x00000006   Code   RO          471    .ARM.Collect$$_printf_percent$$00000008  c_w.l(_printf_i.o)
    0x08000194   0x00000006   Code   RO          472    .ARM.Collect$$_printf_percent$$00000009  c_w.l(_printf_d.o)
    0x0800019a   0x00000006   Code   RO          473    .ARM.Collect$$_printf_percent$$0000000A  c_w.l(_printf_u.o)
    0x080001a0   0x00000006   Code   RO          470    .ARM.Collect$$_printf_percent$$0000000B  c_w.l(_printf_o.o)
    0x080001a6   0x00000006   Code   RO          468    .ARM.Collect$$_printf_percent$$0000000C  c_w.l(_printf_x.o)
    0x080001ac   0x00000006   Code   RO          479    .ARM.Collect$$_printf_percent$$0000000D  c_w.l(_printf_lli.o)
    0x080001b2   0x00000006   Code   RO          480    .ARM.Collect$$_printf_percent$$0000000E  c_w.l(_printf_lld.o)
    0x080001b8   0x00000006   Code   RO          481    .ARM.Collect$$_printf_percent$$0000000F  c_w.l(_printf_llu.o)
    0x080001be   0x00000006   Code   RO          486    .ARM.Collect$$_printf_percent$$00000010  c_w.l(_printf_llo.o)
    0x080001c4   0x00000006   Code   RO          487    .ARM.Collect$$_printf_percent$$00000011  c_w.l(_printf_llx.o)
    0x080001ca   0x0000000a   Code   RO          483    .ARM.Collect$$_printf_percent$$00000012  c_w.l(_printf_l.o)
    0x080001d4   0x00000006   Code   RO          465    .ARM.Collect$$_printf_percent$$00000013  c_w.l(_printf_c.o)
    0x080001da   0x00000006   Code   RO          466    .ARM.Collect$$_printf_percent$$00000014  c_w.l(_printf_s.o)
    0x080001e0   0x00000006   Code   RO          484    .ARM.Collect$$_printf_percent$$00000015  c_w.l(_printf_lc.o)
    0x080001e6   0x00000006   Code   RO          485    .ARM.Collect$$_printf_percent$$00000016  c_w.l(_printf_ls.o)
    0x080001ec   0x00000004   Code   RO          478    .ARM.Collect$$_printf_percent$$00000017  c_w.l(_printf_percent_end.o)
    0x080001f0   0x00000002   Code   RO          582    .ARM.Collect$$libinit$$00000000  c_w.l(libinit.o)
    0x080001f2   0x00000000   Code   RO          596    .ARM.Collect$$libinit$$00000002  c_w.l(libinit2.o)
    0x080001f2   0x00000000   Code   RO          598    .ARM.Collect$$libinit$$00000004  c_w.l(libinit2.o)
    0x080001f2   0x00000000   Code   RO          601    .ARM.Collect$$libinit$$0000000A  c_w.l(libinit2.o)
    0x080001f2   0x00000000   Code   RO          603    .ARM.Collect$$libinit$$0000000C  c_w.l(libinit2.o)
    0x080001f2   0x00000000   Code   RO          605    .ARM.Collect$$libinit$$0000000E  c_w.l(libinit2.o)
    0x080001f2   0x00000006   Code   RO          606    .ARM.Collect$$libinit$$0000000F  c_w.l(libinit2.o)
    0x080001f8   0x00000000   Code   RO          608    .ARM.Collect$$libinit$$00000011  c_w.l(libinit2.o)
    0x080001f8   0x0000000c   Code   RO          609    .ARM.Collect$$libinit$$00000012  c_w.l(libinit2.o)
    0x08000204   0x00000000   Code   RO          610    .ARM.Collect$$libinit$$00000013  c_w.l(libinit2.o)
    0x08000204   0x00000000   Code   RO          612    .ARM.Collect$$libinit$$00000015  c_w.l(libinit2.o)
    0x08000204   0x0000000a   Code   RO          613    .ARM.Collect$$libinit$$00000016  c_w.l(libinit2.o)
    0x0800020e   0x00000000   Code   RO          614    .ARM.Collect$$libinit$$00000017  c_w.l(libinit2.o)
    0x0800020e   0x00000000   Code   RO          616    .ARM.Collect$$libinit$$00000019  c_w.l(libinit2.o)
    0x0800020e   0x00000000   Code   RO          618    .ARM.Collect$$libinit$$0000001B  c_w.l(libinit2.o)
    0x0800020e   0x00000000   Code   RO          620    .ARM.Collect$$libinit$$0000001D  c_w.l(libinit2.o)
    0x0800020e   0x00000000   Code   RO          622    .ARM.Collect$$libinit$$0000001F  c_w.l(libinit2.o)
    0x0800020e   0x00000000   Code   RO          624    .ARM.Collect$$libinit$$00000021  c_w.l(libinit2.o)
    0x0800020e   0x00000000   Code   RO          626    .ARM.Collect$$libinit$$00000023  c_w.l(libinit2.o)
    0x0800020e   0x00000000   Code   RO          628    .ARM.Collect$$libinit$$00000025  c_w.l(libinit2.o)
    0x0800020e   0x00000000   Code   RO          632    .ARM.Collect$$libinit$$0000002C  c_w.l(libinit2.o)
    0x0800020e   0x00000000   Code   RO          634    .ARM.Collect$$libinit$$0000002E  c_w.l(libinit2.o)
    0x0800020e   0x00000000   Code   RO          636    .ARM.Collect$$libinit$$00000030  c_w.l(libinit2.o)
    0x0800020e   0x00000000   Code   RO          638    .ARM.Collect$$libinit$$00000032  c_w.l(libinit2.o)
    0x0800020e   0x00000002   Code   RO          639    .ARM.Collect$$libinit$$00000033  c_w.l(libinit2.o)
    0x08000210   0x00000002   Code   RO          657    .ARM.Collect$$libshutdown$$00000000  c_w.l(libshutdown.o)
    0x08000212   0x00000000   Code   RO          668    .ARM.Collect$$libshutdown$$00000003  c_w.l(libshutdown2.o)
    0x08000212   0x00000000   Code   RO          671    .ARM.Collect$$libshutdown$$00000006  c_w.l(libshutdown2.o)
    0x08000212   0x00000000   Code   RO          674    .ARM.Collect$$libshutdown$$00000009  c_w.l(libshutdown2.o)
    0x08000212   0x00000000   Code   RO          676    .ARM.Collect$$libshutdown$$0000000B  c_w.l(libshutdown2.o)
    0x08000212   0x00000000   Code   RO          679    .ARM.Collect$$libshutdown$$0000000E  c_w.l(libshutdown2.o)
    0x08000212   0x00000002   Code   RO          680    .ARM.Collect$$libshutdown$$0000000F  c_w.l(libshutdown2.o)
    0x08000214   0x00000000   Code   RO          420    .ARM.Collect$$rtentry$$00000000  c_w.l(__rtentry.o)
    0x08000214   0x00000000   Code   RO          500    .ARM.Collect$$rtentry$$00000002  c_w.l(__rtentry2.o)
    0x08000214   0x00000006   Code   RO          512    .ARM.Collect$$rtentry$$00000004  c_w.l(__rtentry4.o)
    0x0800021a   0x00000000   Code   RO          502    .ARM.Collect$$rtentry$$00000009  c_w.l(__rtentry2.o)
    0x0800021a   0x00000004   Code   RO          503    .ARM.Collect$$rtentry$$0000000A  c_w.l(__rtentry2.o)
    0x0800021e   0x00000000   Code   RO          505    .ARM.Collect$$rtentry$$0000000C  c_w.l(__rtentry2.o)
    0x0800021e   0x00000008   Code   RO          506    .ARM.Collect$$rtentry$$0000000D  c_w.l(__rtentry2.o)
    0x08000226   0x00000002   Code   RO          590    .ARM.Collect$$rtexit$$00000000  c_w.l(rtexit.o)
    0x08000228   0x00000000   Code   RO          641    .ARM.Collect$$rtexit$$00000002  c_w.l(rtexit2.o)
    0x08000228   0x00000004   Code   RO          642    .ARM.Collect$$rtexit$$00000003  c_w.l(rtexit2.o)
    0x0800022c   0x00000006   Code   RO          643    .ARM.Collect$$rtexit$$00000004  c_w.l(rtexit2.o)
    0x08000232   0x00000002   PAD
    0x08000234   0x00000250   Code   RO            1    .text               stm32f10x_it.o
    0x08000484   0x000002c4   Code   RO           87    .text               main.o
    0x08000748   0x000003a4   Code   RO          110    .text               stm32f10x_rcc.o
    0x08000aec   0x00000408   Code   RO          124    .text               stm32f10x_usart.o
    0x08000ef4   0x000000dc   Code   RO          136    .text               misc.o
    0x08000fd0   0x0000035c   Code   RO          148    .text               stm32f10x_gpio.o
    0x0800132c   0x00000e1a   Code   RO          160    .text               stm32f10x_tim.o
    0x08002146   0x00000002   PAD
    0x08002148   0x0000044e   Code   RO          172    .text               stm32f10x_adc.o
    0x08002596   0x00000002   PAD
    0x08002598   0x00000254   Code   RO          184    .text               stm32f10x_dma.o
    0x080027ec   0x00000580   Code   RO          196    .text               m35.o
    0x08002d6c   0x000000cc   Code   RO          267    .text               delay.o
    0x08002e38   0x0000048c   Code   RO          281    .text               bsp.o
    0x080032c4   0x0000015c   Code   RO          303    .text               bsp_dht11.o
    0x08003420   0x000001e0   Code   RO          326    .text               system_stm32f10x.o
    0x08003600   0x00000040   Code   RO          347    .text               startup_stm32f10x_md.o
    0x08003640   0x00000002   Code   RO          353    .text               c_w.l(use_no_semi_2.o)
    0x08003642   0x00000002   PAD
    0x08003644   0x00000018   Code   RO          355    .text               c_w.l(c89printf.o)
    0x0800365c   0x00000018   Code   RO          357    .text               c_w.l(__2printf.o)
    0x08003674   0x00000188   Code   RO          380    .text               c_w.l(__printf_flags_ss_wp.o)
    0x080037fc   0x00000048   Code   RO          384    .text               c_w.l(strcpy.o)
    0x08003844   0x0000003e   Code   RO          386    .text               c_w.l(strlen.o)
    0x08003882   0x00000096   Code   RO          388    .text               c_w.l(strncmp.o)
    0x08003918   0x00000056   Code   RO          390    .text               c_w.l(strncpy.o)
    0x0800396e   0x00000002   PAD
    0x08003970   0x00000080   Code   RO          392    .text               c_w.l(strcmpv7m.o)
    0x080039f0   0x00000006   Code   RO          394    .text               c_w.l(heapauxi.o)
    0x080039f6   0x00000002   Code   RO          418    .text               c_w.l(use_no_semi.o)
    0x080039f8   0x0000004e   Code   RO          421    .text               c_w.l(_printf_pad.o)
    0x08003a46   0x00000024   Code   RO          423    .text               c_w.l(_printf_truncate.o)
    0x08003a6a   0x00000052   Code   RO          425    .text               c_w.l(_printf_str.o)
    0x08003abc   0x00000078   Code   RO          427    .text               c_w.l(_printf_dec.o)
    0x08003b34   0x00000028   Code   RO          429    .text               c_w.l(_printf_charcount.o)
    0x08003b5c   0x00000024   Code   RO          431    .text               c_w.l(_printf_char_file.o)
    0x08003b80   0x000000bc   Code   RO          433    .text               c_w.l(_printf_wctomb.o)
    0x08003c3c   0x0000007c   Code   RO          436    .text               c_w.l(_printf_longlong_dec.o)
    0x08003cb8   0x00000070   Code   RO          442    .text               c_w.l(_printf_oct_int_ll.o)
    0x08003d28   0x00000094   Code   RO          462    .text               c_w.l(_printf_hex_int_ll_ptr.o)
    0x08003dbc   0x00000044   Code   RO          488    .text               c_w.l(rt_memclr.o)
    0x08003e00   0x0000008a   Code   RO          514    .text               c_w.l(lludiv10.o)
    0x08003e8a   0x000000b2   Code   RO          516    .text               c_w.l(_printf_intcommon.o)
    0x08003f3c   0x0000041a   Code   RO          518    .text               c_w.l(_printf_fp_dec.o)
    0x08004356   0x00000002   PAD
    0x08004358   0x00000030   Code   RO          520    .text               c_w.l(_printf_char_common.o)
    0x08004388   0x0000002c   Code   RO          522    .text               c_w.l(_printf_char.o)
    0x080043b4   0x0000002c   Code   RO          524    .text               c_w.l(_printf_wchar.o)
    0x080043e0   0x00000008   Code   RO          526    .text               c_w.l(ferror.o)
    0x080043e8   0x00000040   Code   RO          530    .text               c_w.l(_wcrtomb.o)
    0x08004428   0x0000004e   Code   RO          532    .text               c_w.l(rt_memclr_w.o)
    0x08004476   0x0000004a   Code   RO          534    .text               c_w.l(sys_stackheap_outer.o)
    0x080044c0   0x00000010   Code   RO          536    .text               c_w.l(rt_ctype_table.o)
    0x080044d0   0x00000008   Code   RO          541    .text               c_w.l(rt_locale_intlibspace.o)
    0x080044d8   0x00000080   Code   RO          543    .text               c_w.l(_printf_fp_infnan.o)
    0x08004558   0x000000dc   Code   RO          547    .text               c_w.l(bigflt0.o)
    0x08004634   0x0000000c   Code   RO          575    .text               c_w.l(exit.o)
    0x08004640   0x00000008   Code   RO          587    .text               c_w.l(libspace.o)
    0x08004648   0x0000003e   Code   RO          550    CL$$btod_d2e        c_w.l(btod.o)
    0x08004686   0x00000046   Code   RO          552    CL$$btod_d2e_denorm_low  c_w.l(btod.o)
    0x080046cc   0x00000060   Code   RO          551    CL$$btod_d2e_norm_op1  c_w.l(btod.o)
    0x0800472c   0x00000338   Code   RO          560    CL$$btod_div_common  c_w.l(btod.o)
    0x08004a64   0x000000c6   Code   RO          557    CL$$btod_e2e        c_w.l(btod.o)
    0x08004b2a   0x00000028   Code   RO          554    CL$$btod_ediv       c_w.l(btod.o)
    0x08004b52   0x00000028   Code   RO          553    CL$$btod_emul       c_w.l(btod.o)
    0x08004b7a   0x00000244   Code   RO          559    CL$$btod_mult_common  c_w.l(btod.o)
    0x08004dbe   0x00000028   Code   RO          585    i.__ARM_fpclassify  m_ws.l(fpclassify.o)
    0x08004de6   0x0000000e   Code   RO          373    i._is_digit         c_w.l(__printf_wp.o)
    0x08004df4   0x0000002c   Code   RO          573    locale$$code        c_w.l(lc_numeric_c.o)
    0x08004e20   0x0000002c   Code   RO          593    locale$$code        c_w.l(lc_ctype_c.o)
    0x08004e4c   0x00000062   Code   RO          398    x$fpl$d2f           fz_ws.l(d2f.o)
    0x08004eae   0x00000002   PAD
    0x08004eb0   0x00000150   Code   RO          400    x$fpl$dadd          fz_ws.l(daddsub_clz.o)
    0x08005000   0x000002b0   Code   RO          407    x$fpl$ddiv          fz_ws.l(ddiv.o)
    0x080052b0   0x0000002e   Code   RO          411    x$fpl$dflt          fz_ws.l(dflt_clz.o)
    0x080052de   0x00000002   PAD
    0x080052e0   0x00000154   Code   RO          416    x$fpl$dmul          fz_ws.l(dmul.o)
    0x08005434   0x0000009c   Code   RO          490    x$fpl$dnaninf       fz_ws.l(dnaninf.o)
    0x080054d0   0x0000000c   Code   RO          492    x$fpl$dretinf       fz_ws.l(dretinf.o)
    0x080054dc   0x00000016   Code   RO          401    x$fpl$drsb          fz_ws.l(daddsub_clz.o)
    0x080054f2   0x00000002   PAD
    0x080054f4   0x000001d4   Code   RO          402    x$fpl$dsub          fz_ws.l(daddsub_clz.o)
    0x080056c8   0x0000000a   Code   RO          494    x$fpl$fretinf       fz_ws.l(fretinf.o)
    0x080056d2   0x00000004   Code   RO          496    x$fpl$printf1       fz_ws.l(printf1.o)
    0x080056d6   0x00000000   Code   RO          498    x$fpl$usenofp       fz_ws.l(usenofp.o)
    0x080056d6   0x00000011   Data   RO          381    .constdata          c_w.l(__printf_flags_ss_wp.o)
    0x080056e7   0x00000001   PAD
    0x080056e8   0x00000008   Data   RO          434    .constdata          c_w.l(_printf_wctomb.o)
    0x080056f0   0x00000028   Data   RO          463    .constdata          c_w.l(_printf_hex_int_ll_ptr.o)
    0x08005718   0x00000094   Data   RO          548    .constdata          c_w.l(bigflt0.o)
    0x080057ac   0x00000020   Data   RO          712    Region$$Table       anon$$obj.o
    0x080057cc   0x0000001c   Data   RO          572    locale$$data        c_w.l(lc_numeric_c.o)
    0x080057e8   0x00000110   Data   RO          592    locale$$data        c_w.l(lc_ctype_c.o)


    Execution Region RW_IRAM1 (Base: 0x20000000, Size: 0x00000808, Max: 0x00005000, ABSOLUTE)

    Base Addr    Size         Type   Attr      Idx    E Section Name        Object

    0x20000000   0x00000006   Data   RW            3    .data               stm32f10x_it.o
    0x20000006   0x00000002   PAD
    0x20000008   0x00000009   Data   RW           89    .data               main.o
    0x20000011   0x00000014   Data   RW          111    .data               stm32f10x_rcc.o
    0x20000025   0x00000001   PAD
    0x20000026   0x00000004   Data   RW          268    .data               delay.o
    0x2000002a   0x00000002   PAD
    0x2000002c   0x00000008   Data   RW          282    .data               bsp.o
    0x20000034   0x00000014   Data   RW          327    .data               system_stm32f10x.o
    0x20000048   0x00000101   Zero   RW            2    .bss                stm32f10x_it.o
    0x20000149   0x0000005a   Zero   RW           88    .bss                main.o
    0x200001a3   0x00000001   PAD
    0x200001a4   0x00000060   Zero   RW          588    .bss                c_w.l(libspace.o)
    0x20000204   0x00000004   PAD
    0x20000208   0x00000200   Zero   RW          345    HEAP                startup_stm32f10x_md.o
    0x20000408   0x00000400   Zero   RW          344    STACK               startup_stm32f10x_md.o


==============================================================================

Image component sizes


      Code (inc. data)   RO Data    RW Data    ZI Data      Debug   Object Name

      1164         50          0          8          0       5095   bsp.o
       348          4          0          0          0       1700   bsp_dht11.o
         0          0          0          0          0         32   core_cm3.o
       204         10          0          4          0       1143   delay.o
      1408        472          0          0          0     203448   m35.o
       708        314          0          9         90       1407   main.o
       220         22          0          0          0       1853   misc.o
        64         26        236          0       1536        884   startup_stm32f10x_md.o
      1102         26          0          0          0      10885   stm32f10x_adc.o
       596          8          0          0          0       4382   stm32f10x_dma.o
       860         38          0          0          0       5693   stm32f10x_gpio.o
       592         56          0          6        257     275367   stm32f10x_it.o
       932         36          0         20          0       8868   stm32f10x_rcc.o
      3610         88          0          0          0      22184   stm32f10x_tim.o
      1032         22          0          0          0       8424   stm32f10x_usart.o
       480         38          0         20          0       1967   system_stm32f10x.o

    ----------------------------------------------------------------------
     13324       1210        268         72       1884     553332   Object Totals
         0          0         32          0          0          0   (incl. Generated)
         4          0          0          5          1          0   (incl. Padding)

    ----------------------------------------------------------------------

      Code (inc. data)   RO Data    RW Data    ZI Data      Debug   Library Member Name

        24          4          0          0          0         84   __2printf.o
         8          0          0          0          0         68   __main.o
       392          4         17          0          0         92   __printf_flags_ss_wp.o
        14          0          0          0          0         68   __printf_wp.o
         0          0          0          0          0          0   __rtentry.o
        12          0          0          0          0          0   __rtentry2.o
         6          0          0          0          0          0   __rtentry4.o
        52          8          0          0          0          0   __scatter.o
        26          0          0          0          0          0   __scatter_copy.o
        28          0          0          0          0          0   __scatter_zi.o
         6          0          0          0          0          0   _printf_a.o
         6          0          0          0          0          0   _printf_c.o
        44          0          0          0          0        108   _printf_char.o
        48          6          0          0          0         96   _printf_char_common.o
        36          4          0          0          0         80   _printf_char_file.o
        40          0          0          0          0         68   _printf_charcount.o
         6          0          0          0          0          0   _printf_d.o
       120         16          0          0          0         92   _printf_dec.o
         6          0          0          0          0          0   _printf_e.o
         6          0          0          0          0          0   _printf_f.o
      1050          0          0          0          0        216   _printf_fp_dec.o
       128         16          0          0          0         84   _printf_fp_infnan.o
         6          0          0          0          0          0   _printf_g.o
       148          4         40          0          0        160   _printf_hex_int_ll_ptr.o
         6          0          0          0          0          0   _printf_i.o
       178          0          0          0          0         88   _printf_intcommon.o
        10          0          0          0          0          0   _printf_l.o
         6          0          0          0          0          0   _printf_lc.o
        10          0          0          0          0          0   _printf_ll.o
         6          0          0          0          0          0   _printf_lld.o
         6          0          0          0          0          0   _printf_lli.o
         6          0          0          0          0          0   _printf_llo.o
         6          0          0          0          0          0   _printf_llu.o
         6          0          0          0          0          0   _printf_llx.o
       124         16          0          0          0         92   _printf_longlong_dec.o
         6          0          0          0          0          0   _printf_ls.o
         6          0          0          0          0          0   _printf_n.o
         6          0          0          0          0          0   _printf_o.o
       112          8          0          0          0        124   _printf_oct_int_ll.o
         6          0          0          0          0          0   _printf_p.o
        78          0          0          0          0        108   _printf_pad.o
         0          0          0          0          0          0   _printf_percent.o
         4          0          0          0          0          0   _printf_percent_end.o
         6          0          0          0          0          0   _printf_s.o
        82          0          0          0          0         80   _printf_str.o
        36          0          0          0          0         84   _printf_truncate.o
         6          0          0          0          0          0   _printf_u.o
        44          0          0          0          0        108   _printf_wchar.o
       188          6          8          0          0         92   _printf_wctomb.o
         6          0          0          0          0          0   _printf_x.o
        64          0          0          0          0         92   _wcrtomb.o
       220          4        148          0          0         96   bigflt0.o
      1910        128          0          0          0        672   btod.o
        24          4          0          0          0         84   c89printf.o
        12          0          0          0          0         72   exit.o
         8          0          0          0          0         68   ferror.o
         6          0          0          0          0        152   heapauxi.o
        44         10        272          0          0         76   lc_ctype_c.o
        44         10         28          0          0         76   lc_numeric_c.o
         2          0          0          0          0          0   libinit.o
        30          0          0          0          0          0   libinit2.o
         2          0          0          0          0          0   libshutdown.o
         2          0          0          0          0          0   libshutdown2.o
         8          4          0          0         96         68   libspace.o
       138          0          0          0          0         80   lludiv10.o
        16          4          0          0          0         76   rt_ctype_table.o
         8          4          0          0          0         68   rt_locale_intlibspace.o
        68          0          0          0          0         68   rt_memclr.o
        78          0          0          0          0         80   rt_memclr_w.o
         2          0          0          0          0          0   rtexit.o
        10          0          0          0          0          0   rtexit2.o
       128          0          0          0          0         68   strcmpv7m.o
        72          0          0          0          0         80   strcpy.o
        62          0          0          0          0         76   strlen.o
       150          0          0          0          0         80   strncmp.o
        86          0          0          0          0         76   strncpy.o
        74          0          0          0          0         80   sys_stackheap_outer.o
         2          0          0          0          0         68   use_no_semi.o
         2          0          0          0          0         68   use_no_semi_2.o
        98          4          0          0          0         92   d2f.o
       826         16          0          0          0        348   daddsub_clz.o
       688        140          0          0          0        208   ddiv.o
        46          0          0          0          0         68   dflt_clz.o
       340         12          0          0          0        104   dmul.o
       156          4          0          0          0         92   dnaninf.o
        12          0          0          0          0         68   dretinf.o
        10          0          0          0          0         68   fretinf.o
         4          0          0          0          0         68   printf1.o
         0          0          0          0          0          0   usenofp.o
        40          0          0          0          0         68   fpclassify.o

    ----------------------------------------------------------------------
      8670        436        514          0        100       5600   Library Totals
        16          0          1          0          4          0   (incl. Padding)

    ----------------------------------------------------------------------

      Code (inc. data)   RO Data    RW Data    ZI Data      Debug   Library Name

      6434        260        513          0         96       4416   c_w.l
      2180        176          0          0          0       1116   fz_ws.l
        40          0          0          0          0         68   m_ws.l

    ----------------------------------------------------------------------
      8670        436        514          0        100       5600   Library Totals

    ----------------------------------------------------------------------

==============================================================================


      Code (inc. data)   RO Data    RW Data    ZI Data      Debug   

     21994       1646        782         72       1984     554508   Grand Totals
     21994       1646        782         72       1984     554508   ELF Image Totals
     21994       1646        782         72          0          0   ROM Totals

==============================================================================

    Total RO  Size (Code + RO Data)                22776 (  22.24kB)
    Total RW  Size (RW Data + ZI Data)              2056 (   2.01kB)
    Total ROM Size (Code + RO Data + RW Data)      22848 (  22.31kB)

==============================================================================

