Component: ARM Compiler 5.06 update 4 (build 422) Tool: armlink [4d35d2]

==============================================================================

Section Cross References

    main.o(.text) refers to _printf_percent.o(.ARM.Collect$$_printf_percent$$00000000) for _printf_percent
    main.o(.text) refers to _printf_d.o(.ARM.Collect$$_printf_percent$$00000009) for _printf_d
    main.o(.text) refers to _printf_dec.o(.text) for _printf_int_dec
    main.o(.text) refers to delay.o(.text) for delay_init
    main.o(.text) refers to bsp.o(.text) for NVIC_Configuration
    main.o(.text) refers to key.o(.text) for KEY_Init
    main.o(.text) refers to vs1838b.o(.text) for VS1838_PA1_Init
    main.o(.text) refers to sensor.o(.text) for Sensor_hc_Init
    main.o(.text) refers to adc.o(.text) for Adc_Init
    main.o(.text) refers to pwm.o(.text) for TIM1_PWM_Init
    main.o(.text) refers to stm32f10x_tim.o(.text) for TIM_SetCompare1
    main.o(.text) refers to oled.o(.text) for OLED_GPIO_Init
    main.o(.text) refers to esp8266.o(.text) for ESP8266_SERVER
    main.o(.text) refers to noretval__2sprintf.o(.text) for __2sprintf
    main.o(.text) refers to stm32f10x_it.o(.data) for meter
    main.o(.text) refers to main.o(.bss) for Tick
    stm32f10x_it.o(.text) refers to stm32f10x_exti.o(.text) for EXTI_ClearITPendingBit
    stm32f10x_it.o(.text) refers to stm32f10x_usart.o(.text) for USART_GetITStatus
    stm32f10x_it.o(.text) refers to stm32f10x_tim.o(.text) for TIM_GetITStatus
    stm32f10x_it.o(.text) refers to esp8266.o(.text) for Get_Clinet
    stm32f10x_it.o(.text) refers to main.o(.bss) for buf_uart1
    stm32f10x_rcc.o(.text) refers to stm32f10x_rcc.o(.data) for APBAHBPrescTable
    stm32f10x_usart.o(.text) refers to stm32f10x_rcc.o(.text) for RCC_APB2PeriphResetCmd
    stm32f10x_gpio.o(.text) refers to stm32f10x_rcc.o(.text) for RCC_APB2PeriphResetCmd
    stm32f10x_tim.o(.text) refers to stm32f10x_rcc.o(.text) for RCC_APB2PeriphResetCmd
    stm32f10x_adc.o(.text) refers to stm32f10x_rcc.o(.text) for RCC_APB2PeriphResetCmd
    stm32f10x_pwr.o(.text) refers to stm32f10x_rcc.o(.text) for RCC_APB1PeriphResetCmd
    stm32f10x_bkp.o(.text) refers to stm32f10x_rcc.o(.text) for RCC_BackupResetCmd
    delay.o(.text) refers to delay.o(.data) for fac_us
    key.o(.text) refers to stm32f10x_rcc.o(.text) for RCC_APB2PeriphClockCmd
    key.o(.text) refers to stm32f10x_gpio.o(.text) for GPIO_PinRemapConfig
    bsp.o(.text) refers (Special) to use_no_semi_2.o(.text) for __use_no_semihosting
    bsp.o(.text) refers to stm32f10x_rcc.o(.text) for RCC_APB2PeriphClockCmd
    bsp.o(.text) refers to stm32f10x_gpio.o(.text) for GPIO_Init
    bsp.o(.text) refers to stm32f10x_usart.o(.text) for USART_Init
    bsp.o(.text) refers to misc.o(.text) for NVIC_Init
    bsp.o(.text) refers to stm32f10x_tim.o(.text) for TIM_TimeBaseInit
    bsp.o(.text) refers to delay.o(.text) for delay_ms
    bsp.o(.text) refers to main.o(.bss) for buf_uart1
    bsp.o(.data) refers (Special) to use_no_semi_2.o(.text) for __use_no_semihosting
    oled.o(.text) refers to delay.o(.text) for delay_us
    oled.o(.text) refers to oled.o(.constdata) for F6x8
    esp8266.o(.text) refers to _printf_percent.o(.ARM.Collect$$_printf_percent$$00000000) for _printf_percent
    esp8266.o(.text) refers to _printf_s.o(.ARM.Collect$$_printf_percent$$00000014) for _printf_s
    esp8266.o(.text) refers to _printf_str.o(.text) for _printf_str
    esp8266.o(.text) refers to strlen.o(.text) for strlen
    esp8266.o(.text) refers to bsp.o(.text) for Usart_SendStr_length
    esp8266.o(.text) refers to strstr.o(.text) for strstr
    esp8266.o(.text) refers to delay.o(.text) for delay_ms
    esp8266.o(.text) refers to noretval__2sprintf.o(.text) for __2sprintf
    esp8266.o(.text) refers to main.o(.bss) for buf_uart1
    esp8266.o(.text) refers to main.o(.data) for password
    esp8266.o(.text) refers to esp8266.o(.bss) for Recwifi_data
    esp8266.o(.text) refers to stm32f10x_it.o(.data) for meter
    pwm.o(.text) refers to stm32f10x_rcc.o(.text) for RCC_APB2PeriphClockCmd
    pwm.o(.text) refers to stm32f10x_gpio.o(.text) for GPIO_Init
    pwm.o(.text) refers to stm32f10x_tim.o(.text) for TIM_TimeBaseInit
    sensor.o(.text) refers to stm32f10x_rcc.o(.text) for RCC_APB2PeriphClockCmd
    sensor.o(.text) refers to stm32f10x_gpio.o(.text) for GPIO_Init
    vs1838b.o(.text) refers to _printf_percent.o(.ARM.Collect$$_printf_percent$$00000000) for _printf_percent
    vs1838b.o(.text) refers to _printf_d.o(.ARM.Collect$$_printf_percent$$00000009) for _printf_d
    vs1838b.o(.text) refers to _printf_dec.o(.text) for _printf_int_dec
    vs1838b.o(.text) refers to stm32f10x_rcc.o(.text) for RCC_APB2PeriphClockCmd
    vs1838b.o(.text) refers to stm32f10x_gpio.o(.text) for GPIO_Init
    vs1838b.o(.text) refers to stm32f10x_exti.o(.text) for EXTI_Init
    vs1838b.o(.text) refers to misc.o(.text) for NVIC_PriorityGroupConfig
    vs1838b.o(.text) refers to delay.o(.text) for delay_us
[...]
    rtexit.o(.ARM.Collect$$rtexit$$00000000) refers (Special) to rtexit2.o(.ARM.Collect$$rtexit$$00000004) for __rt_exit_exit
    rtexit.o(.ARM.Collect$$rtexit$$00000000) refers (Special) to rtexit2.o(.ARM.Collect$$rtexit$$00000003) for __rt_exit_ls
    rtexit.o(.ARM.Collect$$rtexit$$00000000) refers (Special) to rtexit2.o(.ARM.Collect$$rtexit$$00000002) for __rt_exit_prels_1
    rtexit.o(.ARM.exidx) refers (Special) to rtexit2.o(.ARM.Collect$$rtexit$$00000004) for __rt_exit_exit
    rtexit.o(.ARM.exidx) refers (Special) to rtexit2.o(.ARM.Collect$$rtexit$$00000003) for __rt_exit_ls
    rtexit.o(.ARM.exidx) refers (Special) to rtexit2.o(.ARM.Collect$$rtexit$$00000002) for __rt_exit_prels_1
    rtexit.o(.ARM.exidx) refers to rtexit.o(.ARM.Collect$$rtexit$$00000000) for .ARM.Collect$$rtexit$$00000000
    libinit2.o(.ARM.Collect$$libinit$$00000010) refers to libinit2.o(.ARM.Collect$$libinit$$0000000F) for .ARM.Collect$$libinit$$0000000F
    libinit2.o(.ARM.Collect$$libinit$$00000012) refers to libinit2.o(.ARM.Collect$$libinit$$0000000F) for .ARM.Collect$$libinit$$0000000F
    libinit2.o(.ARM.Collect$$libinit$$00000014) refers to libinit2.o(.ARM.Collect$$libinit$$0000000F) for .ARM.Collect$$libinit$$0000000F
    libinit2.o(.ARM.Collect$$libinit$$00000016) refers to libinit2.o(.ARM.Collect$$libinit$$0000000F) for .ARM.Collect$$libinit$$0000000F
    libinit2.o(.ARM.Collect$$libinit$$00000018) refers to libinit2.o(.ARM.Collect$$libinit$$0000000F) for .ARM.Collect$$libinit$$0000000F
    libinit2.o(.ARM.Collect$$libinit$$00000026) refers to argv_veneer.o(.emb_text) for __ARM_argv_veneer
    libinit2.o(.ARM.Collect$$libinit$$00000027) refers to argv_veneer.o(.emb_text) for __ARM_argv_veneer
    rtexit2.o(.ARM.Collect$$rtexit$$00000003) refers to libshutdown.o(.ARM.Collect$$libshutdown$$00000000) for __rt_lib_shutdown
    rtexit2.o(.ARM.Collect$$rtexit$$00000004) refers to bsp.o(.text) for _sys_exit
    rtexit2.o(.ARM.exidx) refers to rtexit2.o(.ARM.Collect$$rtexit$$00000001) for .ARM.Collect$$rtexit$$00000001
    rtexit2.o(.ARM.exidx) refers to rtexit2.o(.ARM.Collect$$rtexit$$00000003) for .ARM.Collect$$rtexit$$00000003
    rtexit2.o(.ARM.exidx) refers to rtexit2.o(.ARM.Collect$$rtexit$$00000004) for .ARM.Collect$$rtexit$$00000004
    argv_veneer.o(.emb_text) refers to no_argv.o(.text) for __ARM_get_argv
    _get_argv_nomalloc.o(.text) refers (Special) to hrguard.o(.text) for __heap_region$guard
    _get_argv_nomalloc.o(.text) refers to defsig_rtmem_outer.o(.text) for __rt_SIGRTMEM
    _get_argv_nomalloc.o(.text) refers to sys_command.o(.text) for _sys_command_string
    libshutdown.o(.ARM.Collect$$libshutdown$$00000000) refers (Special) to libshutdown2.o(.ARM.Collect$$libshutdown$$00000002) for __rt_lib_shutdown_cpp_1
    libshutdown.o(.ARM.Collect$$libshutdown$$00000000) refers (Special) to libshutdown2.o(.ARM.Collect$$libshutdown$$00000007) for __rt_lib_shutdown_fp_trap_1
    libshutdown.o(.ARM.Collect$$libshutdown$$00000000) refers (Special) to libshutdown2.o(.ARM.Collect$$libshutdown$$0000000F) for __rt_lib_shutdown_heap_1
    libshutdown.o(.ARM.Collect$$libshutdown$$00000000) refers (Special) to libshutdown2.o(.ARM.Collect$$libshutdown$$00000010) for __rt_lib_shutdown_return
    libshutdown.o(.ARM.Collect$$libshutdown$$00000000) refers (Special) to libshutdown2.o(.ARM.Collect$$libshutdown$$0000000A) for __rt_lib_shutdown_signal_1
    libshutdown.o(.ARM.Collect$$libshutdown$$00000000) refers (Special) to libshutdown2.o(.ARM.Collect$$libshutdown$$00000004) for __rt_lib_shutdown_stdio_1
    libshutdown.o(.ARM.Collect$$libshutdown$$00000000) refers (Special) to libshutdown2.o(.ARM.Collect$$libshutdown$$0000000C) for __rt_lib_shutdown_user_alloc_1
    sys_command.o(.text) refers (Special) to use_no_semi.o(.text) for __I$use$semihosting
    sys_command.o(.text) refers (Special) to indicate_semi.o(.text) for __semihosting_library_function
    defsig_rtmem_outer.o(.text) refers to defsig_rtmem_inner.o(.text) for __rt_SIGRTMEM_inner
    defsig_rtmem_outer.o(.text) refers to defsig_exit.o(.text) for __sig_exit
    defsig_rtmem_formal.o(.text) refers to rt_raise.o(.text) for __rt_raise
    rt_raise.o(.text) refers to __raise.o(.text) for __raise
    rt_raise.o(.text) refers to bsp.o(.text) for _sys_exit
    defsig_exit.o(.text) refers to bsp.o(.text) for _sys_exit
    defsig_rtmem_inner.o(.text) refers to defsig_general.o(.text) for __default_signal_display
    __raise.o(.text) refers to defsig.o(CL$$defsig) for __default_signal_handler
    defsig_general.o(.text) refers to sys_wrch.o(.text) for _ttywrch
    sys_wrch.o(.text) refers (Special) to use_no_semi.o(.text) for __I$use$semihosting
    sys_wrch.o(.text) refers (Special) to indicate_semi.o(.text) for __semihosting_library_function
    defsig.o(CL$$defsig) refers to defsig_rtmem_inner.o(.text) for __rt_SIGRTMEM_inner
    defsig_abrt_inner.o(.text) refers to defsig_general.o(.text) for __default_signal_display
    defsig_fpe_inner.o(.text) refers to defsig_general.o(.text) for __default_signal_display
    defsig_rtred_inner.o(.text) refers to defsig_general.o(.text) for __default_signal_display
    defsig_stak_inner.o(.text) refers to defsig_general.o(.text) for __default_signal_display
    defsig_pvfn_inner.o(.text) refers to defsig_general.o(.text) for __default_signal_display
    defsig_cppl_inner.o(.text) refers to defsig_general.o(.text) for __default_signal_display
    defsig_segv_inner.o(.text) refers to defsig_general.o(.text) for __default_signal_display
    defsig_other.o(.text) refers to defsig_general.o(.text) for __default_signal_display


==============================================================================

Removing Unused input sections from the image.

    Removing stm32f10x_dma.o(.text), (596 bytes).
    Removing stm32f10x_flash.o(.text), (1468 bytes).
    Removing stm32f10x_pwr.o(.text), (204 bytes).
    Removing stm32f10x_rtc.o(.text), (328 bytes).
    Removing stm32f10x_bkp.o(.text), (196 bytes).
    Removing sys.o(.emb_text), (6 bytes).
    Removing sys.o(.text), (12 bytes).
    Removing esp8266.o(.data), (1 bytes).
    Removing core_cm3.o(.emb_text), (32 bytes).

9 unused section(s) (total 2843 bytes) removed from the image.

==============================================================================

Image Symbol Table

    Local Symbols

    Symbol Name                              Value     Ov Type        Size  Object(Section)

    ../clib/angel/boardlib.s                 0x00000000   Number         0  boardinit2.o ABSOLUTE
    ../clib/angel/boardlib.s                 0x00000000   Number         0  boardinit3.o ABSOLUTE
    ../clib/angel/boardlib.s                 0x00000000   Number         0  boardinit1.o ABSOLUTE
    ../clib/angel/boardlib.s                 0x00000000   Number         0  boardshut.o ABSOLUTE
    ../clib/angel/dczerorl2.s                0x00000000   Number         0  __dczerorl2.o ABSOLUTE
    ../clib/angel/handlers.s                 0x00000000   Number         0  __scatter_zi.o ABSOLUTE
    ../clib/angel/kernel.s                   0x00000000   Number         0  rtexit.o ABSOLUTE
    ../clib/angel/kernel.s                   0x00000000   Number         0  __rtentry.o ABSOLUTE
    ../clib/angel/kernel.s                   0x00000000   Number         0  rtexit2.o ABSOLUTE
    ../clib/angel/kernel.s                   0x00000000   Number         0  __rtentry2.o ABSOLUTE
    ../clib/angel/kernel.s                   0x00000000   Number         0  __rtentry4.o ABSOLUTE
    ../clib/angel/rt.s                       0x00000000   Number         0  rt_raise.o ABSOLUTE
    ../clib/angel/scatter.s                  0x00000000   Number         0  __scatter.o ABSOLUTE
    ../clib/angel/startup.s                  0x00000000   Number         0  __main.o ABSOLUTE
    ../clib/angel/sys.s                      0x00000000   Number         0  sys_stackheap_outer.o ABSOLUTE
    ../clib/angel/sys.s                      0x00000000   Number         0  indicate_semi.o ABSOLUTE
    ../clib/angel/sys.s                      0x00000000   Number         0  libspace.o ABSOLUTE
    ../clib/angel/sys.s                      0x00000000   Number         0  use_no_semi.o ABSOLUTE
    ../clib/angel/sys.s                      0x00000000   Number         0  use_no_semi_2.o ABSOLUTE
    ../clib/angel/sysapp.c                   0x00000000   Number         0  sys_command.o ABSOLUTE
    ../clib/angel/sysapp.c                   0x00000000   Number         0  sys_wrch.o ABSOLUTE
    ../clib/armsys.c                         0x00000000   Number         0  argv_veneer.o ABSOLUTE
    ../clib/armsys.c                         0x00000000   Number         0  no_argv.o ABSOLUTE
    ../clib/armsys.c                         0x00000000   Number         0  argv_veneer.o ABSOLUTE
    ../clib/armsys.c                         0x00000000   Number         0  _get_argv_nomalloc.o ABSOLUTE
    ../clib/heapalloc.c                      0x00000000   Number         0  hrguard.o ABSOLUTE
    ../clib/heapaux.c                        0x00000000   Number         0  heapauxi.o ABSOLUTE
    ../clib/libinit.s                        0x00000000   Number         0  libshutdown.o ABSOLUTE
    ../clib/libinit.s                        0x00000000   Number         0  libshutdown2.o ABSOLUTE
    ../clib/libinit.s                        0x00000000   Number         0  libinit.o ABSOLUTE
    ../clib/libinit.s                        0x00000000   Number         0  libinit2.o ABSOLUTE
    ../clib/misc.s                           0x00000000   Number         0  printf_stubs.o ABSOLUTE
    ../clib/printf.c                         0x00000000   Number         0  __2printf.o ABSOLUTE
    ../clib/printf.c                         0x00000000   Number         0  _sputc.o ABSOLUTE
    ../clib/printf.c                         0x00000000   Number         0  __printf_flags.o ABSOLUTE
    ../clib/printf.c                         0x00000000   Number         0  __2sprintf.o ABSOLUTE
    ../clib/printf.c                         0x00000000   Number         0  _printf_char_common.o ABSOLUTE
    ../clib/printf.c                         0x00000000   Number         0  noretval__2sprintf.o ABSOLUTE
    ../clib/printf.c                         0x00000000   Number         0  __printf.o ABSOLUTE
    ../clib/printf.c                         0x00000000   Number         0  _printf_intcommon.o ABSOLUTE
    ../clib/printf.c                         0x00000000   Number         0  __printf_nopercent.o ABSOLUTE
    ../clib/printf.c                         0x00000000   Number         0  _printf_dec.o ABSOLUTE
    ../clib/printf.c                         0x00000000   Number         0  noretval__2printf.o ABSOLUTE
    ../clib/printf.c                         0x00000000   Number         0  __printf_ss.o ABSOLUTE
    ../clib/printf.c                         0x00000000   Number         0  __printf_flags_ss.o ABSOLUTE
    ../clib/printf.c                         0x00000000   Number         0  __printf_wp.o ABSOLUTE
    ../clib/printf.c                         0x00000000   Number         0  _printf_str.o ABSOLUTE
    ../clib/printf.c                         0x00000000   Number         0  __printf_flags_wp.o ABSOLUTE
    ../clib/printf.c                         0x00000000   Number         0  _printf_char_file.o ABSOLUTE
    ../clib/printf.c                         0x00000000   Number         0  _printf_char.o ABSOLUTE
    ../clib/printf.c                         0x00000000   Number         0  __printf_ss_wp.o ABSOLUTE
    ../clib/printf.c                         0x00000000   Number         0  __printf_flags_ss_wp.o ABSOLUTE
    ../clib/printf_percent.s                 0x00000000   Number         0  _printf_percent.o ABSOLUTE
    ../clib/printf_percent.s                 0x00000000   Number         0  _printf_percent_end.o ABSOLUTE
    ../clib/printf_percent.s                 0x00000000   Number         0  _printf_d.o ABSOLUTE
    ../clib/printf_percent.s                 0x00000000   Number         0  _printf_s.o ABSOLUTE
    ../clib/signal.c                         0x00000000   Number         0  defsig_pvfn_inner.o ABSOLUTE
    ../clib/signal.c                         0x00000000   Number         0  defsig_stak_inner.o ABSOLUTE
    ../clib/signal.c                         0x00000000   Number         0  defsig_rtred_inner.o ABSOLUTE
    ../clib/signal.c                         0x00000000   Number         0  defsig_fpe_inner.o ABSOLUTE
    ../clib/signal.c                         0x00000000   Number         0  defsig_abrt_inner.o ABSOLUTE
    ../clib/signal.c                         0x00000000   Number         0  __raise.o ABSOLUTE
    ../clib/signal.c                         0x00000000   Number         0  defsig_rtmem_inner.o ABSOLUTE
    ../clib/signal.c                         0x00000000   Number         0  defsig_exit.o ABSOLUTE
    ../clib/signal.c                         0x00000000   Number         0  defsig_rtmem_formal.o ABSOLUTE
    ../clib/signal.c                         0x00000000   Number         0  defsig_general.o ABSOLUTE
    ../clib/signal.c                         0x00000000   Number         0  defsig_rtmem_outer.o ABSOLUTE
    ../clib/signal.c                         0x00000000   Number         0  defsig_other.o ABSOLUTE
    ../clib/signal.c                         0x00000000   Number         0  defsig_segv_inner.o ABSOLUTE
    ../clib/signal.c                         0x00000000   Number         0  defsig_cppl_inner.o ABSOLUTE
    ../clib/signal.s                         0x00000000   Number         0  defsig.o ABSOLUTE
    ../clib/stdio.c                          0x00000000   Number         0  ferror.o ABSOLUTE
    ../clib/stdio.c                          0x00000000   Number         0  ferror_locked.o ABSOLUTE
    ../clib/stdlib.c                         0x00000000   Number         0  exit.o ABSOLUTE
    ../clib/string.c                         0x00000000   Number         0  strlen.o ABSOLUTE
    ../clib/string.c                         0x00000000   Number         0  strstr.o ABSOLUTE
    ../fplib/fpinit.s                        0x00000000   Number         0  fpinit.o ABSOLUTE
    ..\Bsp\Bsp.c                             0x00000000   Number         0  bsp.o ABSOLUTE
    ..\Bsp\adc.c                             0x00000000   Number         0  adc.o ABSOLUTE
    ..\Bsp\delay.c                           0x00000000   Number         0  delay.o ABSOLUTE
    ..\Bsp\esp8266.c                         0x00000000   Number         0  esp8266.o ABSOLUTE
    ..\Bsp\key.c                             0x00000000   Number         0  key.o ABSOLUTE
    ..\Bsp\oled.c                            0x00000000   Number         0  oled.o ABSOLUTE
    ..\Bsp\pwm.c                             0x00000000   Number         0  pwm.o ABSOLUTE
    ..\Bsp\sensor.c                          0x00000000   Number         0  sensor.o ABSOLUTE
    ..\Bsp\sys.c                             0x00000000   Number         0  sys.o ABSOLUTE
    ..\Bsp\vs1838b.c                         0x00000000   Number         0  vs1838b.o ABSOLUTE
    ..\Lib\CMSIS\CM3\CoreSupport\core_cm3.c  0x00000000   Number         0  core_cm3.o ABSOLUTE
    ..\Lib\CMSIS\CM3\DeviceSupport\ST\STM32F10x\startup\arm\startup_stm32f10x_md.s 0x00000000   Number         0  startup_stm32f10x_md.o ABSOLUTE
    ..\Lib\CMSIS\CM3\DeviceSupport\ST\STM32F10x\system_stm32f10x.c 0x00000000   Number         0  system_stm32f10x.o ABSOLUTE
    ..\Lib\STM32F10x_StdPeriph_Driver\src\misc.c 0x00000000   Number         0  misc.o ABSOLUTE
    ..\Lib\STM32F10x_StdPeriph_Driver\src\stm32f10x_adc.c 0x00000000   Number         0  stm32f10x_adc.o ABSOLUTE
    ..\Lib\STM32F10x_StdPeriph_Driver\src\stm32f10x_bkp.c 0x00000000   Number         0  stm32f10x_bkp.o ABSOLUTE
    ..\Lib\STM32F10x_StdPeriph_Driver\src\stm32f10x_dma.c 0x00000000   Number         0  stm32f10x_dma.o ABSOLUTE
    ..\Lib\STM32F10x_StdPeriph_Driver\src\stm32f10x_exti.c 0x00000000   Number         0  stm32f10x_exti.o ABSOLUTE
    ..\Lib\STM32F10x_StdPeriph_Driver\src\stm32f10x_flash.c 0x00000000   Number         0  stm32f10x_flash.o ABSOLUTE
    ..\Lib\STM32F10x_StdPeriph_Driver\src\stm32f10x_gpio.c 0x00000000   Number         0  stm32f10x_gpio.o ABSOLUTE
    ..\Lib\STM32F10x_StdPeriph_Driver\src\stm32f10x_pwr.c 0x00000000   Number         0  stm32f10x_pwr.o ABSOLUTE
    ..\Lib\STM32F10x_StdPeriph_Driver\src\stm32f10x_rcc.c 0x00000000   Number         0  stm32f10x_rcc.o ABSOLUTE
    ..\Lib\STM32F10x_StdPeriph_Driver\src\stm32f10x_rtc.c 0x00000000   Number         0  stm32f10x_rtc.o ABSOLUTE
    ..\Lib\STM32F10x_StdPeriph_Driver\src\stm32f10x_tim.c 0x00000000   Number         0  stm32f10x_tim.o ABSOLUTE
    ..\Lib\STM32F10x_StdPeriph_Driver\src\stm32f10x_usart.c 0x00000000   Number         0  stm32f10x_usart.o ABSOLUTE
    ..\User\main.c                           0x00000000   Number         0  main.o ABSOLUTE
    ..\User\stm32f10x_it.c                   0x00000000   Number         0  stm32f10x_it.o ABSOLUTE
    ..\\Bsp\\sys.c                           0x00000000   Number         0  sys.o ABSOLUTE
    ..\\Lib\\CMSIS\\CM3\\CoreSupport\\core_cm3.c 0x00000000   Number         0  core_cm3.o ABSOLUTE
    dc.s                                     0x00000000   Number         0  dc.o ABSOLUTE
    RESET                                    0x08000000   Section      236  startup_stm32f10x_md.o(RESET)
    !!!main                                  0x080000ec   Section        8  __main.o(!!!main)
    !!!scatter                               0x080000f4   Section       52  __scatter.o(!!!scatter)
    !!dczerorl2                              0x08000128   Section       90  __dczerorl2.o(!!dczerorl2)
    !!handler_zi                             0x08000184   Section       28  __scatter_zi.o(!!handler_zi)
    .ARM.Collect$$_printf_percent$$00000000  0x080001a0   Section        0  _printf_percent.o(.ARM.Collect$$_printf_percent$$00000000)
    .ARM.Collect$$_printf_percent$$00000009  0x080001a0   Section        6  _printf_d.o(.ARM.Collect$$_printf_percent$$00000009)
    .ARM.Collect$$_printf_percent$$00000014  0x080001a6   Section        6  _printf_s.o(.ARM.Collect$$_printf_percent$$00000014)
    .ARM.Collect$$_printf_percent$$00000017  0x080001ac   Section        4  _printf_percent_end.o(.ARM.Collect$$_printf_percent$$00000017)
    .ARM.Collect$$libinit$$00000000          0x080001b0   Section        2  libinit.o(.ARM.Collect$$libinit$$00000000)
    .ARM.Collect$$libinit$$00000002          0x080001b2   Section        0  libinit2.o(.ARM.Collect$$libinit$$00000002)
    .ARM.Collect$$libinit$$00000004          0x080001b2   Section        0  libinit2.o(.ARM.Collect$$libinit$$00000004)
    .ARM.Collect$$libinit$$0000000A          0x080001b2   Section        0  libinit2.o(.ARM.Collect$$libinit$$0000000A)
    .ARM.Collect$$libinit$$0000000C          0x080001b2   Section        0  libinit2.o(.ARM.Collect$$libinit$$0000000C)
    .ARM.Collect$$libinit$$0000000E          0x080001b2   Section        0  libinit2.o(.ARM.Collect$$libinit$$0000000E)
    .ARM.Collect$$libinit$$00000011          0x080001b2   Section        0  libinit2.o(.ARM.Collect$$libinit$$00000011)
    .ARM.Collect$$libinit$$00000013          0x080001b2   Section        0  libinit2.o(.ARM.Collect$$libinit$$00000013)
    .ARM.Collect$$libinit$$00000015          0x080001b2   Section        0  libinit2.o(.ARM.Collect$$libinit$$00000015)
    .ARM.Collect$$libinit$$00000017          0x080001b2   Section        0  libinit2.o(.ARM.Collect$$libinit$$00000017)
    .ARM.Collect$$libinit$$00000019          0x080001b2   Section        0  libinit2.o(.ARM.Collect$$libinit$$00000019)
    .ARM.Collect$$libinit$$0000001B          0x080001b2   Section        0  libinit2.o(.ARM.Collect$$libinit$$0000001B)
    .ARM.Collect$$libinit$$0000001D          0x080001b2   Section        0  libinit2.o(.ARM.Collect$$libinit$$0000001D)
    .ARM.Collect$$libinit$$0000001F          0x080001b2   Section        0  libinit2.o(.ARM.Collect$$libinit$$0000001F)
    .ARM.Collect$$libinit$$00000021          0x080001b2   Section        0  libinit2.o(.ARM.Collect$$libinit$$00000021)
    .ARM.Collect$$libinit$$00000023          0x080001b2   Section        0  libinit2.o(.ARM.Collect$$libinit$$00000023)
    .ARM.Collect$$libinit$$00000025          0x080001b2   Section        0  libinit2.o(.ARM.Collect$$libinit$$00000025)
    .ARM.Collect$$libinit$$0000002C          0x080001b2   Section        0  libinit2.o(.ARM.Collect$$libinit$$0000002C)
    .ARM.Collect$$libinit$$0000002E          0x080001b2   Section        0  libinit2.o(.ARM.Collect$$libinit$$0000002E)
    .ARM.Collect$$libinit$$00000030          0x080001b2   Section        0  libinit2.o(.ARM.Collect$$libinit$$00000030)
    .ARM.Collect$$libinit$$00000032          0x080001b2   Section        0  libinit2.o(.ARM.Collect$$libinit$$00000032)
    .ARM.Collect$$libinit$$00000033          0x080001b2   Section        2  libinit2.o(.ARM.Collect$$libinit$$00000033)
    .ARM.Collect$$libshutdown$$00000000      0x080001b4   Section        2  libshutdown.o(.ARM.Collect$$libshutdown$$00000000)
    .ARM.Collect$$libshutdown$$00000002      0x080001b6   Section        0  libshutdown2.o(.ARM.Collect$$libshutdown$$00000002)
    .ARM.Collect$$libshutdown$$00000004      0x080001b6   Section        0  libshutdown2.o(.ARM.Collect$$libshutdown$$00000004)
    .ARM.Collect$$libshutdown$$00000007      0x080001b6   Section        0  libshutdown2.o(.ARM.Collect$$libshutdown$$00000007)
    .ARM.Collect$$libshutdown$$0000000A      0x080001b6   Section        0  libshutdown2.o(.ARM.Collect$$libshutdown$$0000000A)
    .ARM.Collect$$libshutdown$$0000000C      0x080001b6   Section        0  libshutdown2.o(.ARM.Collect$$libshutdown$$0000000C)
    .ARM.Collect$$libshutdown$$0000000F      0x080001b6   Section        0  libshutdown2.o(.ARM.Collect$$libshutdown$$0000000F)
    .ARM.Collect$$libshutdown$$00000010      0x080001b6   Section        2  libshutdown2.o(.ARM.Collect$$libshutdown$$00000010)
    .ARM.Collect$$rtentry$$00000000          0x080001b8   Section        0  __rtentry.o(.ARM.Collect$$rtentry$$00000000)
    .ARM.Collect$$rtentry$$00000002          0x080001b8   Section        0  __rtentry2.o(.ARM.Collect$$rtentry$$00000002)
    .ARM.Collect$$rtentry$$00000004          0x080001b8   Section        6  __rtentry4.o(.ARM.Collect$$rtentry$$00000004)
    .ARM.Collect$$rtentry$$00000009          0x080001be   Section        0  __rtentry2.o(.ARM.Collect$$rtentry$$00000009)
    .ARM.Collect$$rtentry$$0000000A          0x080001be   Section        4  __rtentry2.o(.ARM.Collect$$rtentry$$0000000A)
    .ARM.Collect$$rtentry$$0000000C          0x080001c2   Section        0  __rtentry2.o(.ARM.Collect$$rtentry$$0000000C)
    .ARM.Collect$$rtentry$$0000000D          0x080001c2   Section        8  __rtentry2.o(.ARM.Collect$$rtentry$$0000000D)
    .ARM.Collect$$rtexit$$00000000           0x080001ca   Section        2  rtexit.o(.ARM.Collect$$rtexit$$00000000)
    .ARM.Collect$$rtexit$$00000002           0x080001cc   Section        0  rtexit2.o(.ARM.Collect$$rtexit$$00000002)
    .ARM.Collect$$rtexit$$00000003           0x080001cc   Section        4  rtexit2.o(.ARM.Collect$$rtexit$$00000003)
    .ARM.Collect$$rtexit$$00000004           0x080001d0   Section        6  rtexit2.o(.ARM.Collect$$rtexit$$00000004)
    .text                                    0x080001d8   Section        0  main.o(.text)
    .text                                    0x08000568   Section        0  stm32f10x_it.o(.text)
    .text                                    0x08000708   Section        0  stm32f10x_rcc.o(.text)
    .text                                    0x08000aac   Section        0  stm32f10x_usart.o(.text)
    .text                                    0x08000eb4   Section        0  misc.o(.text)
    .text                                    0x08000f90   Section        0  stm32f10x_gpio.o(.text)
    .text                                    0x080012ec   Section        0  stm32f10x_tim.o(.text)
    TI4_Config                               0x08001793   Thumb Code   130  stm32f10x_tim.o(.text)
    TI3_Config                               0x08001827   Thumb Code   122  stm32f10x_tim.o(.text)
    TI2_Config                               0x080018bb   Thumb Code   130  stm32f10x_tim.o(.text)
    TI1_Config                               0x0800194f   Thumb Code   108  stm32f10x_tim.o(.text)
    .text                                    0x08002108   Section        0  stm32f10x_adc.o(.text)
    .text                                    0x08002558   Section        0  stm32f10x_exti.o(.text)
    .text                                    0x08002674   Section        0  delay.o(.text)
    .text                                    0x08002740   Section        0  key.o(.text)
    .text                                    0x08002790   Section        0  bsp.o(.text)
    .text                                    0x08002acc   Section        0  oled.o(.text)
    .text                                    0x08002f44   Section        0  esp8266.o(.text)
    .text                                    0x080031c0   Section        0  pwm.o(.text)
    .text                                    0x08003258   Section        0  sensor.o(.text)
    .text                                    0x08003284   Section        0  vs1838b.o(.text)
    .text                                    0x08003518   Section        0  adc.o(.text)
    .text                                    0x08003640   Section        0  system_stm32f10x.o(.text)
    SetSysClockTo72                          0x08003641   Thumb Code   214  system_stm32f10x.o(.text)
    SetSysClock                              0x08003717   Thumb Code     8  system_stm32f10x.o(.text)
    .text                                    0x08003820   Section       64  startup_stm32f10x_md.o(.text)
    .text                                    0x08003860   Section        2  use_no_semi_2.o(.text)
    .text                                    0x08003864   Section        0  noretval__2printf.o(.text)
    .text                                    0x0800387c   Section        0  noretval__2sprintf.o(.text)
    .text                                    0x080038a4   Section        0  _printf_str.o(.text)
    .text                                    0x080038f8   Section        0  _printf_dec.o(.text)
    .text                                    0x08003970   Section        0  __printf_flags_wp.o(.text)
    .text                                    0x08003aa8   Section        0  strstr.o(.text)
    .text                                    0x08003acc   Section        0  strlen.o(.text)
    .text                                    0x08003b0a   Section        0  heapauxi.o(.text)
    .text                                    0x08003b10   Section        2  use_no_semi.o(.text)
    .text                                    0x08003b12   Section        0  _printf_intcommon.o(.text)
    .text                                    0x08003bc4   Section        0  _printf_char_common.o(.text)
    _printf_input_char                       0x08003bc5   Thumb Code    10  _printf_char_common.o(.text)
    .text                                    0x08003bf4   Section        0  _sputc.o(.text)
    .text                                    0x08003bfe   Section        0  _printf_char.o(.text)
    .text                                    0x08003c2c   Section        0  _printf_char_file.o(.text)
    .text                                    0x08003c50   Section        0  ferror.o(.text)
    .text                                    0x08003c58   Section       74  sys_stackheap_outer.o(.text)
    .text                                    0x08003ca2   Section        0  exit.o(.text)
    .text                                    0x08003cb4   Section        8  libspace.o(.text)
    i._is_digit                              0x08003cbc   Section        0  __printf_wp.o(i._is_digit)
    .constdata                               0x08003cca   Section     3096  oled.o(.constdata)
    .constdata                               0x080048e2   Section       17  __printf_flags_wp.o(.constdata)
    maptable                                 0x080048e2   Data          17  __printf_flags_wp.o(.constdata)
    .data                                    0x20000000   Section     1064  main.o(.data)
    .data                                    0x20000428   Section        8  stm32f10x_it.o(.data)
    .data                                    0x20000430   Section       20  stm32f10x_rcc.o(.data)
    APBAHBPrescTable                         0x20000430   Data          16  stm32f10x_rcc.o(.data)
    ADCPrescTable                            0x20000440   Data           4  stm32f10x_rcc.o(.data)
    .data                                    0x20000444   Section        4  delay.o(.data)
    fac_us                                   0x20000444   Data           1  delay.o(.data)
    fac_ms                                   0x20000446   Data           2  delay.o(.data)
    .data                                    0x20000448   Section        4  bsp.o(.data)
    .data                                    0x2000044c   Section       10  vs1838b.o(.data)
    .data                                    0x20000458   Section       20  system_stm32f10x.o(.data)
    .bss                                     0x2000046c   Section      428  main.o(.bss)
    .bss                                     0x20000618   Section       50  esp8266.o(.bss)
    .bss                                     0x2000064c   Section       96  libspace.o(.bss)
    HEAP                                     0x200006b0   Section      512  startup_stm32f10x_md.o(HEAP)
    Heap_Mem                                 0x200006b0   Data         512  startup_stm32f10x_md.o(HEAP)
    STACK                                    0x200008b0   Section     1024  startup_stm32f10x_md.o(STACK)
    Stack_Mem                                0x200008b0   Data        1024  startup_stm32f10x_md.o(STACK)
    __initial_sp                             0x20000cb0   Data           0  startup_stm32f10x_md.o(STACK)

    Global Symbols

    Symbol Name                              Value     Ov Type        Size  Object(Section)

    BuildAttributes$$THM_ISAv4$P$D$K$B$S$PE$A:L22UL41UL21$X:L11$S22US41US21$IEEE1$IW$USESV6$~STKCKD$USESV7$~SHL$OSPACE$ROPI$EBA8$UX$STANDARDLIB$REQ8$PRES8$EABIv2 0x00000000   Number         0  anon$$obj.o ABSOLUTE
    __ARM_use_no_argv                        0x00000000   Number         0  main.o ABSOLUTE
    _printf_flags                            0x00000000   Number         0  printf_stubs.o ABSOLUTE
    _printf_return_value                     0x00000000   Number         0  printf_stubs.o ABSOLUTE
    _printf_sizespec                         0x00000000   Number         0  printf_stubs.o ABSOLUTE
    _printf_widthprec                        0x00000000   Number         0  printf_stubs.o ABSOLUTE
    __ARM_exceptions_init                     - Undefined Weak Reference
    __alloca_initialize                       - Undefined Weak Reference
    __arm_preinit_                            - Undefined Weak Reference
    __cpp_initialize__aeabi_                  - Undefined Weak Reference
    __cxa_finalize                            - Undefined Weak Reference
    __rt_locale                               - Undefined Weak Reference
    __sigvec_lookup                           - Undefined Weak Reference
    _atexit_init                              - Undefined Weak Reference
    _call_atexit_fns                          - Undefined Weak Reference
    _clock_init                               - Undefined Weak Reference
    _fp_trap_init                             - Undefined Weak Reference
    _fp_trap_shutdown                         - Undefined Weak Reference
    _get_lc_collate                           - Undefined Weak Reference
    _get_lc_ctype                             - Undefined Weak Reference
    _get_lc_monetary                          - Undefined Weak Reference
    _get_lc_numeric                           - Undefined Weak Reference
    _get_lc_time                              - Undefined Weak Reference
    _getenv_init                              - Undefined Weak Reference
    _handle_redirection                       - Undefined Weak Reference
    _init_alloc                               - Undefined Weak Reference
    _init_user_alloc                          - Undefined Weak Reference
    _initio                                   - Undefined Weak Reference
    _mutex_acquire                            - Undefined Weak Reference
    _mutex_release                            - Undefined Weak Reference
    _printf_mbtowc                            - Undefined Weak Reference
    _printf_post_padding                      - Undefined Weak Reference
    _printf_pre_padding                       - Undefined Weak Reference
    _printf_truncate_signed                   - Undefined Weak Reference
    _printf_truncate_unsigned                 - Undefined Weak Reference
    _rand_init                                - Undefined Weak Reference
    _signal_finish                            - Undefined Weak Reference
    _signal_init                              - Undefined Weak Reference
    _terminate_alloc                          - Undefined Weak Reference
    _terminate_user_alloc                     - Undefined Weak Reference
    _terminateio                              - Undefined Weak Reference
    __Vectors_Size                           0x000000ec   Number         0  startup_stm32f10x_md.o ABSOLUTE
    __Vectors                                0x08000000   Data           4  startup_stm32f10x_md.o(RESET)
    __Vectors_End                            0x080000ec   Data           0  startup_stm32f10x_md.o(RESET)
    __main                                   0x080000ed   Thumb Code     8  __main.o(!!!main)
    __scatterload                            0x080000f5   Thumb Code     0  __scatter.o(!!!scatter)
    __scatterload_rt2                        0x080000f5   Thumb Code    44  __scatter.o(!!!scatter)
    __scatterload_rt2_thumb_only             0x080000f5   Thumb Code     0  __scatter.o(!!!scatter)
    __scatterload_null                       0x08000103   Thumb Code     0  __scatter.o(!!!scatter)
    __decompress                             0x08000129   Thumb Code    90  __dczerorl2.o(!!dczerorl2)
    __decompress1                            0x08000129   Thumb Code     0  __dczerorl2.o(!!dczerorl2)
    __scatterload_zeroinit                   0x08000185   Thumb Code    28  __scatter_zi.o(!!handler_zi)
    _printf_d                                0x080001a1   Thumb Code     0  _printf_d.o(.ARM.Collect$$_printf_percent$$00000009)
    _printf_percent                          0x080001a1   Thumb Code     0  _printf_percent.o(.ARM.Collect$$_printf_percent$$00000000)
    _printf_s                                0x080001a7   Thumb Code     0  _printf_s.o(.ARM.Collect$$_printf_percent$$00000014)
    _printf_percent_end                      0x080001ad   Thumb Code     0  _printf_percent_end.o(.ARM.Collect$$_printf_percent$$00000017)
    __rt_lib_init                            0x080001b1   Thumb Code     0  libinit.o(.ARM.Collect$$libinit$$00000000)
    __rt_lib_init_alloca_1                   0x080001b3   Thumb Code     0  libinit2.o(.ARM.Collect$$libinit$$0000002E)
    __rt_lib_init_argv_1                     0x080001b3   Thumb Code     0  libinit2.o(.ARM.Collect$$libinit$$0000002C)
    __rt_lib_init_atexit_1                   0x080001b3   Thumb Code     0  libinit2.o(.ARM.Collect$$libinit$$0000001B)
    __rt_lib_init_clock_1                    0x080001b3   Thumb Code     0  libinit2.o(.ARM.Collect$$libinit$$00000021)
    __rt_lib_init_cpp_1                      0x080001b3   Thumb Code     0  libinit2.o(.ARM.Collect$$libinit$$00000032)
    __rt_lib_init_exceptions_1               0x080001b3   Thumb Code     0  libinit2.o(.ARM.Collect$$libinit$$00000030)
    __rt_lib_init_fp_1                       0x080001b3   Thumb Code     0  libinit2.o(.ARM.Collect$$libinit$$00000002)
    __rt_lib_init_fp_trap_1                  0x080001b3   Thumb Code     0  libinit2.o(.ARM.Collect$$libinit$$0000001F)
    __rt_lib_init_getenv_1                   0x080001b3   Thumb Code     0  libinit2.o(.ARM.Collect$$libinit$$00000023)
    __rt_lib_init_heap_1                     0x080001b3   Thumb Code     0  libinit2.o(.ARM.Collect$$libinit$$0000000A)
    __rt_lib_init_lc_collate_1               0x080001b3   Thumb Code     0  libinit2.o(.ARM.Collect$$libinit$$00000011)
    __rt_lib_init_lc_ctype_1                 0x080001b3   Thumb Code     0  libinit2.o(.ARM.Collect$$libinit$$00000013)
    __rt_lib_init_lc_monetary_1              0x080001b3   Thumb Code     0  libinit2.o(.ARM.Collect$$libinit$$00000015)
    __rt_lib_init_lc_numeric_1               0x080001b3   Thumb Code     0  libinit2.o(.ARM.Collect$$libinit$$00000017)
    __rt_lib_init_lc_time_1                  0x080001b3   Thumb Code     0  libinit2.o(.ARM.Collect$$libinit$$00000019)
    __rt_lib_init_preinit_1                  0x080001b3   Thumb Code     0  libinit2.o(.ARM.Collect$$libinit$$00000004)
    __rt_lib_init_rand_1                     0x080001b3   Thumb Code     0  libinit2.o(.ARM.Collect$$libinit$$0000000E)
    __rt_lib_init_return                     0x080001b3   Thumb Code     0  libinit2.o(.ARM.Collect$$libinit$$00000033)
    __rt_lib_init_signal_1                   0x080001b3   Thumb Code     0  libinit2.o(.ARM.Collect$$libinit$$0000001D)
    __rt_lib_init_stdio_1                    0x080001b3   Thumb Code     0  libinit2.o(.ARM.Collect$$libinit$$00000025)
    __rt_lib_init_user_alloc_1               0x080001b3   Thumb Code     0  libinit2.o(.ARM.Collect$$libinit$$0000000C)
    __rt_lib_shutdown                        0x080001b5   Thumb Code     0  libshutdown.o(.ARM.Collect$$libshutdown$$00000000)
    __rt_lib_shutdown_cpp_1                  0x080001b7   Thumb Code     0  libshutdown2.o(.ARM.Collect$$libshutdown$$00000002)
    __rt_lib_shutdown_fp_trap_1              0x080001b7   Thumb Code     0  libshutdown2.o(.ARM.Collect$$libshutdown$$00000007)
    __rt_lib_shutdown_heap_1                 0x080001b7   Thumb Code     0  libshutdown2.o(.ARM.Collect$$libshutdown$$0000000F)
    __rt_lib_shutdown_return                 0x080001b7   Thumb Code     0  libshutdown2.o(.ARM.Collect$$libshutdown$$00000010)
    __rt_lib_shutdown_signal_1               0x080001b7   Thumb Code     0  libshutdown2.o(.ARM.Collect$$libshutdown$$0000000A)
    __rt_lib_shutdown_stdio_1                0x080001b7   Thumb Code     0  libshutdown2.o(.ARM.Collect$$libshutdown$$00000004)
    __rt_lib_shutdown_user_alloc_1           0x080001b7   Thumb Code     0  libshutdown2.o(.ARM.Collect$$libshutdown$$0000000C)
    __rt_entry                               0x080001b9   Thumb Code     0  __rtentry.o(.ARM.Collect$$rtentry$$00000000)
    __rt_entry_presh_1                       0x080001b9   Thumb Code     0  __rtentry2.o(.ARM.Collect$$rtentry$$00000002)
    __rt_entry_sh                            0x080001b9   Thumb Code     0  __rtentry4.o(.ARM.Collect$$rtentry$$00000004)
    __rt_entry_li                            0x080001bf   Thumb Code     0  __rtentry2.o(.ARM.Collect$$rtentry$$0000000A)
    __rt_entry_postsh_1                      0x080001bf   Thumb Code     0  __rtentry2.o(.ARM.Collect$$rtentry$$00000009)
    __rt_entry_main                          0x080001c3   Thumb Code     0  __rtentry2.o(.ARM.Collect$$rtentry$$0000000D)
    __rt_entry_postli_1                      0x080001c3   Thumb Code     0  __rtentry2.o(.ARM.Collect$$rtentry$$0000000C)
    __rt_exit                                0x080001cb   Thumb Code     0  rtexit.o(.ARM.Collect$$rtexit$$00000000)
    __rt_exit_ls                             0x080001cd   Thumb Code     0  rtexit2.o(.ARM.Collect$$rtexit$$00000003)
    __rt_exit_prels_1                        0x080001cd   Thumb Code     0  rtexit2.o(.ARM.Collect$$rtexit$$00000002)
    __rt_exit_exit                           0x080001d1   Thumb Code     0  rtexit2.o(.ARM.Collect$$rtexit$$00000004)
    main                                     0x080001d9   Thumb Code   760  main.o(.text)
    NMI_Handler                              0x08000569   Thumb Code     2  stm32f10x_it.o(.text)
    HardFault_Handler                        0x0800056b   Thumb Code     4  stm32f10x_it.o(.text)
    MemManage_Handler                        0x0800056f   Thumb Code     4  stm32f10x_it.o(.text)
    BusFault_Handler                         0x08000573   Thumb Code     4  stm32f10x_it.o(.text)
    UsageFault_Handler                       0x08000577   Thumb Code     4  stm32f10x_it.o(.text)
    SVC_Handler                              0x0800057b   Thumb Code     2  stm32f10x_it.o(.text)
    DebugMon_Handler                         0x0800057d   Thumb Code     2  stm32f10x_it.o(.text)
    PendSV_Handler                           0x0800057f   Thumb Code     2  stm32f10x_it.o(.text)
    SysTick_Handler                          0x08000581   Thumb Code     2  stm32f10x_it.o(.text)
    EXTI0_IRQHandler                         0x08000583   Thumb Code    10  stm32f10x_it.o(.text)
    EXTI4_IRQHandler                         0x0800058d   Thumb Code    10  stm32f10x_it.o(.text)
    EXTI9_5_IRQHandler                       0x08000597   Thumb Code    10  stm32f10x_it.o(.text)
    USART1_IRQHandler                        0x080005a1   Thumb Code    76  stm32f10x_it.o(.text)
    USART2_IRQHandler                        0x080005ed   Thumb Code   128  stm32f10x_it.o(.text)
    TIM2_IRQHandler                          0x0800066d   Thumb Code   136  stm32f10x_it.o(.text)
    RCC_DeInit                               0x08000709   Thumb Code    64  stm32f10x_rcc.o(.text)
    RCC_HSEConfig                            0x08000749   Thumb Code    70  stm32f10x_rcc.o(.text)
    RCC_GetFlagStatus                        0x0800078f   Thumb Code    56  stm32f10x_rcc.o(.text)
    RCC_WaitForHSEStartUp                    0x080007c7   Thumb Code    56  stm32f10x_rcc.o(.text)
    RCC_AdjustHSICalibrationValue            0x080007ff   Thumb Code    20  stm32f10x_rcc.o(.text)
    RCC_HSICmd                               0x08000813   Thumb Code     6  stm32f10x_rcc.o(.text)
    RCC_PLLConfig                            0x08000819   Thumb Code    24  stm32f10x_rcc.o(.text)
    RCC_PLLCmd                               0x08000831   Thumb Code     6  stm32f10x_rcc.o(.text)
    RCC_SYSCLKConfig                         0x08000837   Thumb Code    18  stm32f10x_rcc.o(.text)
    RCC_GetSYSCLKSource                      0x08000849   Thumb Code    10  stm32f10x_rcc.o(.text)
    RCC_HCLKConfig                           0x08000853   Thumb Code    18  stm32f10x_rcc.o(.text)
    RCC_PCLK1Config                          0x08000865   Thumb Code    18  stm32f10x_rcc.o(.text)
    RCC_PCLK2Config                          0x08000877   Thumb Code    20  stm32f10x_rcc.o(.text)
    RCC_ITConfig                             0x0800088b   Thumb Code    26  stm32f10x_rcc.o(.text)
    RCC_USBCLKConfig                         0x080008a5   Thumb Code     8  stm32f10x_rcc.o(.text)
    RCC_ADCCLKConfig                         0x080008ad   Thumb Code    18  stm32f10x_rcc.o(.text)
    RCC_LSEConfig                            0x080008bf   Thumb Code    50  stm32f10x_rcc.o(.text)
    RCC_LSICmd                               0x080008f1   Thumb Code     6  stm32f10x_rcc.o(.text)
    RCC_RTCCLKConfig                         0x080008f7   Thumb Code    12  stm32f10x_rcc.o(.text)
    RCC_RTCCLKCmd                            0x08000903   Thumb Code     8  stm32f10x_rcc.o(.text)
    RCC_GetClocksFreq                        0x0800090b   Thumb Code   192  stm32f10x_rcc.o(.text)
    RCC_AHBPeriphClockCmd                    0x080009cb   Thumb Code    26  stm32f10x_rcc.o(.text)
    RCC_APB2PeriphClockCmd                   0x080009e5   Thumb Code    26  stm32f10x_rcc.o(.text)
    RCC_APB1PeriphClockCmd                   0x080009ff   Thumb Code    26  stm32f10x_rcc.o(.text)
    RCC_APB2PeriphResetCmd                   0x08000a19   Thumb Code    26  stm32f10x_rcc.o(.text)
    RCC_APB1PeriphResetCmd                   0x08000a33   Thumb Code    26  stm32f10x_rcc.o(.text)
    RCC_BackupResetCmd                       0x08000a4d   Thumb Code     8  stm32f10x_rcc.o(.text)
    RCC_ClockSecuritySystemCmd               0x08000a55   Thumb Code     6  stm32f10x_rcc.o(.text)
    RCC_MCOConfig                            0x08000a5b   Thumb Code     6  stm32f10x_rcc.o(.text)
    RCC_ClearFlag                            0x08000a61   Thumb Code    14  stm32f10x_rcc.o(.text)
    RCC_GetITStatus                          0x08000a6f   Thumb Code    20  stm32f10x_rcc.o(.text)
    RCC_ClearITPendingBit                    0x08000a83   Thumb Code     6  stm32f10x_rcc.o(.text)
    USART_DeInit                             0x08000aad   Thumb Code   134  stm32f10x_usart.o(.text)
    USART_Init                               0x08000b33   Thumb Code   210  stm32f10x_usart.o(.text)
    USART_StructInit                         0x08000c05   Thumb Code    24  stm32f10x_usart.o(.text)
    USART_ClockInit                          0x08000c1d   Thumb Code    34  stm32f10x_usart.o(.text)
    USART_ClockStructInit                    0x08000c3f   Thumb Code    12  stm32f10x_usart.o(.text)
    USART_Cmd                                0x08000c4b   Thumb Code    24  stm32f10x_usart.o(.text)
    USART_ITConfig                           0x08000c63   Thumb Code    74  stm32f10x_usart.o(.text)
    USART_DMACmd                             0x08000cad   Thumb Code    18  stm32f10x_usart.o(.text)
    USART_SetAddress                         0x08000cbf   Thumb Code    18  stm32f10x_usart.o(.text)
    USART_WakeUpConfig                       0x08000cd1   Thumb Code    18  stm32f10x_usart.o(.text)
    USART_ReceiverWakeUpCmd                  0x08000ce3   Thumb Code    24  stm32f10x_usart.o(.text)
    USART_LINBreakDetectLengthConfig         0x08000cfb   Thumb Code    18  stm32f10x_usart.o(.text)
    USART_LINCmd                             0x08000d0d   Thumb Code    24  stm32f10x_usart.o(.text)
    USART_SendData                           0x08000d25   Thumb Code     8  stm32f10x_usart.o(.text)
    USART_ReceiveData                        0x08000d2d   Thumb Code    10  stm32f10x_usart.o(.text)
    USART_SendBreak                          0x08000d37   Thumb Code    10  stm32f10x_usart.o(.text)
    USART_SetGuardTime                       0x08000d41   Thumb Code    16  stm32f10x_usart.o(.text)
    USART_SetPrescaler                       0x08000d51   Thumb Code    16  stm32f10x_usart.o(.text)
    USART_SmartCardCmd                       0x08000d61   Thumb Code    24  stm32f10x_usart.o(.text)
    USART_SmartCardNACKCmd                   0x08000d79   Thumb Code    24  stm32f10x_usart.o(.text)
    USART_HalfDuplexCmd                      0x08000d91   Thumb Code    24  stm32f10x_usart.o(.text)
    USART_OverSampling8Cmd                   0x08000da9   Thumb Code    22  stm32f10x_usart.o(.text)
    USART_OneBitMethodCmd                    0x08000dbf   Thumb Code    24  stm32f10x_usart.o(.text)
    USART_IrDAConfig                         0x08000dd7   Thumb Code    18  stm32f10x_usart.o(.text)
    USART_IrDACmd                            0x08000de9   Thumb Code    24  stm32f10x_usart.o(.text)
    USART_GetFlagStatus                      0x08000e01   Thumb Code    26  stm32f10x_usart.o(.text)
    USART_ClearFlag                          0x08000e1b   Thumb Code    18  stm32f10x_usart.o(.text)
    USART_GetITStatus                        0x08000e2d   Thumb Code    84  stm32f10x_usart.o(.text)
    USART_ClearITPendingBit                  0x08000e81   Thumb Code    52  stm32f10x_usart.o(.text)
    NVIC_PriorityGroupConfig                 0x08000eb5   Thumb Code    10  misc.o(.text)
    NVIC_Init                                0x08000ebf   Thumb Code   100  misc.o(.text)
    NVIC_SetVectorTable                      0x08000f23   Thumb Code    14  misc.o(.text)
    NVIC_SystemLPConfig                      0x08000f31   Thumb Code    34  misc.o(.text)
    SysTick_CLKSourceConfig                  0x08000f53   Thumb Code    40  misc.o(.text)
    GPIO_DeInit                              0x08000f91   Thumb Code   172  stm32f10x_gpio.o(.text)
    GPIO_AFIODeInit                          0x0800103d   Thumb Code    20  stm32f10x_gpio.o(.text)
    GPIO_Init                                0x08001051   Thumb Code   278  stm32f10x_gpio.o(.text)
    GPIO_StructInit                          0x08001167   Thumb Code    16  stm32f10x_gpio.o(.text)
    GPIO_ReadInputDataBit                    0x08001177   Thumb Code    18  stm32f10x_gpio.o(.text)
    GPIO_ReadInputData                       0x08001189   Thumb Code     8  stm32f10x_gpio.o(.text)
    GPIO_ReadOutputDataBit                   0x08001191   Thumb Code    18  stm32f10x_gpio.o(.text)
    GPIO_ReadOutputData                      0x080011a3   Thumb Code     8  stm32f10x_gpio.o(.text)
    GPIO_SetBits                             0x080011ab   Thumb Code     4  stm32f10x_gpio.o(.text)
    GPIO_ResetBits                           0x080011af   Thumb Code     4  stm32f10x_gpio.o(.text)
    GPIO_WriteBit                            0x080011b3   Thumb Code    10  stm32f10x_gpio.o(.text)
    GPIO_Write                               0x080011bd   Thumb Code     4  stm32f10x_gpio.o(.text)
    GPIO_PinLockConfig                       0x080011c1   Thumb Code    18  stm32f10x_gpio.o(.text)
    GPIO_EventOutputConfig                   0x080011d3   Thumb Code    26  stm32f10x_gpio.o(.text)
    GPIO_EventOutputCmd                      0x080011ed   Thumb Code     6  stm32f10x_gpio.o(.text)
    GPIO_PinRemapConfig                      0x080011f3   Thumb Code   138  stm32f10x_gpio.o(.text)
    GPIO_EXTILineConfig                      0x0800127d   Thumb Code    66  stm32f10x_gpio.o(.text)
    GPIO_ETH_MediaInterfaceConfig            0x080012bf   Thumb Code     8  stm32f10x_gpio.o(.text)
    TIM_DeInit                               0x080012ed   Thumb Code   424  stm32f10x_tim.o(.text)
    TIM_TimeBaseInit                         0x08001495   Thumb Code   122  stm32f10x_tim.o(.text)
    TIM_OC1Init                              0x0800150f   Thumb Code   132  stm32f10x_tim.o(.text)
    TIM_OC2Init                              0x08001593   Thumb Code   154  stm32f10x_tim.o(.text)
    TIM_OC3Init                              0x0800162d   Thumb Code   150  stm32f10x_tim.o(.text)
    TIM_OC4Init                              0x080016c3   Thumb Code   182  stm32f10x_tim.o(.text)
    TIM_SetIC4Prescaler                      0x08001779   Thumb Code    26  stm32f10x_tim.o(.text)
    TIM_SetIC3Prescaler                      0x08001815   Thumb Code    18  stm32f10x_tim.o(.text)
    TIM_SetIC2Prescaler                      0x080018a1   Thumb Code    26  stm32f10x_tim.o(.text)
    TIM_SetIC1Prescaler                      0x0800193d   Thumb Code    18  stm32f10x_tim.o(.text)
    TIM_ICInit                               0x080019bb   Thumb Code   150  stm32f10x_tim.o(.text)
    TIM_PWMIConfig                           0x08001a51   Thumb Code   124  stm32f10x_tim.o(.text)
    TIM_BDTRConfig                           0x08001acd   Thumb Code    32  stm32f10x_tim.o(.text)
    TIM_TimeBaseStructInit                   0x08001aed   Thumb Code    18  stm32f10x_tim.o(.text)
    TIM_OCStructInit                         0x08001aff   Thumb Code    20  stm32f10x_tim.o(.text)
    TIM_ICStructInit                         0x08001b13   Thumb Code    18  stm32f10x_tim.o(.text)
    TIM_BDTRStructInit                       0x08001b25   Thumb Code    40  stm32f10x_tim.o(.text)
    TIM_Cmd                                  0x08001b4d   Thumb Code    24  stm32f10x_tim.o(.text)
    TIM_CtrlPWMOutputs                       0x08001b65   Thumb Code    30  stm32f10x_tim.o(.text)
    TIM_ITConfig                             0x08001b83   Thumb Code    18  stm32f10x_tim.o(.text)
    TIM_GenerateEvent                        0x08001b95   Thumb Code     4  stm32f10x_tim.o(.text)
    TIM_DMAConfig                            0x08001b99   Thumb Code    10  stm32f10x_tim.o(.text)
    TIM_DMACmd                               0x08001ba3   Thumb Code    18  stm32f10x_tim.o(.text)
    TIM_InternalClockConfig                  0x08001bb5   Thumb Code    12  stm32f10x_tim.o(.text)
    TIM_SelectInputTrigger                   0x08001bc1   Thumb Code    18  stm32f10x_tim.o(.text)
    TIM_ITRxExternalClockConfig              0x08001bd3   Thumb Code    24  stm32f10x_tim.o(.text)
    TIM_TIxExternalClockConfig               0x08001beb   Thumb Code    62  stm32f10x_tim.o(.text)
    TIM_ETRConfig                            0x08001c29   Thumb Code    28  stm32f10x_tim.o(.text)
    TIM_ETRClockMode1Config                  0x08001c45   Thumb Code    54  stm32f10x_tim.o(.text)
    TIM_ETRClockMode2Config                  0x08001c7b   Thumb Code    32  stm32f10x_tim.o(.text)
    TIM_PrescalerConfig                      0x08001c9b   Thumb Code     6  stm32f10x_tim.o(.text)
    TIM_CounterModeConfig                    0x08001ca1   Thumb Code    18  stm32f10x_tim.o(.text)
    TIM_EncoderInterfaceConfig               0x08001cb3   Thumb Code    66  stm32f10x_tim.o(.text)
    TIM_ForcedOC1Config                      0x08001cf5   Thumb Code    18  stm32f10x_tim.o(.text)
    TIM_ForcedOC2Config                      0x08001d07   Thumb Code    26  stm32f10x_tim.o(.text)
    TIM_ForcedOC3Config                      0x08001d21   Thumb Code    18  stm32f10x_tim.o(.text)
    TIM_ForcedOC4Config                      0x08001d33   Thumb Code    26  stm32f10x_tim.o(.text)
    TIM_ARRPreloadConfig                     0x08001d4d   Thumb Code    24  stm32f10x_tim.o(.text)
    TIM_SelectCOM                            0x08001d65   Thumb Code    24  stm32f10x_tim.o(.text)
    TIM_SelectCCDMA                          0x08001d7d   Thumb Code    24  stm32f10x_tim.o(.text)
    TIM_CCPreloadControl                     0x08001d95   Thumb Code    24  stm32f10x_tim.o(.text)
    TIM_OC1PreloadConfig                     0x08001dad   Thumb Code    18  stm32f10x_tim.o(.text)
    TIM_OC2PreloadConfig                     0x08001dbf   Thumb Code    26  stm32f10x_tim.o(.text)
    TIM_OC3PreloadConfig                     0x08001dd9   Thumb Code    18  stm32f10x_tim.o(.text)
    TIM_OC4PreloadConfig                     0x08001deb   Thumb Code    26  stm32f10x_tim.o(.text)
    TIM_OC1FastConfig                        0x08001e05   Thumb Code    18  stm32f10x_tim.o(.text)
    TIM_OC2FastConfig                        0x08001e17   Thumb Code    26  stm32f10x_tim.o(.text)
    TIM_OC3FastConfig                        0x08001e31   Thumb Code    18  stm32f10x_tim.o(.text)
    TIM_OC4FastConfig                        0x08001e43   Thumb Code    26  stm32f10x_tim.o(.text)
    TIM_ClearOC1Ref                          0x08001e5d   Thumb Code    18  stm32f10x_tim.o(.text)
    TIM_ClearOC2Ref                          0x08001e6f   Thumb Code    24  stm32f10x_tim.o(.text)
    TIM_ClearOC3Ref                          0x08001e87   Thumb Code    18  stm32f10x_tim.o(.text)
    TIM_ClearOC4Ref                          0x08001e99   Thumb Code    24  stm32f10x_tim.o(.text)
    TIM_OC1PolarityConfig                    0x08001eb1   Thumb Code    18  stm32f10x_tim.o(.text)
    TIM_OC1NPolarityConfig                   0x08001ec3   Thumb Code    18  stm32f10x_tim.o(.text)
    TIM_OC2PolarityConfig                    0x08001ed5   Thumb Code    26  stm32f10x_tim.o(.text)
    TIM_OC2NPolarityConfig                   0x08001eef   Thumb Code    26  stm32f10x_tim.o(.text)
    TIM_OC3PolarityConfig                    0x08001f09   Thumb Code    26  stm32f10x_tim.o(.text)
    TIM_OC3NPolarityConfig                   0x08001f23   Thumb Code    26  stm32f10x_tim.o(.text)
    TIM_OC4PolarityConfig                    0x08001f3d   Thumb Code    26  stm32f10x_tim.o(.text)
    TIM_CCxCmd                               0x08001f57   Thumb Code    30  stm32f10x_tim.o(.text)
    TIM_CCxNCmd                              0x08001f75   Thumb Code    30  stm32f10x_tim.o(.text)
    TIM_SelectOCxM                           0x08001f93   Thumb Code    82  stm32f10x_tim.o(.text)
    TIM_UpdateDisableConfig                  0x08001fe5   Thumb Code    24  stm32f10x_tim.o(.text)
    TIM_UpdateRequestConfig                  0x08001ffd   Thumb Code    24  stm32f10x_tim.o(.text)
    TIM_SelectHallSensor                     0x08002015   Thumb Code    24  stm32f10x_tim.o(.text)
    TIM_SelectOnePulseMode                   0x0800202d   Thumb Code    18  stm32f10x_tim.o(.text)
    TIM_SelectOutputTrigger                  0x0800203f   Thumb Code    18  stm32f10x_tim.o(.text)
    TIM_SelectSlaveMode                      0x08002051   Thumb Code    18  stm32f10x_tim.o(.text)
    TIM_SelectMasterSlaveMode                0x08002063   Thumb Code    18  stm32f10x_tim.o(.text)
    TIM_SetCounter                           0x08002075   Thumb Code     4  stm32f10x_tim.o(.text)
    TIM_SetAutoreload                        0x08002079   Thumb Code     4  stm32f10x_tim.o(.text)
    TIM_SetCompare1                          0x0800207d   Thumb Code     4  stm32f10x_tim.o(.text)
    TIM_SetCompare2                          0x08002081   Thumb Code     4  stm32f10x_tim.o(.text)
    TIM_SetCompare3                          0x08002085   Thumb Code     4  stm32f10x_tim.o(.text)
    TIM_SetCompare4                          0x08002089   Thumb Code     6  stm32f10x_tim.o(.text)
    TIM_SetClockDivision                     0x0800208f   Thumb Code    18  stm32f10x_tim.o(.text)
    TIM_GetCapture1                          0x080020a1   Thumb Code     6  stm32f10x_tim.o(.text)
    TIM_GetCapture2                          0x080020a7   Thumb Code     6  stm32f10x_tim.o(.text)
    TIM_GetCapture3                          0x080020ad   Thumb Code     6  stm32f10x_tim.o(.text)
    TIM_GetCapture4                          0x080020b3   Thumb Code     8  stm32f10x_tim.o(.text)
    TIM_GetCounter                           0x080020bb   Thumb Code     6  stm32f10x_tim.o(.text)
    TIM_GetPrescaler                         0x080020c1   Thumb Code     6  stm32f10x_tim.o(.text)
    TIM_GetFlagStatus                        0x080020c7   Thumb Code    18  stm32f10x_tim.o(.text)
    TIM_ClearFlag                            0x080020d9   Thumb Code     6  stm32f10x_tim.o(.text)
    TIM_GetITStatus                          0x080020df   Thumb Code    34  stm32f10x_tim.o(.text)
    TIM_ClearITPendingBit                    0x08002101   Thumb Code     6  stm32f10x_tim.o(.text)
    ADC_DeInit                               0x08002109   Thumb Code    78  stm32f10x_adc.o(.text)
    ADC_Init                                 0x08002157   Thumb Code    70  stm32f10x_adc.o(.text)
    ADC_StructInit                           0x0800219d   Thumb Code    18  stm32f10x_adc.o(.text)
    ADC_Cmd                                  0x080021af   Thumb Code    22  stm32f10x_adc.o(.text)
    ADC_DMACmd                               0x080021c5   Thumb Code    22  stm32f10x_adc.o(.text)
    ADC_ITConfig                             0x080021db   Thumb Code    24  stm32f10x_adc.o(.text)
    ADC_ResetCalibration                     0x080021f3   Thumb Code    10  stm32f10x_adc.o(.text)
    ADC_GetResetCalibrationStatus            0x080021fd   Thumb Code    20  stm32f10x_adc.o(.text)
    ADC_StartCalibration                     0x08002211   Thumb Code    10  stm32f10x_adc.o(.text)
    ADC_GetCalibrationStatus                 0x0800221b   Thumb Code    20  stm32f10x_adc.o(.text)
    ADC_SoftwareStartConvCmd                 0x0800222f   Thumb Code    22  stm32f10x_adc.o(.text)
    ADC_GetSoftwareStartConvStatus           0x08002245   Thumb Code    20  stm32f10x_adc.o(.text)
    ADC_DiscModeChannelCountConfig           0x08002259   Thumb Code    24  stm32f10x_adc.o(.text)
    ADC_DiscModeCmd                          0x08002271   Thumb Code    22  stm32f10x_adc.o(.text)
    ADC_RegularChannelConfig                 0x08002287   Thumb Code   184  stm32f10x_adc.o(.text)
    ADC_ExternalTrigConvCmd                  0x0800233f   Thumb Code    22  stm32f10x_adc.o(.text)
    ADC_GetConversionValue                   0x08002355   Thumb Code     8  stm32f10x_adc.o(.text)
    ADC_GetDualModeConversionValue           0x0800235d   Thumb Code     8  stm32f10x_adc.o(.text)
    ADC_AutoInjectedConvCmd                  0x08002365   Thumb Code    22  stm32f10x_adc.o(.text)
    ADC_InjectedDiscModeCmd                  0x0800237b   Thumb Code    22  stm32f10x_adc.o(.text)
    ADC_ExternalTrigInjectedConvConfig       0x08002391   Thumb Code    16  stm32f10x_adc.o(.text)
    ADC_ExternalTrigInjectedConvCmd          0x080023a1   Thumb Code    22  stm32f10x_adc.o(.text)
    ADC_SoftwareStartInjectedConvCmd         0x080023b7   Thumb Code    22  stm32f10x_adc.o(.text)
    ADC_GetSoftwareStartInjectedConvCmdStatus 0x080023cd   Thumb Code    20  stm32f10x_adc.o(.text)
    ADC_InjectedChannelConfig                0x080023e1   Thumb Code   130  stm32f10x_adc.o(.text)
    ADC_InjectedSequencerLengthConfig        0x08002463   Thumb Code    24  stm32f10x_adc.o(.text)
    ADC_SetInjectedOffset                    0x0800247b   Thumb Code    20  stm32f10x_adc.o(.text)
    ADC_GetInjectedConversionValue           0x0800248f   Thumb Code    28  stm32f10x_adc.o(.text)
    ADC_AnalogWatchdogCmd                    0x080024ab   Thumb Code    16  stm32f10x_adc.o(.text)
    ADC_AnalogWatchdogThresholdsConfig       0x080024bb   Thumb Code     6  stm32f10x_adc.o(.text)
    ADC_AnalogWatchdogSingleChannelConfig    0x080024c1   Thumb Code    16  stm32f10x_adc.o(.text)
    ADC_TempSensorVrefintCmd                 0x080024d1   Thumb Code    64  stm32f10x_adc.o(.text)
    ADC_GetFlagStatus                        0x08002511   Thumb Code    18  stm32f10x_adc.o(.text)
    ADC_ClearFlag                            0x08002523   Thumb Code     6  stm32f10x_adc.o(.text)
    ADC_GetITStatus                          0x08002529   Thumb Code    36  stm32f10x_adc.o(.text)
    ADC_ClearITPendingBit                    0x0800254d   Thumb Code    10  stm32f10x_adc.o(.text)
    EXTI_DeInit                              0x08002559   Thumb Code    28  stm32f10x_exti.o(.text)
    EXTI_Init                                0x08002575   Thumb Code   142  stm32f10x_exti.o(.text)
    EXTI_StructInit                          0x08002603   Thumb Code    16  stm32f10x_exti.o(.text)
    EXTI_GenerateSWInterrupt                 0x08002613   Thumb Code    16  stm32f10x_exti.o(.text)
    EXTI_GetFlagStatus                       0x08002623   Thumb Code    22  stm32f10x_exti.o(.text)
    EXTI_ClearFlag                           0x08002639   Thumb Code     8  stm32f10x_exti.o(.text)
    EXTI_GetITStatus                         0x08002641   Thumb Code    34  stm32f10x_exti.o(.text)
    EXTI_ClearITPendingBit                   0x08002663   Thumb Code     8  stm32f10x_exti.o(.text)
    delay_init                               0x08002675   Thumb Code    56  delay.o(.text)
    delay_ms                                 0x080026ad   Thumb Code    56  delay.o(.text)
    delay_us                                 0x080026e5   Thumb Code    56  delay.o(.text)
    delay_s                                  0x0800271d   Thumb Code    26  delay.o(.text)
    KEY_Init                                 0x08002741   Thumb Code    46  key.o(.text)
    Read_KEY0_Status                         0x0800276f   Thumb Code    12  key.o(.text)
    Read_KEY1_Status                         0x0800277b   Thumb Code    12  key.o(.text)
    _sys_exit                                0x08002791   Thumb Code     6  bsp.o(.text)
    fputc                                    0x08002797   Thumb Code    24  bsp.o(.text)
    Usart1_Init                              0x080027af   Thumb Code   166  bsp.o(.text)
    Usart2_Init                              0x08002855   Thumb Code   160  bsp.o(.text)
    TIM2_init                                0x080028f5   Thumb Code   116  bsp.o(.text)
    TIM3_init                                0x08002969   Thumb Code    84  bsp.o(.text)
    NVIC_Configuration                       0x080029bd   Thumb Code    88  bsp.o(.text)
    ClearRAM                                 0x08002a15   Thumb Code    18  bsp.o(.text)
    ClearCharRAM                             0x08002a27   Thumb Code    18  bsp.o(.text)
    Usart_SendByte                           0x08002a39   Thumb Code    30  bsp.o(.text)
    Usart_SendString                         0x08002a57   Thumb Code    28  bsp.o(.text)
    ClearRebuf                               0x08002a73   Thumb Code    36  bsp.o(.text)
    Usart_SendStr_length                     0x08002a97   Thumb Code    32  bsp.o(.text)
    OLED_GPIO_Init                           0x08002acd   Thumb Code    52  oled.o(.text)
    OLED_IIC_Start                           0x08002b01   Thumb Code    58  oled.o(.text)
    OLED_IIC_Stop                            0x08002b3b   Thumb Code    42  oled.o(.text)
    Write_IIC_Byte                           0x08002b65   Thumb Code    86  oled.o(.text)
    OLED_WrDat                               0x08002bbb   Thumb Code    32  oled.o(.text)
    OLED_WrCmd                               0x08002bdb   Thumb Code    32  oled.o(.text)
    OLED_Set_Pos                             0x08002bfb   Thumb Code    40  oled.o(.text)
    OLED_Fill                                0x08002c23   Thumb Code    58  oled.o(.text)
    OLED_CLS                                 0x08002c5d   Thumb Code    56  oled.o(.text)
    OLED_OFF                                 0x08002c95   Thumb Code    22  oled.o(.text)
    OLED_ON                                  0x08002cab   Thumb Code    22  oled.o(.text)
    OLED_Init                                0x08002cc1   Thumb Code   194  oled.o(.text)
    OLED_P6x8Str                             0x08002d83   Thumb Code    96  oled.o(.text)
    OLED_P8x16Str                            0x08002de3   Thumb Code   130  oled.o(.text)
    OLED_P16x16Ch                            0x08002e65   Thumb Code   108  oled.o(.text)
    Draw_BMP                                 0x08002ed1   Thumb Code   116  oled.o(.text)
    ESP8266_SendCmd                          0x08002f45   Thumb Code    84  esp8266.o(.text)
    ESP8266_SERVER                           0x08002f99   Thumb Code    92  esp8266.o(.text)
    Send_DATA                                0x08002ff5   Thumb Code    36  esp8266.o(.text)
    Get_Clinet                               0x08003019   Thumb Code   134  esp8266.o(.text)
    TIM1_PWM_Init                            0x080031c1   Thumb Code   144  pwm.o(.text)
    Sensor_hc_Init                           0x08003259   Thumb Code    38  sensor.o(.text)
    VS1838_PA1_Init                          0x08003285   Thumb Code   106  vs1838b.o(.text)
    VS1838_Pulse_Time                        0x080032ef   Thumb Code    40  vs1838b.o(.text)
    EXTI1_IRQHandler                         0x08003317   Thumb Code   140  vs1838b.o(.text)
    IR_RX_VS1838                             0x080033a3   Thumb Code    76  vs1838b.o(.text)
    Get_IR_Data                              0x080033ef   Thumb Code   236  vs1838b.o(.text)
    Adc_Init                                 0x08003519   Thumb Code   130  adc.o(.text)
    Get_Adc                                  0x0800359b   Thumb Code    46  adc.o(.text)
    Get_Adc_Average                          0x080035c9   Thumb Code   112  adc.o(.text)
    SystemInit                               0x0800371f   Thumb Code    78  system_stm32f10x.o(.text)
    SystemCoreClockUpdate                    0x0800376d   Thumb Code   142  system_stm32f10x.o(.text)
    Reset_Handler                            0x08003821   Thumb Code     8  startup_stm32f10x_md.o(.text)
    ADC1_2_IRQHandler                        0x0800383b   Thumb Code     0  startup_stm32f10x_md.o(.text)
    CAN1_RX1_IRQHandler                      0x0800383b   Thumb Code     0  startup_stm32f10x_md.o(.text)
    CAN1_SCE_IRQHandler                      0x0800383b   Thumb Code     0  startup_stm32f10x_md.o(.text)
    DMA1_Channel1_IRQHandler                 0x0800383b   Thumb Code     0  startup_stm32f10x_md.o(.text)
    DMA1_Channel2_IRQHandler                 0x0800383b   Thumb Code     0  startup_stm32f10x_md.o(.text)
    DMA1_Channel3_IRQHandler                 0x0800383b   Thumb Code     0  startup_stm32f10x_md.o(.text)
    DMA1_Channel4_IRQHandler                 0x0800383b   Thumb Code     0  startup_stm32f10x_md.o(.text)
    DMA1_Channel5_IRQHandler                 0x0800383b   Thumb Code     0  startup_stm32f10x_md.o(.text)
    DMA1_Channel6_IRQHandler                 0x0800383b   Thumb Code     0  startup_stm32f10x_md.o(.text)
    DMA1_Channel7_IRQHandler                 0x0800383b   Thumb Code     0  startup_stm32f10x_md.o(.text)
    EXTI15_10_IRQHandler                     0x0800383b   Thumb Code     0  startup_stm32f10x_md.o(.text)
    EXTI2_IRQHandler                         0x0800383b   Thumb Code     0  startup_stm32f10x_md.o(.text)
    EXTI3_IRQHandler                         0x0800383b   Thumb Code     0  startup_stm32f10x_md.o(.text)
    FLASH_IRQHandler                         0x0800383b   Thumb Code     0  startup_stm32f10x_md.o(.text)
    I2C1_ER_IRQHandler                       0x0800383b   Thumb Code     0  startup_stm32f10x_md.o(.text)
    I2C1_EV_IRQHandler                       0x0800383b   Thumb Code     0  startup_stm32f10x_md.o(.text)
    I2C2_ER_IRQHandler                       0x0800383b   Thumb Code     0  startup_stm32f10x_md.o(.text)
    I2C2_EV_IRQHandler                       0x0800383b   Thumb Code     0  startup_stm32f10x_md.o(.text)
    PVD_IRQHandler                           0x0800383b   Thumb Code     0  startup_stm32f10x_md.o(.text)
    RCC_IRQHandler                           0x0800383b   Thumb Code     0  startup_stm32f10x_md.o(.text)
    RTCAlarm_IRQHandler                      0x0800383b   Thumb Code     0  startup_stm32f10x_md.o(.text)
    RTC_IRQHandler                           0x0800383b   Thumb Code     0  startup_stm32f10x_md.o(.text)
    SPI1_IRQHandler                          0x0800383b   Thumb Code     0  startup_stm32f10x_md.o(.text)
    SPI2_IRQHandler                          0x0800383b   Thumb Code     0  startup_stm32f10x_md.o(.text)
    TAMPER_IRQHandler                        0x0800383b   Thumb Code     0  startup_stm32f10x_md.o(.text)
    TIM1_BRK_IRQHandler                      0x0800383b   Thumb Code     0  startup_stm32f10x_md.o(.text)
    TIM1_CC_IRQHandler                       0x0800383b   Thumb Code     0  startup_stm32f10x_md.o(.text)
    TIM1_TRG_COM_IRQHandler                  0x0800383b   Thumb Code     0  startup_stm32f10x_md.o(.text)
    TIM1_UP_IRQHandler                       0x0800383b   Thumb Code     0  startup_stm32f10x_md.o(.text)
    TIM3_IRQHandler                          0x0800383b   Thumb Code     0  startup_stm32f10x_md.o(.text)
    TIM4_IRQHandler                          0x0800383b   Thumb Code     0  startup_stm32f10x_md.o(.text)
    USART3_IRQHandler                        0x0800383b   Thumb Code     0  startup_stm32f10x_md.o(.text)
    USBWakeUp_IRQHandler                     0x0800383b   Thumb Code     0  startup_stm32f10x_md.o(.text)
    USB_HP_CAN1_TX_IRQHandler                0x0800383b   Thumb Code     0  startup_stm32f10x_md.o(.text)
    USB_LP_CAN1_RX0_IRQHandler               0x0800383b   Thumb Code     0  startup_stm32f10x_md.o(.text)
    WWDG_IRQHandler                          0x0800383b   Thumb Code     0  startup_stm32f10x_md.o(.text)
    __user_initial_stackheap                 0x0800383d   Thumb Code     0  startup_stm32f10x_md.o(.text)
    __use_no_semihosting                     0x08003861   Thumb Code     2  use_no_semi_2.o(.text)
    __2printf                                0x08003865   Thumb Code    20  noretval__2printf.o(.text)
    __2sprintf                               0x0800387d   Thumb Code    34  noretval__2sprintf.o(.text)
    _printf_str                              0x080038a5   Thumb Code    82  _printf_str.o(.text)
    _printf_int_dec                          0x080038f9   Thumb Code   104  _printf_dec.o(.text)
    __printf                                 0x08003971   Thumb Code   308  __printf_flags_wp.o(.text)
    strstr                                   0x08003aa9   Thumb Code    36  strstr.o(.text)
    strlen                                   0x08003acd   Thumb Code    62  strlen.o(.text)
    __use_two_region_memory                  0x08003b0b   Thumb Code     2  heapauxi.o(.text)
    __rt_heap_escrow$2region                 0x08003b0d   Thumb Code     2  heapauxi.o(.text)
    __rt_heap_expand$2region                 0x08003b0f   Thumb Code     2  heapauxi.o(.text)
    __I$use$semihosting                      0x08003b11   Thumb Code     0  use_no_semi.o(.text)
    __use_no_semihosting_swi                 0x08003b11   Thumb Code     2  use_no_semi.o(.text)
    _printf_int_common                       0x08003b13   Thumb Code   178  _printf_intcommon.o(.text)
    _printf_char_common                      0x08003bcf   Thumb Code    32  _printf_char_common.o(.text)
    _sputc                                   0x08003bf5   Thumb Code    10  _sputc.o(.text)
    _printf_cs_common                        0x08003bff   Thumb Code    20  _printf_char.o(.text)
    _printf_char                             0x08003c13   Thumb Code    16  _printf_char.o(.text)
    _printf_string                           0x08003c23   Thumb Code     8  _printf_char.o(.text)
    _printf_char_file                        0x08003c2d   Thumb Code    32  _printf_char_file.o(.text)
    ferror                                   0x08003c51   Thumb Code     8  ferror.o(.text)
    __user_setup_stackheap                   0x08003c59   Thumb Code    74  sys_stackheap_outer.o(.text)
    exit                                     0x08003ca3   Thumb Code    18  exit.o(.text)
    __user_libspace                          0x08003cb5   Thumb Code     8  libspace.o(.text)
    __user_perproc_libspace                  0x08003cb5   Thumb Code     0  libspace.o(.text)
    __user_perthread_libspace                0x08003cb5   Thumb Code     0  libspace.o(.text)
    _is_digit                                0x08003cbd   Thumb Code    14  __printf_wp.o(i._is_digit)
    F16x16                                   0x08003cca   Data        1024  oled.o(.constdata)
    F6x8                                     0x080040ca   Data         552  oled.o(.constdata)
    F8X16                                    0x080042f2   Data        1520  oled.o(.constdata)
    Region$$Table$$Base                      0x080048f4   Number         0  anon$$obj.o(Region$$Table)
    Region$$Table$$Limit                     0x08004914   Number         0  anon$$obj.o(Region$$Table)
    BMP1                                     0x20000000   Data        1024  main.o(.data)
    wifi                                     0x20000400   Data          20  main.o(.data)
    password                                 0x20000414   Data          20  main.o(.data)
    meter                                    0x20000428   Data           8  stm32f10x_it.o(.data)
    __stdout                                 0x20000448   Data           4  bsp.o(.data)
    VS1838_data                              0x2000044c   Data           4  vs1838b.o(.data)
    VS1838_flag                              0x20000450   Data           1  vs1838b.o(.data)
    VS1838_cnt                               0x20000451   Data           1  vs1838b.o(.data)
    IR_User                                  0x20000452   Data           1  vs1838b.o(.data)
    IR_UserShit                              0x20000453   Data           1  vs1838b.o(.data)
    IR_Data                                  0x20000454   Data           1  vs1838b.o(.data)
    IR_DataShit                              0x20000455   Data           1  vs1838b.o(.data)
    SystemCoreClock                          0x20000458   Data           4  system_stm32f10x.o(.data)
    AHBPrescTable                            0x2000045c   Data          16  system_stm32f10x.o(.data)
    Tick                                     0x2000046c   Data          16  main.o(.bss)
    buf_uart1                                0x2000047c   Data         206  main.o(.bss)
    buf_uart2                                0x2000054a   Data         206  main.o(.bss)
    Recwifi_data                             0x20000618   Data          50  esp8266.o(.bss)
    __libspace_start                         0x2000064c   Data          96  libspace.o(.bss)
    __temporary_stack_top$libspace           0x200006ac   Data           0  libspace.o(.bss)



==============================================================================

Memory Map of the image

  Image Entry point : 0x080000ed

  Load Region LR_IROM1 (Base: 0x08000000, Size: 0x00004d80, Max: 0x00010000, ABSOLUTE, COMPRESSED[0x00004a58])

    Execution Region ER_IROM1 (Base: 0x08000000, Size: 0x00004914, Max: 0x00010000, ABSOLUTE)

    Base Addr    Size         Type   Attr      Idx    E Section Name        Object

    0x08000000   0x000000ec   Data   RO          519    RESET               startup_stm32f10x_md.o
    0x080000ec   0x00000008   Code   RO          571  * !!!main             c_w.l(__main.o)
    0x080000f4   0x00000034   Code   RO          745    !!!scatter          c_w.l(__scatter.o)
    0x08000128   0x0000005a   Code   RO          743    !!dczerorl2         c_w.l(__dczerorl2.o)
    0x08000182   0x00000002   PAD
    0x08000184   0x0000001c   Code   RO          747    !!handler_zi        c_w.l(__scatter_zi.o)
    0x080001a0   0x00000000   Code   RO          564    .ARM.Collect$$_printf_percent$$00000000  c_w.l(_printf_percent.o)
    0x080001a0   0x00000006   Code   RO          563    .ARM.Collect$$_printf_percent$$00000009  c_w.l(_printf_d.o)
    0x080001a6   0x00000006   Code   RO          562    .ARM.Collect$$_printf_percent$$00000014  c_w.l(_printf_s.o)
    0x080001ac   0x00000004   Code   RO          586    .ARM.Collect$$_printf_percent$$00000017  c_w.l(_printf_percent_end.o)
    0x080001b0   0x00000002   Code   RO          617    .ARM.Collect$$libinit$$00000000  c_w.l(libinit.o)
    0x080001b2   0x00000000   Code   RO          624    .ARM.Collect$$libinit$$00000002  c_w.l(libinit2.o)
    0x080001b2   0x00000000   Code   RO          626    .ARM.Collect$$libinit$$00000004  c_w.l(libinit2.o)
    0x080001b2   0x00000000   Code   RO          629    .ARM.Collect$$libinit$$0000000A  c_w.l(libinit2.o)
    0x080001b2   0x00000000   Code   RO          631    .ARM.Collect$$libinit$$0000000C  c_w.l(libinit2.o)
    0x080001b2   0x00000000   Code   RO          633    .ARM.Collect$$libinit$$0000000E  c_w.l(libinit2.o)
    0x080001b2   0x00000000   Code   RO          636    .ARM.Collect$$libinit$$00000011  c_w.l(libinit2.o)
    0x080001b2   0x00000000   Code   RO          638    .ARM.Collect$$libinit$$00000013  c_w.l(libinit2.o)
    0x080001b2   0x00000000   Code   RO          640    .ARM.Collect$$libinit$$00000015  c_w.l(libinit2.o)
    0x080001b2   0x00000000   Code   RO          642    .ARM.Collect$$libinit$$00000017  c_w.l(libinit2.o)
    0x080001b2   0x00000000   Code   RO          644    .ARM.Collect$$libinit$$00000019  c_w.l(libinit2.o)
    0x080001b2   0x00000000   Code   RO          646    .ARM.Collect$$libinit$$0000001B  c_w.l(libinit2.o)
    0x080001b2   0x00000000   Code   RO          648    .ARM.Collect$$libinit$$0000001D  c_w.l(libinit2.o)
    0x080001b2   0x00000000   Code   RO          650    .ARM.Collect$$libinit$$0000001F  c_w.l(libinit2.o)
    0x080001b2   0x00000000   Code   RO          652    .ARM.Collect$$libinit$$00000021  c_w.l(libinit2.o)
    0x080001b2   0x00000000   Code   RO          654    .ARM.Collect$$libinit$$00000023  c_w.l(libinit2.o)
    0x080001b2   0x00000000   Code   RO          656    .ARM.Collect$$libinit$$00000025  c_w.l(libinit2.o)
    0x080001b2   0x00000000   Code   RO          660    .ARM.Collect$$libinit$$0000002C  c_w.l(libinit2.o)
    0x080001b2   0x00000000   Code   RO          662    .ARM.Collect$$libinit$$0000002E  c_w.l(libinit2.o)
    0x080001b2   0x00000000   Code   RO          664    .ARM.Collect$$libinit$$00000030  c_w.l(libinit2.o)
    0x080001b2   0x00000000   Code   RO          666    .ARM.Collect$$libinit$$00000032  c_w.l(libinit2.o)
    0x080001b2   0x00000002   Code   RO          667    .ARM.Collect$$libinit$$00000033  c_w.l(libinit2.o)
    0x080001b4   0x00000002   Code   RO          685    .ARM.Collect$$libshutdown$$00000000  c_w.l(libshutdown.o)
    0x080001b6   0x00000000   Code   RO          695    .ARM.Collect$$libshutdown$$00000002  c_w.l(libshutdown2.o)
    0x080001b6   0x00000000   Code   RO          697    .ARM.Collect$$libshutdown$$00000004  c_w.l(libshutdown2.o)
    0x080001b6   0x00000000   Code   RO          700    .ARM.Collect$$libshutdown$$00000007  c_w.l(libshutdown2.o)
    0x080001b6   0x00000000   Code   RO          703    .ARM.Collect$$libshutdown$$0000000A  c_w.l(libshutdown2.o)
    0x080001b6   0x00000000   Code   RO          705    .ARM.Collect$$libshutdown$$0000000C  c_w.l(libshutdown2.o)
    0x080001b6   0x00000000   Code   RO          708    .ARM.Collect$$libshutdown$$0000000F  c_w.l(libshutdown2.o)
    0x080001b6   0x00000002   Code   RO          709    .ARM.Collect$$libshutdown$$00000010  c_w.l(libshutdown2.o)
    0x080001b8   0x00000000   Code   RO          575    .ARM.Collect$$rtentry$$00000000  c_w.l(__rtentry.o)
    0x080001b8   0x00000000   Code   RO          588    .ARM.Collect$$rtentry$$00000002  c_w.l(__rtentry2.o)
    0x080001b8   0x00000006   Code   RO          600    .ARM.Collect$$rtentry$$00000004  c_w.l(__rtentry4.o)
    0x080001be   0x00000000   Code   RO          590    .ARM.Collect$$rtentry$$00000009  c_w.l(__rtentry2.o)
    0x080001be   0x00000004   Code   RO          591    .ARM.Collect$$rtentry$$0000000A  c_w.l(__rtentry2.o)
    0x080001c2   0x00000000   Code   RO          593    .ARM.Collect$$rtentry$$0000000C  c_w.l(__rtentry2.o)
    0x080001c2   0x00000008   Code   RO          594    .ARM.Collect$$rtentry$$0000000D  c_w.l(__rtentry2.o)
    0x080001ca   0x00000002   Code   RO          621    .ARM.Collect$$rtexit$$00000000  c_w.l(rtexit.o)
    0x080001cc   0x00000000   Code   RO          669    .ARM.Collect$$rtexit$$00000002  c_w.l(rtexit2.o)
    0x080001cc   0x00000004   Code   RO          670    .ARM.Collect$$rtexit$$00000003  c_w.l(rtexit2.o)
    0x080001d0   0x00000006   Code   RO          671    .ARM.Collect$$rtexit$$00000004  c_w.l(rtexit2.o)
    0x080001d6   0x00000002   PAD
    0x080001d8   0x00000390   Code   RO            1    .text               main.o
    0x08000568   0x000001a0   Code   RO          168    .text               stm32f10x_it.o
    0x08000708   0x000003a4   Code   RO          187    .text               stm32f10x_rcc.o
    0x08000aac   0x00000408   Code   RO          201    .text               stm32f10x_usart.o
    0x08000eb4   0x000000dc   Code   RO          213    .text               misc.o
    0x08000f90   0x0000035c   Code   RO          225    .text               stm32f10x_gpio.o
    0x080012ec   0x00000e1a   Code   RO          237    .text               stm32f10x_tim.o
    0x08002106   0x00000002   PAD
    0x08002108   0x0000044e   Code   RO          249    .text               stm32f10x_adc.o
    0x08002556   0x00000002   PAD
    0x08002558   0x0000011c   Code   RO          285    .text               stm32f10x_exti.o
    0x08002674   0x000000cc   Code   RO          333    .text               delay.o
    0x08002740   0x00000050   Code   RO          351    .text               key.o
    0x08002790   0x0000033c   Code   RO          363    .text               bsp.o
    0x08002acc   0x00000478   Code   RO          399    .text               oled.o
    0x08002f44   0x0000027c   Code   RO          415    .text               esp8266.o
    0x080031c0   0x00000098   Code   RO          432    .text               pwm.o
    0x08003258   0x0000002c   Code   RO          444    .text               sensor.o
    0x08003284   0x00000294   Code   RO          456    .text               vs1838b.o
    0x08003518   0x00000128   Code   RO          477    .text               adc.o
    0x08003640   0x000001e0   Code   RO          499    .text               system_stm32f10x.o
    0x08003820   0x00000040   Code   RO          520    .text               startup_stm32f10x_md.o
    0x08003860   0x00000002   Code   RO          526    .text               c_w.l(use_no_semi_2.o)
    0x08003862   0x00000002   PAD
    0x08003864   0x00000018   Code   RO          532    .text               c_w.l(noretval__2printf.o)
    0x0800387c   0x00000028   Code   RO          534    .text               c_w.l(noretval__2sprintf.o)
    0x080038a4   0x00000052   Code   RO          538    .text               c_w.l(_printf_str.o)
    0x080038f6   0x00000002   PAD
    0x080038f8   0x00000078   Code   RO          540    .text               c_w.l(_printf_dec.o)
    0x08003970   0x00000138   Code   RO          554    .text               c_w.l(__printf_flags_wp.o)
    0x08003aa8   0x00000024   Code   RO          565    .text               c_w.l(strstr.o)
    0x08003acc   0x0000003e   Code   RO          567    .text               c_w.l(strlen.o)
    0x08003b0a   0x00000006   Code   RO          569    .text               c_w.l(heapauxi.o)
    0x08003b10   0x00000002   Code   RO          573    .text               c_w.l(use_no_semi.o)
    0x08003b12   0x000000b2   Code   RO          576    .text               c_w.l(_printf_intcommon.o)
    0x08003bc4   0x00000030   Code   RO          578    .text               c_w.l(_printf_char_common.o)
    0x08003bf4   0x0000000a   Code   RO          580    .text               c_w.l(_sputc.o)
    0x08003bfe   0x0000002c   Code   RO          582    .text               c_w.l(_printf_char.o)
    0x08003c2a   0x00000002   PAD
    0x08003c2c   0x00000024   Code   RO          584    .text               c_w.l(_printf_char_file.o)
    0x08003c50   0x00000008   Code   RO          604    .text               c_w.l(ferror.o)
    0x08003c58   0x0000004a   Code   RO          608    .text               c_w.l(sys_stackheap_outer.o)
    0x08003ca2   0x00000012   Code   RO          610    .text               c_w.l(exit.o)
    0x08003cb4   0x00000008   Code   RO          618    .text               c_w.l(libspace.o)
    0x08003cbc   0x0000000e   Code   RO          552    i._is_digit         c_w.l(__printf_wp.o)
    0x08003cca   0x00000c18   Data   RO          400    .constdata          oled.o
    0x080048e2   0x00000011   Data   RO          555    .constdata          c_w.l(__printf_flags_wp.o)
    0x080048f3   0x00000001   PAD
    0x080048f4   0x00000020   Data   RO          741    Region$$Table       anon$$obj.o


    Execution Region RW_IRAM1 (Base: 0x20000000, Size: 0x00000cb0, Max: 0x00005000, ABSOLUTE, COMPRESSED[0x00000144])

    Base Addr    Size         Type   Attr      Idx    E Section Name        Object

    0x20000000   0x00000428   Data   RW            3    .data               main.o
    0x20000428   0x00000008   Data   RW          169    .data               stm32f10x_it.o
    0x20000430   0x00000014   Data   RW          188    .data               stm32f10x_rcc.o
    0x20000444   0x00000004   Data   RW          334    .data               delay.o
    0x20000448   0x00000004   Data   RW          364    .data               bsp.o
    0x2000044c   0x0000000a   Data   RW          457    .data               vs1838b.o
    0x20000456   0x00000002   PAD
    0x20000458   0x00000014   Data   RW          500    .data               system_stm32f10x.o
    0x2000046c   0x000001ac   Zero   RW            2    .bss                main.o
    0x20000618   0x00000032   Zero   RW          416    .bss                esp8266.o
    0x2000064a   0x00000002   PAD
    0x2000064c   0x00000060   Zero   RW          619    .bss                c_w.l(libspace.o)
    0x200006ac   0x00000004   PAD
    0x200006b0   0x00000200   Zero   RW          518    HEAP                startup_stm32f10x_md.o
    0x200008b0   0x00000400   Zero   RW          517    STACK               startup_stm32f10x_md.o


==============================================================================

Image component sizes


      Code (inc. data)   RO Data    RW Data    ZI Data      Debug   Object Name

       296          8          0          0          0       1315   adc.o
       828         22          0          4          0       5361   bsp.o
       204         10          0          4          0       1371   delay.o
       636        290          0          0         50       2293   esp8266.o
        80         10          0          0          0        853   key.o
       912        152          0       1064        428     267761   main.o
       220         22          0          0          0       2049   misc.o
      1144         28       3096          0          0       4808   oled.o
       152          8          0          0          0        800   pwm.o
        44          6          0          0          0        565   sensor.o
        64         26        236          0       1536        964   startup_stm32f10x_md.o
      1102         26          0          0          0      11285   stm32f10x_adc.o
       284         10          0          0          0       2503   stm32f10x_exti.o
       860         38          0          0          0       5977   stm32f10x_gpio.o
       416         20          0          8          0       3858   stm32f10x_it.o
       932         36          0         20          0       9256   stm32f10x_rcc.o
      3610         88          0          0          0      23088   stm32f10x_tim.o
      1032         22          0          0          0       8708   stm32f10x_usart.o
         0          0          0          0          0         32   sys.o
       480         38          0         20          0       2259   system_stm32f10x.o
       660         62          0         10          0       2759   vs1838b.o

    ----------------------------------------------------------------------
     13960        922       3364       1132       2016     357865   Object Totals
         0          0         32          0          0          0   (incl. Generated)
         4          0          0          2          2          0   (incl. Padding)

    ----------------------------------------------------------------------

      Code (inc. data)   RO Data    RW Data    ZI Data      Debug   Library Member Name

        90          0          0          0          0          0   __dczerorl2.o
         8          0          0          0          0         68   __main.o
       312          4         17          0          0         92   __printf_flags_wp.o
        14          0          0          0          0         68   __printf_wp.o
         0          0          0          0          0          0   __rtentry.o
        12          0          0          0          0          0   __rtentry2.o
         6          0          0          0          0          0   __rtentry4.o
        52          8          0          0          0          0   __scatter.o
        28          0          0          0          0          0   __scatter_zi.o
        44          0          0          0          0        108   _printf_char.o
        48          6          0          0          0         96   _printf_char_common.o
        36          4          0          0          0         80   _printf_char_file.o
         6          0          0          0          0          0   _printf_d.o
       120         16          0          0          0         92   _printf_dec.o
       178          0          0          0          0         88   _printf_intcommon.o
         0          0          0          0          0          0   _printf_percent.o
         4          0          0          0          0          0   _printf_percent_end.o
         6          0          0          0          0          0   _printf_s.o
        82          0          0          0          0         80   _printf_str.o
        10          0          0          0          0         68   _sputc.o
        18          0          0          0          0         80   exit.o
         8          0          0          0          0         68   ferror.o
         6          0          0          0          0        152   heapauxi.o
         2          0          0          0          0          0   libinit.o
         2          0          0          0          0          0   libinit2.o
         2          0          0          0          0          0   libshutdown.o
         2          0          0          0          0          0   libshutdown2.o
         8          4          0          0         96         68   libspace.o
        24          4          0          0          0         84   noretval__2printf.o
        40          6          0          0          0         84   noretval__2sprintf.o
         2          0          0          0          0          0   rtexit.o
        10          0          0          0          0          0   rtexit2.o
        62          0          0          0          0         76   strlen.o
        36          0          0          0          0         80   strstr.o
        74          0          0          0          0         80   sys_stackheap_outer.o
         2          0          0          0          0         68   use_no_semi.o
         2          0          0          0          0         68   use_no_semi_2.o

    ----------------------------------------------------------------------
      1366         52         18          0        100       1748   Library Totals
        10          0          1          0          4          0   (incl. Padding)

    ----------------------------------------------------------------------

      Code (inc. data)   RO Data    RW Data    ZI Data      Debug   Library Name

      1356         52         17          0         96       1748   c_w.l

    ----------------------------------------------------------------------
      1366         52         18          0        100       1748   Library Totals

    ----------------------------------------------------------------------

==============================================================================


      Code (inc. data)   RO Data    RW Data    ZI Data      Debug   

     15326        974       3382       1132       2116     357009   Grand Totals
     15326        974       3382        324       2116     357009   ELF Image Totals (compressed)
     15326        974       3382        324          0          0   ROM Totals

==============================================================================

    Total RO  Size (Code + RO Data)                18708 (  18.27kB)
    Total RW  Size (RW Data + ZI Data)              3248 (   3.17kB)
    Total ROM Size (Code + RO Data + RW Data)      19032 (  18.59kB)

==============================================================================

